Archive member included to satisfy reference by file (symbol)

C:/Program Files (x86)/Arm GNU Toolchain arm-none-eabi/14.2 rel1/bin/../lib/gcc/arm-none-eabi/14.2.1/thumb/v6-m/nofp\libgcc.a(_dvmd_tls.o)
                              CMakeFiles/pico_gamepad_host.dir/G_/PowerA_Controller_Project/pico-sdk/src/rp2_common/pico_divider/divider_hardware.S.obj (__aeabi_idiv0)
C:/Program Files (x86)/Arm GNU Toolchain arm-none-eabi/14.2 rel1/bin/../lib/gcc/arm-none-eabi/14.2.1/thumb/v6-m/nofp\libg.a(libc_a-calloc.o)
                              CMakeFiles/pico_gamepad_host.dir/G_/PowerA_Controller_Project/pico-sdk/src/rp2_common/pico_malloc/malloc.c.obj (calloc)
C:/Program Files (x86)/Arm GNU Toolchain arm-none-eabi/14.2 rel1/bin/../lib/gcc/arm-none-eabi/14.2.1/thumb/v6-m/nofp\libg.a(libc_a-callocr.o)
                              C:/Program Files (x86)/Arm GNU Toolchain arm-none-eabi/14.2 rel1/bin/../lib/gcc/arm-none-eabi/14.2.1/thumb/v6-m/nofp\libg.a(libc_a-calloc.o) (_calloc_r)
C:/Program Files (x86)/Arm GNU Toolchain arm-none-eabi/14.2 rel1/bin/../lib/gcc/arm-none-eabi/14.2.1/thumb/v6-m/nofp\libg.a(libc_a-malloc.o)
                              CMakeFiles/pico_gamepad_host.dir/G_/PowerA_Controller_Project/pico-sdk/src/rp2_common/pico_malloc/malloc.c.obj (malloc)
C:/Program Files (x86)/Arm GNU Toolchain arm-none-eabi/14.2 rel1/bin/../lib/gcc/arm-none-eabi/14.2.1/thumb/v6-m/nofp\libg.a(libc_a-mallocr.o)
                              C:/Program Files (x86)/Arm GNU Toolchain arm-none-eabi/14.2 rel1/bin/../lib/gcc/arm-none-eabi/14.2.1/thumb/v6-m/nofp\libg.a(libc_a-callocr.o) (_malloc_r)
C:/Program Files (x86)/Arm GNU Toolchain arm-none-eabi/14.2 rel1/bin/../lib/gcc/arm-none-eabi/14.2.1/thumb/v6-m/nofp\libg.a(libc_a-mlock.o)
                              C:/Program Files (x86)/Arm GNU Toolchain arm-none-eabi/14.2 rel1/bin/../lib/gcc/arm-none-eabi/14.2.1/thumb/v6-m/nofp\libg.a(libc_a-mallocr.o) (__malloc_lock)
C:/Program Files (x86)/Arm GNU Toolchain arm-none-eabi/14.2 rel1/bin/../lib/gcc/arm-none-eabi/14.2.1/thumb/v6-m/nofp\libg.a(libc_a-realloc.o)
                              CMakeFiles/pico_gamepad_host.dir/G_/PowerA_Controller_Project/pico-sdk/src/rp2_common/pico_malloc/malloc.c.obj (realloc)
C:/Program Files (x86)/Arm GNU Toolchain arm-none-eabi/14.2 rel1/bin/../lib/gcc/arm-none-eabi/14.2.1/thumb/v6-m/nofp\libg.a(libc_a-reallocr.o)
                              C:/Program Files (x86)/Arm GNU Toolchain arm-none-eabi/14.2 rel1/bin/../lib/gcc/arm-none-eabi/14.2.1/thumb/v6-m/nofp\libg.a(libc_a-realloc.o) (_realloc_r)
C:/Program Files (x86)/Arm GNU Toolchain arm-none-eabi/14.2 rel1/bin/../lib/gcc/arm-none-eabi/14.2.1/thumb/v6-m/nofp\libg.a(libc_a-memcmp.o)
                              CMakeFiles/pico_gamepad_host.dir/G_/PowerA_Controller_Project/pico-sdk/src/rp2_common/pico_atomic/atomic.c.obj (memcmp)
C:/Program Files (x86)/Arm GNU Toolchain arm-none-eabi/14.2 rel1/bin/../lib/gcc/arm-none-eabi/14.2.1/thumb/v6-m/nofp\libg.a(libc_a-memmove.o)
                              C:/Program Files (x86)/Arm GNU Toolchain arm-none-eabi/14.2 rel1/bin/../lib/gcc/arm-none-eabi/14.2.1/thumb/v6-m/nofp\libg.a(libc_a-reallocr.o) (memmove)
C:/Program Files (x86)/Arm GNU Toolchain arm-none-eabi/14.2 rel1/bin/../lib/gcc/arm-none-eabi/14.2.1/thumb/v6-m/nofp\libg.a(libc_a-lcltime_r.o)
                              CMakeFiles/pico_gamepad_host.dir/G_/PowerA_Controller_Project/pico-sdk/src/common/pico_util/datetime.c.obj (localtime_r)
C:/Program Files (x86)/Arm GNU Toolchain arm-none-eabi/14.2 rel1/bin/../lib/gcc/arm-none-eabi/14.2.1/thumb/v6-m/nofp\libg.a(libc_a-mktime.o)
                              CMakeFiles/pico_gamepad_host.dir/G_/PowerA_Controller_Project/pico-sdk/src/common/pico_util/datetime.c.obj (mktime)
C:/Program Files (x86)/Arm GNU Toolchain arm-none-eabi/14.2 rel1/bin/../lib/gcc/arm-none-eabi/14.2.1/thumb/v6-m/nofp\libg.a(libc_a-month_lengths.o)
                              C:/Program Files (x86)/Arm GNU Toolchain arm-none-eabi/14.2 rel1/bin/../lib/gcc/arm-none-eabi/14.2.1/thumb/v6-m/nofp\libg.a(libc_a-lcltime_r.o) (__month_lengths)
C:/Program Files (x86)/Arm GNU Toolchain arm-none-eabi/14.2 rel1/bin/../lib/gcc/arm-none-eabi/14.2.1/thumb/v6-m/nofp\libg.a(libc_a-tzcalc_limits.o)
                              C:/Program Files (x86)/Arm GNU Toolchain arm-none-eabi/14.2 rel1/bin/../lib/gcc/arm-none-eabi/14.2.1/thumb/v6-m/nofp\libg.a(libc_a-lcltime_r.o) (__tzcalc_limits)
C:/Program Files (x86)/Arm GNU Toolchain arm-none-eabi/14.2 rel1/bin/../lib/gcc/arm-none-eabi/14.2.1/thumb/v6-m/nofp\libg.a(libc_a-tzlock.o)
                              C:/Program Files (x86)/Arm GNU Toolchain arm-none-eabi/14.2 rel1/bin/../lib/gcc/arm-none-eabi/14.2.1/thumb/v6-m/nofp\libg.a(libc_a-lcltime_r.o) (__tz_lock)
C:/Program Files (x86)/Arm GNU Toolchain arm-none-eabi/14.2 rel1/bin/../lib/gcc/arm-none-eabi/14.2.1/thumb/v6-m/nofp\libg.a(libc_a-tzset.o)
[...]
Memory Configuration

Name             Origin             Length             Attributes
FLASH            0x10000000         0x00200000         xr
RAM              0x20000000         0x00040000         xrw
SCRATCH_X        0x20040000         0x00001000         xrw
SCRATCH_Y        0x20041000         0x00001000         xrw
*default*        0x00000000         0xffffffff

Linker script and memory map

LOAD C:/Program Files (x86)/Arm GNU Toolchain arm-none-eabi/14.2 rel1/bin/../lib/gcc/arm-none-eabi/14.2.1/thumb/v6-m/nofp/crti.o
LOAD C:/Program Files (x86)/Arm GNU Toolchain arm-none-eabi/14.2 rel1/bin/../lib/gcc/arm-none-eabi/14.2.1/thumb/v6-m/nofp/crtbegin.o
LOAD C:/Program Files (x86)/Arm GNU Toolchain arm-none-eabi/14.2 rel1/bin/../lib/gcc/arm-none-eabi/14.2.1/thumb/v6-m/nofp/crt0.o

.flash_begin    0x10000000        0x0
                0x10000000                        __flash_binary_start = .

.boot2          0x10000000      0x100
                0x10000000                        __boot2_start__ = .
 *(.boot2)
 .boot2         0x10000000      0x100 pico-sdk/src/rp2040/boot_stage2/CMakeFiles/bs2_default_library.dir/./bs2_default_padded_checksummed.S.obj
                0x10000100                        __boot2_end__ = .
                0x00000001                        ASSERT (((__boot2_end__ - __boot2_start__) == 0x100), ERROR: Pico second stage bootloader must be 256 bytes in size)

.text           0x10000100     0x8cdc
                0x10000100                        __logical_binary_start = .
 *(.vectors)
 .vectors       0x10000100       0xd4 CMakeFiles/pico_gamepad_host.dir/G_/PowerA_Controller_Project/pico-sdk/src/rp2_common/pico_crt0/crt0.S.obj
                0x10000100                __VECTOR_TABLE
                0x10000100                __vectors
                0x100001c0                isr_irq13
                0x100001c0                isr_irq27
                0x100001c0                isr_irq31
                0x100001c0                isr_irq12
                0x100001c0                isr_irq5
                0x100001c0                isr_irq11
                0x100001c0                isr_irq3
                0x100001c0                isr_irq23
                0x100001c0                __unhandled_user_irq
                0x100001c0                isr_irq26
                0x100001c0                isr_irq28
                0x100001c0                isr_irq19
                0x100001c0                isr_irq0
                0x100001c0                isr_irq6
                0x100001c0                isr_irq29
                0x100001c0                isr_irq16
                0x100001c0                isr_irq22
                0x100001c0                isr_irq18
                0x100001c0                isr_irq17
                0x100001c0                isr_irq14
                0x100001c0                __vectors_end
                0x100001c0                __default_isrs_start
                0x100001c0                isr_irq2
                0x100001c0                isr_irq10
                0x100001c0                isr_irq8
                0x100001c0                isr_irq24
                0x100001c0                isr_irq1
                0x100001c0                isr_irq7
                0x100001c0                isr_irq21
                0x100001c0                isr_irq20
                0x100001c0                isr_irq15
                0x100001c0                isr_irq25
                0x100001c0                isr_irq4
                0x100001c0                isr_irq30
                0x100001c0                isr_irq9
                0x100001c6                unhandled_user_irq_num_in_r0
                0x100001c8                isr_invalid
                0x100001ca                isr_nmi
                0x100001cc                isr_hardfault
                0x100001ce                isr_svcall
                0x100001d0                isr_pendsv
                0x100001d2                isr_systick
                0x100001d4                __default_isrs_end
 *(.binary_info_header)
 .binary_info_header
                0x100001d4       0x14 CMakeFiles/pico_gamepad_host.dir/G_/PowerA_Controller_Project/pico-sdk/src/rp2_common/pico_crt0/crt0.S.obj
                0x100001e8                        __binary_info_header_end = .
 *(.embedded_block)
                0x100001e8                        __embedded_block_end = .
 *(.reset)
 .reset         0x100001e8       0x9c CMakeFiles/pico_gamepad_host.dir/G_/PowerA_Controller_Project/pico-sdk/src/rp2_common/pico_crt0/crt0.S.obj
                0x100001e8                _entry_point
 *(.init)
 .init          0x10000284        0x4 C:/Program Files (x86)/Arm GNU Toolchain arm-none-eabi/14.2 rel1/bin/../lib/gcc/arm-none-eabi/14.2.1/thumb/v6-m/nofp/crti.o
                0x10000284                _init
 *(EXCLUDE_FILE(*libm.a: *libc.a:*lib_a-mem*.o *libgcc.a:) .text*)
 .text.register_tm_clones
                0x10000288       0x28 C:/Program Files (x86)/Arm GNU Toolchain arm-none-eabi/14.2 rel1/bin/../lib/gcc/arm-none-eabi/14.2.1/thumb/v6-m/nofp/crtbegin.o
 .text.frame_dummy
                0x100002b0       0x24 C:/Program Files (x86)/Arm GNU Toolchain arm-none-eabi/14.2 rel1/bin/../lib/gcc/arm-none-eabi/14.2.1/thumb/v6-m/nofp/crtbegin.o
 .text.nrf_write_register
                0x100002d4       0x44 CMakeFiles/pico_gamepad_host.dir/main.c.obj
 .text.nrf_write_register_multi.constprop.0
                0x10000318       0x3c CMakeFiles/pico_gamepad_host.dir/main.c.obj
 .text.build_and_send_payload.constprop.0
                0x10000354      0x38c CMakeFiles/pico_gamepad_host.dir/main.c.obj
 .text.usbh_app_driver_get_cb
                0x100006e0        0xc CMakeFiles/pico_gamepad_host.dir/main.c.obj
                0x100006e0                usbh_app_driver_get_cb
 .text.tuh_xinput_mount_cb
                0x100006ec       0xd8 CMakeFiles/pico_gamepad_host.dir/main.c.obj
                0x100006ec                tuh_xinput_mount_cb
 .text.tuh_xinput_umount_cb
                0x100007c4       0x34 CMakeFiles/pico_gamepad_host.dir/main.c.obj
                0x100007c4                tuh_xinput_umount_cb
 .text.tuh_xinput_report_received_cb
                0x100007f8      0x2b4 CMakeFiles/pico_gamepad_host.dir/main.c.obj
                0x100007f8                tuh_xinput_report_received_cb
 .text.startup.main
                0x10000aac      0x4d4 CMakeFiles/pico_gamepad_host.dir/main.c.obj
                0x10000aac                main
 .text.gpio_set_function
                0x10000f80       0x34 CMakeFiles/pico_gamepad_host.dir/G_/PowerA_Controller_Project/pico-sdk/src/rp2_common/hardware_gpio/gpio.c.obj
                0x10000f80                gpio_set_function
 .text.gpio_init
                0x10000fb4       0x40 CMakeFiles/pico_gamepad_host.dir/G_/PowerA_Controller_Project/pico-sdk/src/rp2_common/hardware_gpio/gpio.c.obj
                0x10000fb4                gpio_init
 .text.panic    0x10000ff4       0x30 CMakeFiles/pico_gamepad_host.dir/G_/PowerA_Controller_Project/pico-sdk/src/rp2_common/pico_platform_panic/panic.c.obj
                0x10000ff4                panic
 .text.hw_claim_or_assert
                0x10001024       0x44 CMakeFiles/pico_gamepad_host.dir/G_/PowerA_Controller_Project/pico-sdk/src/common/hardware_claim/claim.c.obj
                0x10001024                hw_claim_or_assert
 .text.hw_claim_unused_from_range
                0x10001068       0x88 CMakeFiles/pico_gamepad_host.dir/G_/PowerA_Controller_Project/pico-sdk/src/common/hardware_claim/claim.c.obj
                0x10001068                hw_claim_unused_from_range
 .text.next_striped_spin_lock_num
                0x100010f0       0x18 CMakeFiles/pico_gamepad_host.dir/G_/PowerA_Controller_Project/pico-sdk/src/rp2_common/hardware_sync/sync.c.obj
                0x100010f0                next_striped_spin_lock_num
 .text.spin_lock_claim_unused
                0x10001108       0x24 CMakeFiles/pico_gamepad_host.dir/G_/PowerA_Controller_Project/pico-sdk/src/rp2_common/hardware_sync/sync.c.obj
                0x10001108                spin_lock_claim_unused
 .text.spin_locks_reset
                0x1000112c       0x1c CMakeFiles/pico_gamepad_host.dir/G_/PowerA_Controller_Project/pico-sdk/src/rp2_common/hardware_sync_spin_lock/sync_spin_lock.c.obj
                0x1000112c                spin_locks_reset
 .text.runtime_init_per_core_irq_priorities
                0x10001148       0x24 CMakeFiles/pico_gamepad_host.dir/G_/PowerA_Controller_Project/pico-sdk/src/rp2_common/hardware_irq/irq.c.obj
                0x10001148                runtime_init_per_core_irq_priorities
 .text.irq_set_enabled
                0x1000116c       0x24 CMakeFiles/pico_gamepad_host.dir/G_/PowerA_Controller_Project/pico-sdk/src/rp2_common/hardware_irq/irq.c.obj
                0x1000116c                irq_set_enabled
 .text.irq_set_exclusive_handler
                0x10001190       0x54 CMakeFiles/pico_gamepad_host.dir/G_/PowerA_Controller_Project/pico-sdk/src/rp2_common/hardware_irq/irq.c.obj
                0x10001190                irq_set_exclusive_handler
 .text.irq_add_shared_handler
                0x100011e4      0x1f4 CMakeFiles/pico_gamepad_host.dir/G_/PowerA_Controller_Project/pico-sdk/src/rp2_common/hardware_irq/irq.c.obj
                0x100011e4                irq_add_shared_handler
 .text.irq_remove_handler
                0x100013d8      0x1d4 CMakeFiles/pico_gamepad_host.dir/G_/PowerA_Controller_Project/pico-sdk/src/rp2_common/hardware_irq/irq.c.obj
                0x100013d8                irq_remove_handler
 .text.irq_add_tail_to_free_list
                0x100015ac       0xb4 CMakeFiles/pico_gamepad_host.dir/G_/PowerA_Controller_Project/pico-sdk/src/rp2_common/hardware_irq/irq.c.obj
                0x100015ac                irq_add_tail_to_free_list
 .text.lock_init
                0x10001660       0x10 CMakeFiles/pico_gamepad_host.dir/G_/PowerA_Controller_Project/pico-sdk/src/common/pico_sync/lock_core.c.obj
                0x10001660                lock_init
 .text.runtime_init_mutex
                0x10001670       0x50 CMakeFiles/pico_gamepad_host.dir/G_/PowerA_Controller_Project/pico-sdk/src/common/pico_sync/mutex.c.obj
                0x10001670                runtime_init_mutex
 .text.mutex_init
                0x100016c0       0x1c CMakeFiles/pico_gamepad_host.dir/G_/PowerA_Controller_Project/pico-sdk/src/common/pico_sync/mutex.c.obj
                0x100016c0                mutex_init
 .text.critical_section_init
                0x100016dc       0x1c CMakeFiles/pico_gamepad_host.dir/G_/PowerA_Controller_Project/pico-sdk/src/common/pico_sync/critical_section.c.obj
                0x100016dc                critical_section_init
 .text.sleep_until_callback
                0x100016f8       0x30 CMakeFiles/pico_gamepad_host.dir/G_/PowerA_Controller_Project/pico-sdk/src/common/pico_time/time.c.obj
 .text.alarm_pool_irq_handler
                0x10001728      0x300 CMakeFiles/pico_gamepad_host.dir/G_/PowerA_Controller_Project/pico-sdk/src/common/pico_time/time.c.obj
 .text.runtime_init_default_alarm_pool
                0x10001a28       0xdc CMakeFiles/pico_gamepad_host.dir/G_/PowerA_Controller_Project/pico-sdk/src/common/pico_time/time.c.obj
                0x10001a28                runtime_init_default_alarm_pool
 .text.alarm_pool_add_alarm_at_force_in_context
                0x10001b04       0xb0 CMakeFiles/pico_gamepad_host.dir/G_/PowerA_Controller_Project/pico-sdk/src/common/pico_time/time.c.obj
                0x10001b04                alarm_pool_add_alarm_at_force_in_context
 .text.alarm_pool_cancel_alarm
                0x10001bb4       0x74 CMakeFiles/pico_gamepad_host.dir/G_/PowerA_Controller_Project/pico-sdk/src/common/pico_time/time.c.obj
                0x10001bb4                alarm_pool_cancel_alarm
 .text.sleep_ms
                0x10001c28       0xfc CMakeFiles/pico_gamepad_host.dir/G_/PowerA_Controller_Project/pico-sdk/src/common/pico_time/time.c.obj
                0x10001c28                sleep_ms
 .text.best_effort_wfe_or_timeout
                0x10001d24      0x10c CMakeFiles/pico_gamepad_host.dir/G_/PowerA_Controller_Project/pico-sdk/src/common/pico_time/time.c.obj
                0x10001d24                best_effort_wfe_or_timeout
 .text.timer_hardware_alarm_claim
                0x10001e30       0x14 CMakeFiles/pico_gamepad_host.dir/G_/PowerA_Controller_Project/pico-sdk/src/rp2_common/hardware_timer/timer.c.obj
                0x10001e30                timer_hardware_alarm_claim
 .text.timer_time_us_64
                0x10001e44       0x10 CMakeFiles/pico_gamepad_host.dir/G_/PowerA_Controller_Project/pico-sdk/src/rp2_common/hardware_timer/timer.c.obj
                0x10001e44                timer_time_us_64
 .text.time_us_64
                0x10001e54       0x14 CMakeFiles/pico_gamepad_host.dir/G_/PowerA_Controller_Project/pico-sdk/src/rp2_common/hardware_timer/timer.c.obj
                0x10001e54                time_us_64
 .text.busy_wait_us
                0x10001e68       0x68 CMakeFiles/pico_gamepad_host.dir/G_/PowerA_Controller_Project/pico-sdk/src/rp2_common/hardware_timer/timer.c.obj
                0x10001e68                busy_wait_us
 .text.busy_wait_until
                0x10001ed0       0x20 CMakeFiles/pico_gamepad_host.dir/G_/PowerA_Controller_Project/pico-sdk/src/rp2_common/hardware_timer/timer.c.obj
                0x10001ed0                busy_wait_until
 .text.uart_init
                0x10001ef0      0x120 CMakeFiles/pico_gamepad_host.dir/G_/PowerA_Controller_Project/pico-sdk/src/rp2_common/hardware_uart/uart.c.obj
                0x10001ef0                uart_init
 .text.clock_configure_int_divider
                0x10002010       0xf4 CMakeFiles/pico_gamepad_host.dir/G_/PowerA_Controller_Project/pico-sdk/src/rp2_common/hardware_clocks/clocks.c.obj
                0x10002010                clock_configure_int_divider
 .text.clock_configure_undivided
                0x10002104       0xe8 CMakeFiles/pico_gamepad_host.dir/G_/PowerA_Controller_Project/pico-sdk/src/rp2_common/hardware_clocks/clocks.c.obj
                0x10002104                clock_configure_undivided
 .text.clock_get_hz
                0x100021ec        0xc CMakeFiles/pico_gamepad_host.dir/G_/PowerA_Controller_Project/pico-sdk/src/rp2_common/hardware_clocks/clocks.c.obj
                0x100021ec                clock_get_hz
 .text.pll_init
                0x100021f8       0xa4 CMakeFiles/pico_gamepad_host.dir/G_/PowerA_Controller_Project/pico-sdk/src/rp2_common/hardware_pll/pll.c.obj
                0x100021f8                pll_init
 .text.tick_start
                0x1000229c       0x10 CMakeFiles/pico_gamepad_host.dir/G_/PowerA_Controller_Project/pico-sdk/src/rp2_common/hardware_ticks/ticks.c.obj
                0x1000229c                tick_start
 .text.rom_func_lookup
                0x100022ac       0x10 CMakeFiles/pico_gamepad_host.dir/G_/PowerA_Controller_Project/pico-sdk/src/rp2_common/pico_bootrom/bootrom.c.obj
                0x100022ac                rom_func_lookup
 .text.rom_data_lookup
                0x100022bc       0x10 CMakeFiles/pico_gamepad_host.dir/G_/PowerA_Controller_Project/pico-sdk/src/rp2_common/pico_bootrom/bootrom.c.obj
                0x100022bc                rom_data_lookup
 .text.rom_funcs_lookup
                0x100022cc       0x44 CMakeFiles/pico_gamepad_host.dir/G_/PowerA_Controller_Project/pico-sdk/src/rp2_common/pico_bootrom/bootrom.c.obj
                0x100022cc                rom_funcs_lookup
 .text.xosc_init
                0x10002310       0x28 CMakeFiles/pico_gamepad_host.dir/G_/PowerA_Controller_Project/pico-sdk/src/rp2_common/hardware_xosc/xosc.c.obj
                0x10002310                xosc_init
 .text.first_per_core_initializer
                0x10002338        0x4 CMakeFiles/pico_gamepad_host.dir/G_/PowerA_Controller_Project/pico-sdk/src/rp2_common/pico_runtime/runtime.c.obj
 .text.hard_assertion_failure
                0x1000233c        0xc CMakeFiles/pico_gamepad_host.dir/G_/PowerA_Controller_Project/pico-sdk/src/rp2_common/pico_runtime/runtime.c.obj
                0x1000233c                hard_assertion_failure
 .text.runtime_run_initializers
                0x10002348       0x28 CMakeFiles/pico_gamepad_host.dir/G_/PowerA_Controller_Project/pico-sdk/src/rp2_common/pico_runtime/runtime.c.obj
                0x10002348                runtime_run_initializers
 .text.runtime_init_early_resets
                0x10002370       0x2c CMakeFiles/pico_gamepad_host.dir/G_/PowerA_Controller_Project/pico-sdk/src/rp2_common/pico_runtime_init/runtime_init.c.obj
                0x10002370                runtime_init_early_resets
 .text.runtime_init_usb_power_down
                0x1000239c       0x1c CMakeFiles/pico_gamepad_host.dir/G_/PowerA_Controller_Project/pico-sdk/src/rp2_common/pico_runtime_init/runtime_init.c.obj
                0x1000239c                runtime_init_usb_power_down
 .text.runtime_init_post_clock_resets
                0x100023b8       0x20 CMakeFiles/pico_gamepad_host.dir/G_/PowerA_Controller_Project/pico-sdk/src/rp2_common/pico_runtime_init/runtime_init.c.obj
                0x100023b8                runtime_init_post_clock_resets
 .text.runtime_init_rp2040_gpio_ie_disable
                0x100023d8       0x14 CMakeFiles/pico_gamepad_host.dir/G_/PowerA_Controller_Project/pico-sdk/src/rp2_common/pico_runtime_init/runtime_init.c.obj
                0x100023d8                runtime_init_rp2040_gpio_ie_disable
 .text.runtime_init_spin_locks_reset
                0x100023ec        0x8 CMakeFiles/pico_gamepad_host.dir/G_/PowerA_Controller_Project/pico-sdk/src/rp2_common/pico_runtime_init/runtime_init.c.obj
                0x100023ec                runtime_init_spin_locks_reset
 .text.runtime_init_install_ram_vector_table
                0x100023f4       0xb4 CMakeFiles/pico_gamepad_host.dir/G_/PowerA_Controller_Project/pico-sdk/src/rp2_common/pico_runtime_init/runtime_init.c.obj
                0x100023f4                runtime_init_install_ram_vector_table
 .text.runtime_init_clocks
                0x100024a8       0xd8 CMakeFiles/pico_gamepad_host.dir/G_/PowerA_Controller_Project/pico-sdk/src/rp2_common/pico_runtime_init/runtime_init_clocks.c.obj
                0x100024a8                runtime_init_clocks
 .text          0x10002580       0x10 CMakeFiles/pico_gamepad_host.dir/G_/PowerA_Controller_Project/pico-sdk/src/rp2_common/pico_bit_ops/bit_ops_aeabi.S.obj
 .text.__wrap___aeabi_idiv
                0x10002590       0x50 CMakeFiles/pico_gamepad_host.dir/G_/PowerA_Controller_Project/pico-sdk/src/rp2_common/pico_divider/divider_hardware.S.obj
                0x10002590                __wrap___aeabi_idivmod
                0x10002590                divmod_s32s32
                0x10002590                div_s32s32
                0x10002590                __wrap___aeabi_idiv
                0x10002598                divmod_s32s32_unsafe
                0x100025c4                divmod_s32s32_savestate
 .text.__wrap___aeabi_uidiv
                0x100025e0       0x4c CMakeFiles/pico_gamepad_host.dir/G_/PowerA_Controller_Project/pico-sdk/src/rp2_common/pico_divider/divider_hardware.S.obj
                0x100025e0                __wrap___aeabi_uidiv
                0x100025e0                __wrap___aeabi_uidivmod
                0x100025e0                div_u32u32
                0x100025e0                divmod_u32u32
                0x100025e8                divmod_u32u32_unsafe
                0x10002610                divmod_u32u32_savestate
 .text.__wrap___aeabi_ldiv
                0x1000262c      0x424 CMakeFiles/pico_gamepad_host.dir/G_/PowerA_Controller_Project/pico-sdk/src/rp2_common/pico_divider/divider_hardware.S.obj
                0x1000262c                div_s64s64
                0x1000262c                divmod_s64s64
                0x1000262c                __wrap___aeabi_ldivmod
                0x1000265c                divmod_u64u64
                0x1000265c                div_u64u64
                0x1000265c                __wrap___aeabi_uldivmod
                0x1000266c                divmod_u64u64_savestate
                0x1000268c                divmod_s64s64_unsafe
                0x10002714                divmod_u64u64_unsafe
 .text.__wrap___aeabi_darithmetic
                0x10002a50       0x80 CMakeFiles/pico_gamepad_host.dir/G_/PowerA_Controller_Project/pico-sdk/src/rp2_common/pico_double/double_aeabi_rp2040.S.obj
                0x10002a50                __wrap___aeabi_drsub
                0x10002a56                __wrap___aeabi_dsub
                0x10002a68                __wrap___aeabi_dadd
                0x10002a7a                __wrap___aeabi_ddiv
                0x10002ab6                __wrap___aeabi_dmul
 .text.__wrap___aeabi_cdcmple
                0x10002ad0       0x6c CMakeFiles/pico_gamepad_host.dir/G_/PowerA_Controller_Project/pico-sdk/src/rp2_common/pico_double/double_aeabi_rp2040.S.obj
                0x10002ad0                __wrap___aeabi_cdrcmple
                0x10002ae0                __wrap___aeabi_cdcmpeq
                0x10002ae0                __wrap___aeabi_cdcmple
 .text.__wrap___aeabi_dcmplt
                0x10002b3c        0xc CMakeFiles/pico_gamepad_host.dir/G_/PowerA_Controller_Project/pico-sdk/src/rp2_common/pico_double/double_aeabi_rp2040.S.obj
                0x10002b3c                __wrap___aeabi_dcmplt
 .text.__wrap___aeabi_dcmple
                0x10002b48       0x10 CMakeFiles/pico_gamepad_host.dir/G_/PowerA_Controller_Project/pico-sdk/src/rp2_common/pico_double/double_aeabi_rp2040.S.obj
                0x10002b48                __wrap___aeabi_dcmple
 .text.__wrap___aeabi_dcmpge
                0x10002b58       0x10 CMakeFiles/pico_gamepad_host.dir/G_/PowerA_Controller_Project/pico-sdk/src/rp2_common/pico_double/double_aeabi_rp2040.S.obj
                0x10002b58                __wrap___aeabi_dcmpge
 .text.__wrap___aeabi_dcmpgt
                0x10002b68        0xa CMakeFiles/pico_gamepad_host.dir/G_/PowerA_Controller_Project/pico-sdk/src/rp2_common/pico_double/double_aeabi_rp2040.S.obj
                0x10002b68                __wrap___aeabi_dcmpgt
 .text.__wrap___aeabi_dcmpun
                0x10002b72       0x18 CMakeFiles/pico_gamepad_host.dir/G_/PowerA_Controller_Project/pico-sdk/src/rp2_common/pico_double/double_aeabi_rp2040.S.obj
                0x10002b72                __wrap___aeabi_dcmpun
 *fill*         0x10002b8a        0x2 
 .text.__wrap___aeabi_i2d
                0x10002b8c       0x38 CMakeFiles/pico_gamepad_host.dir/G_/PowerA_Controller_Project/pico-sdk/src/rp2_common/pico_double/double_aeabi_rp2040.S.obj
                0x10002b8c                uint2double
                0x10002b8c                __wrap___aeabi_ui2d
                0x10002b94                int2double
                0x10002b94                __wrap___aeabi_i2d
 .text.__wrap___aeabi_d2iz
                0x10002bc4       0x48 CMakeFiles/pico_gamepad_host.dir/G_/PowerA_Controller_Project/pico-sdk/src/rp2_common/pico_double/double_aeabi_rp2040.S.obj
                0x10002bc4                double2int_z
                0x10002bc4                __wrap___aeabi_d2iz
 .text.__wrap___aeabi_d2uiz
                0x10002c0c       0x18 CMakeFiles/pico_gamepad_host.dir/G_/PowerA_Controller_Project/pico-sdk/src/rp2_common/pico_double/double_aeabi_rp2040.S.obj
                0x10002c0c                double2uint
                0x10002c0c                __wrap___aeabi_d2uiz
                0x10002c0c                double2uint_z
 .text.__aeabi_double_init
                0x10002c24       0xa4 CMakeFiles/pico_gamepad_host.dir/G_/PowerA_Controller_Project/pico-sdk/src/rp2_common/pico_double/double_init_rom_rp2040.c.obj
                0x10002c24                __aeabi_double_init
 .text.double_table_shim_on_use_helper
                0x10002cc8       0x2c CMakeFiles/pico_gamepad_host.dir/G_/PowerA_Controller_Project/pico-sdk/src/rp2_common/pico_double/double_v1_rom_shim_rp2040.S.obj
                0x10002cc8                double_table_shim_on_use_helper
 .text.__wrap___aeabi_dsub
                0x10002cf4       0x10 CMakeFiles/pico_gamepad_host.dir/G_/PowerA_Controller_Project/pico-sdk/src/rp2_common/pico_double/double_v1_rom_shim_rp2040.S.obj
                0x10002cf4                drsub_shim
                0x10002cfa                dsub_shim
 .text.dadd_shim
                0x10002d04      0x15c CMakeFiles/pico_gamepad_host.dir/G_/PowerA_Controller_Project/pico-sdk/src/rp2_common/pico_double/double_v1_rom_shim_rp2040.S.obj
                0x10002d04                dadd_shim
 .text.dmul_shim
                0x10002e60      0x15c CMakeFiles/pico_gamepad_host.dir/G_/PowerA_Controller_Project/pico-sdk/src/rp2_common/pico_double/double_v1_rom_shim_rp2040.S.obj
                0x10002e60                dmul_shim
 .text.ddiv_shim
                0x10002fbc      0x1b0 CMakeFiles/pico_gamepad_host.dir/G_/PowerA_Controller_Project/pico-sdk/src/rp2_common/pico_double/double_v1_rom_shim_rp2040.S.obj
                0x10002fbc                ddiv_shim
 .text.double2uint_shim
                0x1000316c        0xe CMakeFiles/pico_gamepad_host.dir/G_/PowerA_Controller_Project/pico-sdk/src/rp2_common/pico_double/double_v1_rom_shim_rp2040.S.obj
                0x1000316c                double2uint_shim
                0x1000316e                double2ufix_shim
 *fill*         0x1000317a        0x2 
 .text.double2uint64_shim
                0x1000317c       0x70 CMakeFiles/pico_gamepad_host.dir/G_/PowerA_Controller_Project/pico-sdk/src/rp2_common/pico_double/double_v1_rom_shim_rp2040.S.obj
                0x1000317c                double2uint64_shim
                0x1000317e                double2ufix64_shim
                0x1000319e                d2fix_a
 .text.dunpacks
                0x100031ec       0x3c CMakeFiles/pico_gamepad_host.dir/G_/PowerA_Controller_Project/pico-sdk/src/rp2_common/pico_double/double_v1_rom_shim_rp2040.S.obj
                0x100031ec                dunpacks
 .text.__aeabi_lmul
                0x10003228       0x32 CMakeFiles/pico_gamepad_host.dir/G_/PowerA_Controller_Project/pico-sdk/src/rp2_common/pico_int64_ops/pico_int64_ops_aeabi.S.obj
                0x10003228                __wrap___aeabi_lmul
 *fill*         0x1000325a        0x2 
 .text.__aeabi_float_init
                0x1000325c       0x64 CMakeFiles/pico_gamepad_host.dir/G_/PowerA_Controller_Project/pico-sdk/src/rp2_common/pico_float/float_init_rom_rp2040.c.obj
                0x1000325c                __aeabi_float_init
 .text.float_table_shim_on_use_helper
                0x100032c0       0x2c CMakeFiles/pico_gamepad_host.dir/G_/PowerA_Controller_Project/pico-sdk/src/rp2_common/pico_float/float_v1_rom_shim_rp2040.S.obj
                0x100032c0                float_table_shim_on_use_helper
 .text          0x100032ec       0x10 CMakeFiles/pico_gamepad_host.dir/G_/PowerA_Controller_Project/pico-sdk/src/rp2_common/pico_mem_ops/mem_ops_aeabi.S.obj
                0x100032ec                __aeabi_mem_init
 .text.memset   0x100032fc        0xc CMakeFiles/pico_gamepad_host.dir/G_/PowerA_Controller_Project/pico-sdk/src/rp2_common/pico_mem_ops/mem_ops_aeabi.S.obj
                0x100032fc                __wrap_memset
 .text.memcpy   0x10003308        0xc CMakeFiles/pico_gamepad_host.dir/G_/PowerA_Controller_Project/pico-sdk/src/rp2_common/pico_mem_ops/mem_ops_aeabi.S.obj
                0x10003308                __wrap_memcpy
                0x10003308                __wrap___aeabi_memcpy
 .text._out_null
                0x10003314        0x4 CMakeFiles/pico_gamepad_host.dir/G_/PowerA_Controller_Project/pico-sdk/src/rp2_common/pico_printf/printf.c.obj
 .text._out_rev
                0x10003318       0xac CMakeFiles/pico_gamepad_host.dir/G_/PowerA_Controller_Project/pico-sdk/src/rp2_common/pico_printf/printf.c.obj
 .text._ntoa_format
                0x100033c4      0x1cc CMakeFiles/pico_gamepad_host.dir/G_/PowerA_Controller_Project/pico-sdk/src/rp2_common/pico_printf/printf.c.obj
 .text._out_char
                0x10003590       0x10 CMakeFiles/pico_gamepad_host.dir/G_/PowerA_Controller_Project/pico-sdk/src/rp2_common/pico_printf/printf.c.obj
 .text._out_fct
                0x100035a0       0x10 CMakeFiles/pico_gamepad_host.dir/G_/PowerA_Controller_Project/pico-sdk/src/rp2_common/pico_printf/printf.c.obj
 .text._ftoa    0x100035b0      0x4a8 CMakeFiles/pico_gamepad_host.dir/G_/PowerA_Controller_Project/pico-sdk/src/rp2_common/pico_printf/printf.c.obj
 .text._etoa    0x10003a58      0x57c CMakeFiles/pico_gamepad_host.dir/G_/PowerA_Controller_Project/pico-sdk/src/rp2_common/pico_printf/printf.c.obj
 .text._vsnprintf
                0x10003fd4      0xbe0 CMakeFiles/pico_gamepad_host.dir/G_/PowerA_Controller_Project/pico-sdk/src/rp2_common/pico_printf/printf.c.obj
 .text.vfctprintf
                0x10004bb4       0x24 CMakeFiles/pico_gamepad_host.dir/G_/PowerA_Controller_Project/pico-sdk/src/rp2_common/pico_printf/printf.c.obj
                0x10004bb4                vfctprintf
 .text.weak_raw_vprintf
                0x10004bd8       0x30 CMakeFiles/pico_gamepad_host.dir/G_/PowerA_Controller_Project/pico-sdk/src/rp2_common/pico_printf/printf.c.obj
                0x10004bd8                weak_raw_vprintf
 .text._exit    0x10004c08        0x4 CMakeFiles/pico_gamepad_host.dir/G_/PowerA_Controller_Project/pico-sdk/src/rp2_common/pico_clib_interface/newlib_interface.c.obj
                0x10004c08                _exit
 .text.exit     0x10004c0c        0x8 CMakeFiles/pico_gamepad_host.dir/G_/PowerA_Controller_Project/pico-sdk/src/rp2_common/pico_clib_interface/newlib_interface.c.obj
                0x10004c0c                exit
 .text.runtime_init
                0x10004c14       0x2c CMakeFiles/pico_gamepad_host.dir/G_/PowerA_Controller_Project/pico-sdk/src/rp2_common/pico_clib_interface/newlib_interface.c.obj
                0x10004c14                runtime_init
 .text.stdio_out_chars_no_crlf
                0x10004c40       0x10 CMakeFiles/pico_gamepad_host.dir/G_/PowerA_Controller_Project/pico-sdk/src/rp2_common/pico_stdio/stdio.c.obj
 .text.stdio_out_chars_crlf
                0x10004c50       0xb0 CMakeFiles/pico_gamepad_host.dir/G_/PowerA_Controller_Project/pico-sdk/src/rp2_common/pico_stdio/stdio.c.obj
 .text.stdio_buffered_printer
                0x10004d00       0x64 CMakeFiles/pico_gamepad_host.dir/G_/PowerA_Controller_Project/pico-sdk/src/rp2_common/pico_stdio/stdio.c.obj
 .text.stdio_put_string
                0x10004d64       0xfc CMakeFiles/pico_gamepad_host.dir/G_/PowerA_Controller_Project/pico-sdk/src/rp2_common/pico_stdio/stdio.c.obj
                0x10004d64                stdio_put_string
 .text.stdio_set_driver_enabled
                0x10004e60       0x30 CMakeFiles/pico_gamepad_host.dir/G_/PowerA_Controller_Project/pico-sdk/src/rp2_common/pico_stdio/stdio.c.obj
                0x10004e60                stdio_set_driver_enabled
 .text.stdio_init_all
                0x10004e90        0xc CMakeFiles/pico_gamepad_host.dir/G_/PowerA_Controller_Project/pico-sdk/src/rp2_common/pico_stdio/stdio.c.obj
                0x10004e90                stdio_init_all
 .text.__wrap_putchar
                0x10004e9c       0x94 CMakeFiles/pico_gamepad_host.dir/G_/PowerA_Controller_Project/pico-sdk/src/rp2_common/pico_stdio/stdio.c.obj
                0x10004e9c                __wrap_putchar
                0x10004e9c                stdio_putchar
 .text.__wrap_puts
                0x10004f30       0x3c CMakeFiles/pico_gamepad_host.dir/G_/PowerA_Controller_Project/pico-sdk/src/rp2_common/pico_stdio/stdio.c.obj
                0x10004f30                stdio_puts
                0x10004f30                __wrap_puts
 .text.__wrap_vprintf
                0x10004f6c       0xcc CMakeFiles/pico_gamepad_host.dir/G_/PowerA_Controller_Project/pico-sdk/src/rp2_common/pico_stdio/stdio.c.obj
                0x10004f6c                stdio_vprintf
                0x10004f6c                __wrap_vprintf
 .text.__wrap_printf
                0x10005038       0x18 CMakeFiles/pico_gamepad_host.dir/G_/PowerA_Controller_Project/pico-sdk/src/rp2_common/pico_stdio/stdio.c.obj
                0x10005038                __wrap_printf
                0x10005038                stdio_printf
 .text.stdio_uart_out_chars
                0x10005050       0x4c CMakeFiles/pico_gamepad_host.dir/G_/PowerA_Controller_Project/pico-sdk/src/rp2_common/pico_stdio_uart/stdio_uart.c.obj
 .text.stdio_uart_in_chars
                0x1000509c       0x90 CMakeFiles/pico_gamepad_host.dir/G_/PowerA_Controller_Project/pico-sdk/src/rp2_common/pico_stdio_uart/stdio_uart.c.obj
                0x1000509c                stdio_uart_in_chars
 .text.on_uart_rx
                0x1000512c       0x28 CMakeFiles/pico_gamepad_host.dir/G_/PowerA_Controller_Project/pico-sdk/src/rp2_common/pico_stdio_uart/stdio_uart.c.obj
 .text.stdio_uart_out_flush
                0x10005154       0x14 CMakeFiles/pico_gamepad_host.dir/G_/PowerA_Controller_Project/pico-sdk/src/rp2_common/pico_stdio_uart/stdio_uart.c.obj
 .text.stdio_uart_set_chars_available_callback
                0x10005168       0x84 CMakeFiles/pico_gamepad_host.dir/G_/PowerA_Controller_Project/pico-sdk/src/rp2_common/pico_stdio_uart/stdio_uart.c.obj
 .text.stdio_uart_init
                0x100051ec       0x50 CMakeFiles/pico_gamepad_host.dir/G_/PowerA_Controller_Project/pico-sdk/src/rp2_common/pico_stdio_uart/stdio_uart.c.obj
                0x100051ec                stdio_uart_init
 .text.stdio_uart_init_full
                0x1000523c       0x3c CMakeFiles/pico_gamepad_host.dir/G_/PowerA_Controller_Project/pico-sdk/src/rp2_common/pico_stdio_uart/stdio_uart.c.obj
                0x1000523c                stdio_uart_init_full
 .text.spi_init
                0x10005278      0x13c CMakeFiles/pico_gamepad_host.dir/G_/PowerA_Controller_Project/pico-sdk/src/rp2_common/hardware_spi/spi.c.obj
                0x10005278                spi_init
 .text.hcd_rp2040_irq
                0x100053b4      0x370 CMakeFiles/pico_gamepad_host.dir/G_/PowerA_Controller_Project/pico-sdk/lib/tinyusb/src/portable/raspberrypi/rp2040/hcd_rp2040.c.obj
 .text.hcd_init
                0x10005724       0x54 CMakeFiles/pico_gamepad_host.dir/G_/PowerA_Controller_Project/pico-sdk/lib/tinyusb/src/portable/raspberrypi/rp2040/hcd_rp2040.c.obj
                0x10005724                hcd_init
 .text.hcd_port_reset
                0x10005778        0x4 CMakeFiles/pico_gamepad_host.dir/G_/PowerA_Controller_Project/pico-sdk/lib/tinyusb/src/portable/raspberrypi/rp2040/hcd_rp2040.c.obj
                0x10005778                hcd_port_reset
 .text.hcd_port_reset_end
                0x1000577c        0x4 CMakeFiles/pico_gamepad_host.dir/G_/PowerA_Controller_Project/pico-sdk/lib/tinyusb/src/portable/raspberrypi/rp2040/hcd_rp2040.c.obj
                0x1000577c                hcd_port_reset_end
 .text.hcd_port_connect_status
                0x10005780       0x18 CMakeFiles/pico_gamepad_host.dir/G_/PowerA_Controller_Project/pico-sdk/lib/tinyusb/src/portable/raspberrypi/rp2040/hcd_rp2040.c.obj
                0x10005780                hcd_port_connect_status
 .text.hcd_port_speed_get
                0x10005798       0x24 CMakeFiles/pico_gamepad_host.dir/G_/PowerA_Controller_Project/pico-sdk/lib/tinyusb/src/portable/raspberrypi/rp2040/hcd_rp2040.c.obj
                0x10005798                hcd_port_speed_get
 .text.hcd_device_close
                0x100057bc      0x470 CMakeFiles/pico_gamepad_host.dir/G_/PowerA_Controller_Project/pico-sdk/lib/tinyusb/src/portable/raspberrypi/rp2040/hcd_rp2040.c.obj
                0x100057bc                hcd_device_close
 .text.hcd_int_enable
                0x10005c2c        0xc CMakeFiles/pico_gamepad_host.dir/G_/PowerA_Controller_Project/pico-sdk/lib/tinyusb/src/portable/raspberrypi/rp2040/hcd_rp2040.c.obj
                0x10005c2c                hcd_int_enable
 .text.hcd_edpt_open
                0x10005c38      0x234 CMakeFiles/pico_gamepad_host.dir/G_/PowerA_Controller_Project/pico-sdk/lib/tinyusb/src/portable/raspberrypi/rp2040/hcd_rp2040.c.obj
                0x10005c38                hcd_edpt_open
 .text.hcd_edpt_xfer
                0x10005e6c      0x358 CMakeFiles/pico_gamepad_host.dir/G_/PowerA_Controller_Project/pico-sdk/lib/tinyusb/src/portable/raspberrypi/rp2040/hcd_rp2040.c.obj
                0x10005e6c                hcd_edpt_xfer
 .text.hcd_edpt_abort_xfer
                0x100061c4        0x4 CMakeFiles/pico_gamepad_host.dir/G_/PowerA_Controller_Project/pico-sdk/lib/tinyusb/src/portable/raspberrypi/rp2040/hcd_rp2040.c.obj
                0x100061c4                hcd_edpt_abort_xfer
 .text.hcd_setup_send
                0x100061c8       0xbc CMakeFiles/pico_gamepad_host.dir/G_/PowerA_Controller_Project/pico-sdk/lib/tinyusb/src/portable/raspberrypi/rp2040/hcd_rp2040.c.obj
                0x100061c8                hcd_setup_send
 .text.rp2040_usb_init
                0x10006284       0x40 CMakeFiles/pico_gamepad_host.dir/G_/PowerA_Controller_Project/pico-sdk/lib/tinyusb/src/portable/raspberrypi/rp2040/rp2040_usb.c.obj
                0x10006284                rp2040_usb_init
 .text.hw_endpoint_reset_transfer
                0x100062c4        0xc CMakeFiles/pico_gamepad_host.dir/G_/PowerA_Controller_Project/pico-sdk/lib/tinyusb/src/portable/raspberrypi/rp2040/rp2040_usb.c.obj
                0x100062c4                hw_endpoint_reset_transfer
 .text.hw_endpoint_start_next_buffer
                0x100062d0      0x1f4 CMakeFiles/pico_gamepad_host.dir/G_/PowerA_Controller_Project/pico-sdk/lib/tinyusb/src/portable/raspberrypi/rp2040/rp2040_usb.c.obj
                0x100062d0                hw_endpoint_start_next_buffer
 .text.hw_endpoint_xfer_start
                0x100064c4       0x14 CMakeFiles/pico_gamepad_host.dir/G_/PowerA_Controller_Project/pico-sdk/lib/tinyusb/src/portable/raspberrypi/rp2040/rp2040_usb.c.obj
                0x100064c4                hw_endpoint_xfer_start
 .text.hw_endpoint_xfer_continue
                0x100064d8      0x174 CMakeFiles/pico_gamepad_host.dir/G_/PowerA_Controller_Project/pico-sdk/lib/tinyusb/src/portable/raspberrypi/rp2040/rp2040_usb.c.obj
                0x100064d8                hw_endpoint_xfer_continue
 .text._control_blocking_complete_cb
                0x1000664c        0x8 CMakeFiles/pico_gamepad_host.dir/G_/PowerA_Controller_Project/pico-sdk/lib/tinyusb/src/host/usbh.c.obj
 .text.process_removing_device
                0x10006654       0xe0 CMakeFiles/pico_gamepad_host.dir/G_/PowerA_Controller_Project/pico-sdk/lib/tinyusb/src/host/usbh.c.obj
 .text.usbh_control_xfer_cb.isra.0
                0x10006734      0x218 CMakeFiles/pico_gamepad_host.dir/G_/PowerA_Controller_Project/pico-sdk/lib/tinyusb/src/host/usbh.c.obj
 .text.tuh_event_hook_cb
                0x1000694c        0x4 CMakeFiles/pico_gamepad_host.dir/G_/PowerA_Controller_Project/pico-sdk/lib/tinyusb/src/host/usbh.c.obj
                0x1000694c                tuh_event_hook_cb
 .text.tuh_vid_pid_get
                0x10006950       0x30 CMakeFiles/pico_gamepad_host.dir/G_/PowerA_Controller_Project/pico-sdk/lib/tinyusb/src/host/usbh.c.obj
                0x10006950                tuh_vid_pid_get
 .text.tuh_speed_get
                0x10006980       0x1c CMakeFiles/pico_gamepad_host.dir/G_/PowerA_Controller_Project/pico-sdk/lib/tinyusb/src/host/usbh.c.obj
                0x10006980                tuh_speed_get
 .text.tuh_rhport_init
                0x1000699c      0x118 CMakeFiles/pico_gamepad_host.dir/G_/PowerA_Controller_Project/pico-sdk/lib/tinyusb/src/host/usbh.c.obj
                0x1000699c                tuh_rhport_init
 .text.tuh_control_xfer
                0x10006ab4      0x134 CMakeFiles/pico_gamepad_host.dir/G_/PowerA_Controller_Project/pico-sdk/lib/tinyusb/src/host/usbh.c.obj
                0x10006ab4                tuh_control_xfer
 .text.enum_new_device.part.0
                0x10006be8       0x8c CMakeFiles/pico_gamepad_host.dir/G_/PowerA_Controller_Project/pico-sdk/lib/tinyusb/src/host/usbh.c.obj
 .text.tuh_task_ext.part.0
                0x10006c74      0x240 CMakeFiles/pico_gamepad_host.dir/G_/PowerA_Controller_Project/pico-sdk/lib/tinyusb/src/host/usbh.c.obj
 .text.tuh_task_ext
                0x10006eb4       0x18 CMakeFiles/pico_gamepad_host.dir/G_/PowerA_Controller_Project/pico-sdk/lib/tinyusb/src/host/usbh.c.obj
                0x10006eb4                tuh_task_ext
 .text.process_enumeration
                0x10006ecc      0x49c CMakeFiles/pico_gamepad_host.dir/G_/PowerA_Controller_Project/pico-sdk/lib/tinyusb/src/host/usbh.c.obj
 .text.usbh_edpt_claim
                0x10007368       0x3c CMakeFiles/pico_gamepad_host.dir/G_/PowerA_Controller_Project/pico-sdk/lib/tinyusb/src/host/usbh.c.obj
                0x10007368                usbh_edpt_claim
 .text.usbh_edpt_release
                0x100073a4       0x3c CMakeFiles/pico_gamepad_host.dir/G_/PowerA_Controller_Project/pico-sdk/lib/tinyusb/src/host/usbh.c.obj
                0x100073a4                usbh_edpt_release
 .text.usbh_edpt_xfer_with_callback
                0x100073e0       0x54 CMakeFiles/pico_gamepad_host.dir/G_/PowerA_Controller_Project/pico-sdk/lib/tinyusb/src/host/usbh.c.obj
                0x100073e0                usbh_edpt_xfer_with_callback
 .text.tuh_edpt_open
                0x10007434       0x44 CMakeFiles/pico_gamepad_host.dir/G_/PowerA_Controller_Project/pico-sdk/lib/tinyusb/src/host/usbh.c.obj
                0x10007434                tuh_edpt_open
 .text.usbh_edpt_busy
                0x10007478       0x24 CMakeFiles/pico_gamepad_host.dir/G_/PowerA_Controller_Project/pico-sdk/lib/tinyusb/src/host/usbh.c.obj
                0x10007478                usbh_edpt_busy
 .text.usbh_driver_set_config_complete
                0x1000749c      0x12c CMakeFiles/pico_gamepad_host.dir/G_/PowerA_Controller_Project/pico-sdk/lib/tinyusb/src/host/usbh.c.obj
                0x1000749c                usbh_driver_set_config_complete
 .text.tusb_time_delay_ms_api
                0x100075c8        0x8 CMakeFiles/pico_gamepad_host.dir/G_/PowerA_Controller_Project/pico-sdk/lib/tinyusb/src/tusb.c.obj
                0x100075c8                tusb_time_delay_ms_api
 .text.tu_edpt_claim
                0x100075d0       0x50 CMakeFiles/pico_gamepad_host.dir/G_/PowerA_Controller_Project/pico-sdk/lib/tinyusb/src/tusb.c.obj
                0x100075d0                tu_edpt_claim
 .text.tu_edpt_release
                0x10007620       0x38 CMakeFiles/pico_gamepad_host.dir/G_/PowerA_Controller_Project/pico-sdk/lib/tinyusb/src/tusb.c.obj
                0x10007620                tu_edpt_release
 .text.tu_edpt_validate
                0x10007658       0x7c CMakeFiles/pico_gamepad_host.dir/G_/PowerA_Controller_Project/pico-sdk/lib/tinyusb/src/tusb.c.obj
                0x10007658                tu_edpt_validate
 .text.tu_edpt_bind_driver
                0x100076d4       0x34 CMakeFiles/pico_gamepad_host.dir/G_/PowerA_Controller_Project/pico-sdk/lib/tinyusb/src/tusb.c.obj
                0x100076d4                tu_edpt_bind_driver
 .text.tu_desc_get_interface_total_len
                0x10007708       0x50 CMakeFiles/pico_gamepad_host.dir/G_/PowerA_Controller_Project/pico-sdk/lib/tinyusb/src/tusb.c.obj
                0x10007708                tu_desc_get_interface_total_len
 .text.tu_fifo_empty
                0x10007758       0x10 CMakeFiles/pico_gamepad_host.dir/G_/PowerA_Controller_Project/pico-sdk/lib/tinyusb/src/common/tusb_fifo.c.obj
                0x10007758                tu_fifo_empty
 .text.tu_fifo_read
                0x10007768       0x9c CMakeFiles/pico_gamepad_host.dir/G_/PowerA_Controller_Project/pico-sdk/lib/tinyusb/src/common/tusb_fifo.c.obj
                0x10007768                tu_fifo_read
 .text.tu_fifo_write
                0x10007804       0xa4 CMakeFiles/pico_gamepad_host.dir/G_/PowerA_Controller_Project/pico-sdk/lib/tinyusb/src/common/tusb_fifo.c.obj
                0x10007804                tu_fifo_write
 .text.tu_fifo_clear
                0x100078a8       0x40 CMakeFiles/pico_gamepad_host.dir/G_/PowerA_Controller_Project/pico-sdk/lib/tinyusb/src/common/tusb_fifo.c.obj
                0x100078a8                tu_fifo_clear
 .text.board_init
                0x100078e8       0x30 CMakeFiles/pico_gamepad_host.dir/G_/PowerA_Controller_Project/pico-sdk/lib/tinyusb/hw/bsp/rp2040/family.c.obj
                0x100078e8                board_init
 .text.startup._retrieve_unique_id_on_boot
                0x10007918       0x10 CMakeFiles/pico_gamepad_host.dir/G_/PowerA_Controller_Project/pico-sdk/src/rp2_common/pico_unique_id/unique_id.c.obj
 .text.flash_get_unique_id
                0x10007928       0x3c CMakeFiles/pico_gamepad_host.dir/G_/PowerA_Controller_Project/pico-sdk/src/rp2_common/hardware_flash/flash.c.obj
                0x10007928                flash_get_unique_id
 .text.xinputh_deinit
                0x10007964        0x4 CMakeFiles/pico_gamepad_host.dir/lib/tusb_xinput/xinput_host.c.obj
                0x10007964                xinputh_deinit
 .text.xinputh_init
                0x10007968       0x18 CMakeFiles/pico_gamepad_host.dir/lib/tusb_xinput/xinput_host.c.obj
                0x10007968                xinputh_init
 .text.xinputh_open
                0x10007980      0x12c CMakeFiles/pico_gamepad_host.dir/lib/tusb_xinput/xinput_host.c.obj
                0x10007980                xinputh_open
 .text.xinputh_close
                0x10007aac       0x6c CMakeFiles/pico_gamepad_host.dir/lib/tusb_xinput/xinput_host.c.obj
                0x10007aac                xinputh_close
 .text.tuh_xinput_receive_report
                0x10007b18       0x68 CMakeFiles/pico_gamepad_host.dir/lib/tusb_xinput/xinput_host.c.obj
                0x10007b18                tuh_xinput_receive_report
 .text.tuh_xinput_send_report
                0x10007b80       0x88 CMakeFiles/pico_gamepad_host.dir/lib/tusb_xinput/xinput_host.c.obj
                0x10007b80                tuh_xinput_send_report
 .text.xboxone_init
                0x10007c08      0x124 CMakeFiles/pico_gamepad_host.dir/lib/tusb_xinput/xinput_host.c.obj
 .text.xinputh_xfer_cb
                0x10007d2c      0xb78 CMakeFiles/pico_gamepad_host.dir/lib/tusb_xinput/xinput_host.c.obj
                0x10007d2c                xinputh_xfer_cb
 .text.xinputh_set_config
                0x100088a4      0x184 CMakeFiles/pico_gamepad_host.dir/lib/tusb_xinput/xinput_host.c.obj
                0x100088a4                xinputh_set_config
 .text.tuh_xinput_set_led
                0x10008a28      0x118 CMakeFiles/pico_gamepad_host.dir/lib/tusb_xinput/xinput_host.c.obj
                0x10008a28                tuh_xinput_set_led
 .text.tuh_xinput_set_rumble
                0x10008b40      0x168 CMakeFiles/pico_gamepad_host.dir/lib/tusb_xinput/xinput_host.c.obj
                0x10008b40                tuh_xinput_set_rumble
 .text.strlen   0x10008ca8       0x5c C:/Program Files (x86)/Arm GNU Toolchain arm-none-eabi/14.2 rel1/bin/../lib/gcc/arm-none-eabi/14.2.1/thumb/v6-m/nofp\libg.a(libc_a-strlen-stub.o)
                0x10008ca8                strlen
 *(.fini)
 .fini          0x10008d04        0x4 C:/Program Files (x86)/Arm GNU Toolchain arm-none-eabi/14.2 rel1/bin/../lib/gcc/arm-none-eabi/14.2.1/thumb/v6-m/nofp/crti.o
                0x10008d04                _fini
 .fini.__stub   0x10008d08       0x90 linker stubs
 *crtbegin.o(.ctors)
 *crtbegin?.o(.ctors)
 *(EXCLUDE_FILE(*crtend.o *crtend?.o) .ctors)
 *(SORT_BY_NAME(.ctors.*))
 *(.ctors)
 *crtbegin.o(.dtors)
 *crtbegin?.o(.dtors)
 *(EXCLUDE_FILE(*crtend.o *crtend?.o) .dtors)
 *(SORT_BY_NAME(.dtors.*))
 *(.dtors)
                0x10008d98                        . = ALIGN (0x4)
                0x10008d98                        PROVIDE (__preinit_array_start = .)
 *(SORT_BY_NAME(.preinit_array.*))
 .preinit_array.00100
                0x10008d98        0x4 CMakeFiles/pico_gamepad_host.dir/G_/PowerA_Controller_Project/pico-sdk/src/rp2_common/pico_runtime_init/runtime_init.c.obj
                0x10008d98                __pre_init_runtime_init_early_resets
 .preinit_array.00101
                0x10008d9c        0x4 CMakeFiles/pico_gamepad_host.dir/G_/PowerA_Controller_Project/pico-sdk/src/rp2_common/pico_runtime_init/runtime_init.c.obj
                0x10008d9c                __pre_init_runtime_init_usb_power_down
 .preinit_array.00275
                0x10008da0        0x4 CMakeFiles/pico_gamepad_host.dir/G_/PowerA_Controller_Project/pico-sdk/src/rp2_common/pico_bit_ops/bit_ops_aeabi.S.obj
 .preinit_array.00300
                0x10008da4        0x4 CMakeFiles/pico_gamepad_host.dir/G_/PowerA_Controller_Project/pico-sdk/src/rp2_common/pico_mem_ops/mem_ops_aeabi.S.obj
 .preinit_array.00350
                0x10008da8        0x4 CMakeFiles/pico_gamepad_host.dir/G_/PowerA_Controller_Project/pico-sdk/src/rp2_common/pico_double/double_aeabi_rp2040.S.obj
 .preinit_array.00350
                0x10008dac        0x4 CMakeFiles/pico_gamepad_host.dir/G_/PowerA_Controller_Project/pico-sdk/src/rp2_common/pico_float/float_aeabi_rp2040.S.obj
 .preinit_array.00500
                0x10008db0        0x4 CMakeFiles/pico_gamepad_host.dir/G_/PowerA_Controller_Project/pico-sdk/src/rp2_common/pico_runtime_init/runtime_init.c.obj
                0x10008db0                __pre_init_runtime_init_clocks
 .preinit_array.00600
                0x10008db4        0x4 CMakeFiles/pico_gamepad_host.dir/G_/PowerA_Controller_Project/pico-sdk/src/rp2_common/pico_runtime_init/runtime_init.c.obj
                0x10008db4                __pre_init_runtime_init_post_clock_resets
 .preinit_array.00700
                0x10008db8        0x4 CMakeFiles/pico_gamepad_host.dir/G_/PowerA_Controller_Project/pico-sdk/src/rp2_common/pico_runtime_init/runtime_init.c.obj
                0x10008db8                __pre_init_runtime_init_rp2040_gpio_ie_disable
 .preinit_array.01000
                0x10008dbc        0x4 CMakeFiles/pico_gamepad_host.dir/G_/PowerA_Controller_Project/pico-sdk/src/rp2_common/pico_runtime_init/runtime_init.c.obj
                0x10008dbc                __pre_init_runtime_init_spin_locks_reset
 .preinit_array.01100
                0x10008dc0        0x4 CMakeFiles/pico_gamepad_host.dir/G_/PowerA_Controller_Project/pico-sdk/src/common/pico_sync/mutex.c.obj
                0x10008dc0                __pre_init_runtime_init_mutex
 .preinit_array.10080
                0x10008dc4        0x4 CMakeFiles/pico_gamepad_host.dir/G_/PowerA_Controller_Project/pico-sdk/src/rp2_common/pico_runtime_init/runtime_init.c.obj
                0x10008dc4                __pre_init_runtime_init_install_ram_vector_table
 .preinit_array.11000
                0x10008dc8        0x4 CMakeFiles/pico_gamepad_host.dir/G_/PowerA_Controller_Project/pico-sdk/src/common/pico_time/time.c.obj
                0x10008dc8                __pre_init_runtime_init_default_alarm_pool
 .preinit_array.YYYYY
                0x10008dcc        0x4 CMakeFiles/pico_gamepad_host.dir/G_/PowerA_Controller_Project/pico-sdk/src/rp2_common/pico_runtime/runtime.c.obj
                0x10008dcc                __pre_init_first_per_core_initializer
 .preinit_array.ZZZZZ.01200
                0x10008dd0        0x4 CMakeFiles/pico_gamepad_host.dir/G_/PowerA_Controller_Project/pico-sdk/src/rp2_common/hardware_irq/irq.c.obj
                0x10008dd0                __pre_init_runtime_init_per_core_irq_priorities
 *(.preinit_array)
                0x10008dd4                        PROVIDE (__preinit_array_end = .)
                0x10008dd4                        . = ALIGN (0x4)
                0x10008dd4                        PROVIDE (__init_array_start = .)
 *(SORT_BY_NAME(.init_array.*))
 .init_array.01000
                0x10008dd4        0x4 CMakeFiles/pico_gamepad_host.dir/G_/PowerA_Controller_Project/pico-sdk/src/rp2_common/pico_unique_id/unique_id.c.obj
 *(.init_array)
 .init_array    0x10008dd8        0x4 C:/Program Files (x86)/Arm GNU Toolchain arm-none-eabi/14.2 rel1/bin/../lib/gcc/arm-none-eabi/14.2.1/thumb/v6-m/nofp/crtbegin.o
                0x10008ddc                        PROVIDE (__init_array_end = .)
                0x10008ddc                        . = ALIGN (0x4)
                [!provide]                        PROVIDE (__fini_array_start = .)
 *(SORT_BY_NAME(.fini_array.*))
 *(.fini_array)
                [!provide]                        PROVIDE (__fini_array_end = .)
 *(.eh_frame*)
 .eh_frame      0x10008ddc        0x0 C:/Program Files (x86)/Arm GNU Toolchain arm-none-eabi/14.2 rel1/bin/../lib/gcc/arm-none-eabi/14.2.1/thumb/v6-m/nofp/crtbegin.o
                0x10008ddc                        . = ALIGN (0x4)

.glue_7         0x10008ddc        0x0
 .glue_7        0x10008ddc        0x0 linker stubs

.glue_7t        0x10008ddc        0x0
 .glue_7t       0x10008ddc        0x0 linker stubs

.vfp11_veneer   0x10008ddc        0x0
 .vfp11_veneer  0x10008ddc        0x0 linker stubs

.v4_bx          0x10008ddc        0x0
 .v4_bx         0x10008ddc        0x0 linker stubs

.iplt           0x10008ddc        0x0
 .iplt          0x10008ddc        0x0 C:/Program Files (x86)/Arm GNU Toolchain arm-none-eabi/14.2 rel1/bin/../lib/gcc/arm-none-eabi/14.2.1/thumb/v6-m/nofp/crtbegin.o

.rodata         0x10008de0      0x700
 *(EXCLUDE_FILE(*libm.a: *libc.a:*lib_a-mem*.o *libgcc.a:) .rodata*)
 .rodata.tuh_xinput_mount_cb.str1.4
                0x10008de0      0x3e3 CMakeFiles/pico_gamepad_host.dir/main.c.obj
                                 0xa6 (size before relaxing)
 .rodata.tuh_xinput_umount_cb.str1.4
                0x100091c3       0x11 CMakeFiles/pico_gamepad_host.dir/main.c.obj
 .rodata.tuh_xinput_report_received_cb.str1.4
                0x100091c3       0x73 CMakeFiles/pico_gamepad_host.dir/main.c.obj
 .rodata.main.str1.4
                0x100091c3       0xee CMakeFiles/pico_gamepad_host.dir/main.c.obj
 .rodata.str1.4
                0x100091c3       0x38 CMakeFiles/pico_gamepad_host.dir/main.c.obj
 *fill*         0x100091c3        0x1 
 .rodata.CSWTCH.60
                0x100091c4       0x10 CMakeFiles/pico_gamepad_host.dir/main.c.obj
 .rodata.gip_led_on.2
                0x100091d4        0x7 CMakeFiles/pico_gamepad_host.dir/main.c.obj
 .rodata.panic.str1.4
                0x100091db       0x12 CMakeFiles/pico_gamepad_host.dir/G_/PowerA_Controller_Project/pico-sdk/src/rp2_common/pico_platform_panic/panic.c.obj
 .rodata.spin_lock_claim_unused.str1.4
                0x100091db       0x1b CMakeFiles/pico_gamepad_host.dir/G_/PowerA_Controller_Project/pico-sdk/src/rp2_common/hardware_sync/sync.c.obj
 .rodata.timer_hardware_alarm_claim.str1.4
                0x100091db       0x22 CMakeFiles/pico_gamepad_host.dir/G_/PowerA_Controller_Project/pico-sdk/src/rp2_common/hardware_timer/timer.c.obj
 .rodata.hard_assertion_failure.str1.4
                0x100091db        0xc CMakeFiles/pico_gamepad_host.dir/G_/PowerA_Controller_Project/pico-sdk/src/rp2_common/pico_runtime/runtime.c.obj
 .rodata.str1.4
                0x100091db       0x48 CMakeFiles/pico_gamepad_host.dir/G_/PowerA_Controller_Project/pico-sdk/src/rp2_common/pico_standard_binary_info/standard_binary_info.c.obj
 *fill*         0x100091db        0x1 
 .rodata.__bi_84
                0x100091dc        0xc CMakeFiles/pico_gamepad_host.dir/G_/PowerA_Controller_Project/pico-sdk/src/rp2_common/pico_standard_binary_info/standard_binary_info.c.obj
 .rodata.__bi_78
                0x100091e8        0xc CMakeFiles/pico_gamepad_host.dir/G_/PowerA_Controller_Project/pico-sdk/src/rp2_common/pico_standard_binary_info/standard_binary_info.c.obj
 .rodata.__bi_54
                0x100091f4        0xc CMakeFiles/pico_gamepad_host.dir/G_/PowerA_Controller_Project/pico-sdk/src/rp2_common/pico_standard_binary_info/standard_binary_info.c.obj
 .rodata.__bi_48
                0x10009200        0xc CMakeFiles/pico_gamepad_host.dir/G_/PowerA_Controller_Project/pico-sdk/src/rp2_common/pico_standard_binary_info/standard_binary_info.c.obj
 .rodata.__bi_42
                0x1000920c        0xc CMakeFiles/pico_gamepad_host.dir/G_/PowerA_Controller_Project/pico-sdk/src/rp2_common/pico_standard_binary_info/standard_binary_info.c.obj
 .rodata.__bi_34
                0x10009218        0xc CMakeFiles/pico_gamepad_host.dir/G_/PowerA_Controller_Project/pico-sdk/src/rp2_common/pico_standard_binary_info/standard_binary_info.c.obj
 .rodata.__bi_26
                0x10009224        0xc CMakeFiles/pico_gamepad_host.dir/G_/PowerA_Controller_Project/pico-sdk/src/rp2_common/pico_standard_binary_info/standard_binary_info.c.obj
 .rodata._ftoa.str1.4
                0x10009230       0x15 CMakeFiles/pico_gamepad_host.dir/G_/PowerA_Controller_Project/pico-sdk/src/rp2_common/pico_printf/printf.c.obj
 .rodata._vsnprintf
                0x10009230      0x19c CMakeFiles/pico_gamepad_host.dir/G_/PowerA_Controller_Project/pico-sdk/src/rp2_common/pico_printf/printf.c.obj
 *fill*         0x100093cc        0x4 
 .rodata.pow10.0
                0x100093d0       0x50 CMakeFiles/pico_gamepad_host.dir/G_/PowerA_Controller_Project/pico-sdk/src/rp2_common/pico_printf/printf.c.obj
 .rodata.crlf_str.0
                0x10009420        0x2 CMakeFiles/pico_gamepad_host.dir/G_/PowerA_Controller_Project/pico-sdk/src/rp2_common/pico_stdio/stdio.c.obj
 .rodata.str1.4
                0x10009422       0x2c CMakeFiles/pico_gamepad_host.dir/G_/PowerA_Controller_Project/pico-sdk/src/rp2_common/pico_stdio_uart/stdio_uart.c.obj
 *fill*         0x10009422        0x2 
 .rodata.__bi_45.4
                0x10009424        0xc CMakeFiles/pico_gamepad_host.dir/G_/PowerA_Controller_Project/pico-sdk/src/rp2_common/pico_stdio_uart/stdio_uart.c.obj
 .rodata.__bi_49.5
                0x10009430        0x8 CMakeFiles/pico_gamepad_host.dir/G_/PowerA_Controller_Project/pico-sdk/src/rp2_common/pico_stdio_uart/stdio_uart.c.obj
 .rodata.__bi_50.6
                0x10009438        0x8 CMakeFiles/pico_gamepad_host.dir/G_/PowerA_Controller_Project/pico-sdk/src/rp2_common/pico_stdio_uart/stdio_uart.c.obj
 .rodata.hcd_rp2040_irq.str1.4
                0x10009440       0x40 CMakeFiles/pico_gamepad_host.dir/G_/PowerA_Controller_Project/pico-sdk/lib/tinyusb/src/portable/raspberrypi/rp2040/hcd_rp2040.c.obj
 .rodata.hcd_port_speed_get.str1.4
                0x10009440        0xf CMakeFiles/pico_gamepad_host.dir/G_/PowerA_Controller_Project/pico-sdk/lib/tinyusb/src/portable/raspberrypi/rp2040/hcd_rp2040.c.obj
 .rodata._hw_endpoint_buffer_control_update32.str1.4
                0x10009440       0x1e CMakeFiles/pico_gamepad_host.dir/G_/PowerA_Controller_Project/pico-sdk/lib/tinyusb/src/portable/raspberrypi/rp2040/rp2040_usb.c.obj
 .rodata.hw_endpoint_xfer_continue.str1.4
                0x10009440       0x28 CMakeFiles/pico_gamepad_host.dir/G_/PowerA_Controller_Project/pico-sdk/lib/tinyusb/src/portable/raspberrypi/rp2040/rp2040_usb.c.obj
 .rodata.process_enumeration
                0x10009440       0x28 CMakeFiles/pico_gamepad_host.dir/G_/PowerA_Controller_Project/pico-sdk/lib/tinyusb/src/host/usbh.c.obj
 .rodata.str1.4
                0x10009468        0x4 CMakeFiles/pico_gamepad_host.dir/G_/PowerA_Controller_Project/pico-sdk/lib/tinyusb/hw/bsp/rp2040/family.c.obj
 .rodata.__bi_153.0
                0x10009468        0xc CMakeFiles/pico_gamepad_host.dir/G_/PowerA_Controller_Project/pico-sdk/lib/tinyusb/hw/bsp/rp2040/family.c.obj
 .rodata.__bi_163.1
                0x10009474        0x8 CMakeFiles/pico_gamepad_host.dir/G_/PowerA_Controller_Project/pico-sdk/lib/tinyusb/hw/bsp/rp2040/family.c.obj
 .rodata.tuh_xinput_set_led.str1.4
                0x1000947c        0x3 CMakeFiles/pico_gamepad_host.dir/lib/tusb_xinput/xinput_host.c.obj
 .rodata.usbh_xinput_driver
                0x1000947c       0x1c CMakeFiles/pico_gamepad_host.dir/lib/tusb_xinput/xinput_host.c.obj
                0x1000947c                usbh_xinput_driver
 .rodata.xbox360w_inquire_present
                0x10009498        0x4 CMakeFiles/pico_gamepad_host.dir/lib/tusb_xinput/xinput_host.c.obj
 .rodata.xboxone_pdp_auth
                0x1000949c        0x6 CMakeFiles/pico_gamepad_host.dir/lib/tusb_xinput/xinput_host.c.obj
 *fill*         0x100094a2        0x2 
 .rodata.xboxone_pdp_led_on
                0x100094a4        0x7 CMakeFiles/pico_gamepad_host.dir/lib/tusb_xinput/xinput_host.c.obj
 *fill*         0x100094ab        0x1 
 .rodata.extra_input_packet_init
                0x100094ac        0x6 CMakeFiles/pico_gamepad_host.dir/lib/tusb_xinput/xinput_host.c.obj
 *fill*         0x100094b2        0x2 
 .rodata.xboxone_s_init
                0x100094b4       0x13 CMakeFiles/pico_gamepad_host.dir/lib/tusb_xinput/xinput_host.c.obj
 *fill*         0x100094c7        0x1 
 .rodata.xboxone_power_on
                0x100094c8        0x5 CMakeFiles/pico_gamepad_host.dir/lib/tusb_xinput/xinput_host.c.obj
 *fill*         0x100094cd        0x3 
 .rodata        0x100094d0        0xd CMakeFiles/pico_gamepad_host.dir/lib/tusb_xinput/xinput_host.c.obj
                0x100094e0                        . = ALIGN (0x4)
 *fill*         0x100094dd        0x3 
 *(SORT_BY_ALIGNMENT(SORT_BY_NAME(.flashdata*)))
                0x100094e0                        . = ALIGN (0x4)

.ARM.extab
 *(.ARM.extab* .gnu.linkonce.armextab.*)
                0x100094e0                        __exidx_start = .

.ARM.exidx
 *(.ARM.exidx* .gnu.linkonce.armexidx.*)
                0x100094e0                        __exidx_end = .
                0x100094e0                        . = ALIGN (0x4)
                0x100094e0                        __binary_info_start = .

.binary_info    0x100094e0       0x30
 *(.binary_info.keep.*)
 .binary_info.keep.__bi_ptr84
                0x100094e0        0x4 CMakeFiles/pico_gamepad_host.dir/G_/PowerA_Controller_Project/pico-sdk/src/rp2_common/pico_standard_binary_info/standard_binary_info.c.obj
 .binary_info.keep.__bi_ptr78
                0x100094e4        0x4 CMakeFiles/pico_gamepad_host.dir/G_/PowerA_Controller_Project/pico-sdk/src/rp2_common/pico_standard_binary_info/standard_binary_info.c.obj
 .binary_info.keep.__bi_ptr54
                0x100094e8        0x4 CMakeFiles/pico_gamepad_host.dir/G_/PowerA_Controller_Project/pico-sdk/src/rp2_common/pico_standard_binary_info/standard_binary_info.c.obj
 .binary_info.keep.__bi_ptr48
                0x100094ec        0x4 CMakeFiles/pico_gamepad_host.dir/G_/PowerA_Controller_Project/pico-sdk/src/rp2_common/pico_standard_binary_info/standard_binary_info.c.obj
 .binary_info.keep.__bi_ptr42
                0x100094f0        0x4 CMakeFiles/pico_gamepad_host.dir/G_/PowerA_Controller_Project/pico-sdk/src/rp2_common/pico_standard_binary_info/standard_binary_info.c.obj
 .binary_info.keep.__bi_ptr34
                0x100094f4        0x4 CMakeFiles/pico_gamepad_host.dir/G_/PowerA_Controller_Project/pico-sdk/src/rp2_common/pico_standard_binary_info/standard_binary_info.c.obj
 .binary_info.keep.__bi_ptr26
                0x100094f8        0x4 CMakeFiles/pico_gamepad_host.dir/G_/PowerA_Controller_Project/pico-sdk/src/rp2_common/pico_standard_binary_info/standard_binary_info.c.obj
 .binary_info.keep.__bi_ptr163
                0x100094fc        0x4 CMakeFiles/pico_gamepad_host.dir/G_/PowerA_Controller_Project/pico-sdk/lib/tinyusb/hw/bsp/rp2040/family.c.obj
 .binary_info.keep.__bi_ptr153
                0x10009500        0x4 CMakeFiles/pico_gamepad_host.dir/G_/PowerA_Controller_Project/pico-sdk/lib/tinyusb/hw/bsp/rp2040/family.c.obj
 *(.binary_info.*)
 .binary_info.__bi_ptr50
                0x10009504        0x4 CMakeFiles/pico_gamepad_host.dir/G_/PowerA_Controller_Project/pico-sdk/src/rp2_common/pico_stdio_uart/stdio_uart.c.obj
 .binary_info.__bi_ptr49
                0x10009508        0x4 CMakeFiles/pico_gamepad_host.dir/G_/PowerA_Controller_Project/pico-sdk/src/rp2_common/pico_stdio_uart/stdio_uart.c.obj
 .binary_info.__bi_ptr45
                0x1000950c        0x4 CMakeFiles/pico_gamepad_host.dir/G_/PowerA_Controller_Project/pico-sdk/src/rp2_common/pico_stdio_uart/stdio_uart.c.obj
                0x10009510                        __binary_info_end = .
                0x10009510                        . = ALIGN (0x4)

.ram_vector_table
                0x20000000       0xc0
 *(.ram_vector_table)
 .ram_vector_table
                0x20000000       0xc0 CMakeFiles/pico_gamepad_host.dir/G_/PowerA_Controller_Project/pico-sdk/src/rp2_common/pico_runtime_init/runtime_init.c.obj
                0x20000000                ram_vector_table

.uninitialized_data
                0x200000c0        0x0
                0x200000c0                        . = ALIGN (0x4)
 *(.uninitialized_data*)

.data           0x200000c0      0x5d0 load address 0x10009510
                0x200000c0                        __data_start__ = .
 *(vtable)
 *(.time_critical*)
 .time_critical.mutex_try_enter_block_until
                0x200000c0       0x98 CMakeFiles/pico_gamepad_host.dir/G_/PowerA_Controller_Project/pico-sdk/src/common/pico_sync/mutex.c.obj
                0x200000c0                mutex_try_enter_block_until
 .time_critical.mutex_enter_timeout_ms
                0x20000158       0x8c CMakeFiles/pico_gamepad_host.dir/G_/PowerA_Controller_Project/pico-sdk/src/common/pico_sync/mutex.c.obj
                0x20000158                mutex_enter_timeout_ms
 .time_critical.mutex_exit
                0x200001e4       0x28 CMakeFiles/pico_gamepad_host.dir/G_/PowerA_Controller_Project/pico-sdk/src/common/pico_sync/mutex.c.obj
                0x200001e4                mutex_exit
 .time_critical.spi_write_read_blocking
                0x2000020c       0xb0 CMakeFiles/pico_gamepad_host.dir/G_/PowerA_Controller_Project/pico-sdk/src/rp2_common/hardware_spi/spi.c.obj
                0x2000020c                spi_write_read_blocking
 .time_critical.spi_write_blocking
                0x200002bc       0x4c CMakeFiles/pico_gamepad_host.dir/G_/PowerA_Controller_Project/pico-sdk/src/rp2_common/hardware_spi/spi.c.obj
                0x200002bc                spi_write_blocking
 .time_critical.tinyusb
                0x20000308       0x78 CMakeFiles/pico_gamepad_host.dir/G_/PowerA_Controller_Project/pico-sdk/lib/tinyusb/src/host/usbh.c.obj
                0x20000308                hcd_event_handler
 .time_critical.flash_init_boot2_copyout
                0x20000380       0x30 CMakeFiles/pico_gamepad_host.dir/G_/PowerA_Controller_Project/pico-sdk/src/rp2_common/hardware_flash/flash.c.obj
 .time_critical.flash_enable_xip_via_boot2
                0x200003b0        0xc CMakeFiles/pico_gamepad_host.dir/G_/PowerA_Controller_Project/pico-sdk/src/rp2_common/hardware_flash/flash.c.obj
 .time_critical.flash_save_hardware_state
                0x200003bc       0x20 CMakeFiles/pico_gamepad_host.dir/G_/PowerA_Controller_Project/pico-sdk/src/rp2_common/hardware_flash/flash.c.obj
 .time_critical.flash_restore_hardware_state
                0x200003dc       0x20 CMakeFiles/pico_gamepad_host.dir/G_/PowerA_Controller_Project/pico-sdk/src/rp2_common/hardware_flash/flash.c.obj
 .time_critical.flash_cs_force
                0x200003fc       0x38 CMakeFiles/pico_gamepad_host.dir/G_/PowerA_Controller_Project/pico-sdk/src/rp2_common/hardware_flash/flash.c.obj
 .time_critical.flash_do_cmd
                0x20000434      0x13c CMakeFiles/pico_gamepad_host.dir/G_/PowerA_Controller_Project/pico-sdk/src/rp2_common/hardware_flash/flash.c.obj
                0x20000434                flash_do_cmd
 *(.text*)
 .text          0x20000570        0x4 C:/Program Files (x86)/Arm GNU Toolchain arm-none-eabi/14.2 rel1/bin/../lib/gcc/arm-none-eabi/14.2.1/thumb/v6-m/nofp\libgcc.a(_dvmd_tls.o)
                0x20000570                __aeabi_idiv0
                0x20000570                __aeabi_ldiv0
 *fill*         0x20000574        0x4 
 .text.__stub   0x20000578       0x50 linker stubs
                0x200005c8                        . = ALIGN (0x4)
 *(.rodata*)
                0x200005c8                        . = ALIGN (0x4)
 *(.data*)
 .data.striped_spin_lock_num
                0x200005c8        0x1 CMakeFiles/pico_gamepad_host.dir/G_/PowerA_Controller_Project/pico-sdk/src/rp2_common/hardware_sync/sync.c.obj
 *fill*         0x200005c9        0x3 
 .data          0x200005cc       0x48 CMakeFiles/pico_gamepad_host.dir/G_/PowerA_Controller_Project/pico-sdk/src/rp2_common/hardware_irq/irq_handler_chain.S.obj
                0x200005cc                irq_handler_chain_slots
                0x200005fc                irq_handler_chain_first_slot
                0x20000606                irq_handler_chain_remove_tail
 .data.default_alarm_pool
                0x20000614       0x18 CMakeFiles/pico_gamepad_host.dir/G_/PowerA_Controller_Project/pico-sdk/src/common/pico_time/time.c.obj
 *fill*         0x2000062c        0x4 
 .data.aeabi_bits_funcs
                0x20000630       0x10 CMakeFiles/pico_gamepad_host.dir/G_/PowerA_Controller_Project/pico-sdk/src/rp2_common/pico_bit_ops/bit_ops_aeabi.S.obj
                0x20000630                aeabi_bits_funcs
                0x20000640                aeabi_bits_funcs_end
 .data.aeabi_mem_funcs
                0x20000640       0x10 CMakeFiles/pico_gamepad_host.dir/G_/PowerA_Controller_Project/pico-sdk/src/rp2_common/pico_mem_ops/mem_ops_aeabi.S.obj
                0x20000640                aeabi_mem_funcs
                0x20000650                aeabi_mem_funcs_end
 .data.stdio_uart
                0x20000650       0x18 CMakeFiles/pico_gamepad_host.dir/G_/PowerA_Controller_Project/pico-sdk/src/rp2_common/pico_stdio_uart/stdio_uart.c.obj
                0x20000650                stdio_uart
 .data._usbh_qdef
                0x20000668       0x1c CMakeFiles/pico_gamepad_host.dir/G_/PowerA_Controller_Project/pico-sdk/lib/tinyusb/src/host/usbh.c.obj
                0x20000668                _usbh_qdef
 .data._usbh_controller
                0x20000684        0x1 CMakeFiles/pico_gamepad_host.dir/G_/PowerA_Controller_Project/pico-sdk/lib/tinyusb/src/host/usbh.c.obj
                0x20000688                        . = ALIGN (0x4)
 *fill*         0x20000685        0x3 
 *(.after_data.*)
                0x20000688                        . = ALIGN (0x4)
                0x20000688                        PROVIDE (__mutex_array_start = .)
 *(SORT_BY_NAME(.mutex_array.*))
 *(.mutex_array)
 .mutex_array   0x20000688        0x8 CMakeFiles/pico_gamepad_host.dir/G_/PowerA_Controller_Project/pico-sdk/src/rp2_common/pico_stdio/stdio.c.obj
                0x20000690                        PROVIDE (__mutex_array_end = .)
                0x20000690                        . = ALIGN (0x4)
 *(.jcr)
                0x20000690                        . = ALIGN (0x4)

.tm_clone_table
                0x20000690        0x0 load address 0x10009ae0
 .tm_clone_table
                0x20000690        0x0 C:/Program Files (x86)/Arm GNU Toolchain arm-none-eabi/14.2 rel1/bin/../lib/gcc/arm-none-eabi/14.2.1/thumb/v6-m/nofp/crtbegin.o
 .tm_clone_table
                0x20000690        0x0 C:/Program Files (x86)/Arm GNU Toolchain arm-none-eabi/14.2 rel1/bin/../lib/gcc/arm-none-eabi/14.2.1/thumb/v6-m/nofp/crtend.o

.igot.plt       0x20000690        0x0 load address 0x10009ae0
 .igot.plt      0x20000690        0x0 C:/Program Files (x86)/Arm GNU Toolchain arm-none-eabi/14.2 rel1/bin/../lib/gcc/arm-none-eabi/14.2.1/thumb/v6-m/nofp/crtbegin.o

.tdata          0x20000690        0x0 load address 0x10009ae0
                0x20000690                        . = ALIGN (0x4)
 *(.tdata .tdata.* .gnu.linkonce.td.*)
                0x20000690                        __tdata_end = .
                0x20000690                        PROVIDE (__data_end__ = .)
                0x10009510                        __etext = LOADADDR (.data)

.tbss           0x20000690        0x0 load address 0x10009ae0
                0x20000690                        . = ALIGN (0x4)
                0x20000690                        __bss_start__ = .
                0x20000690                        __tls_base = .
 *(.tbss .tbss.* .gnu.linkonce.tb.*)
 *(.tcommon)
                0x20000690                        __tls_end = .

.bss            0x20000690      0xd00 load address 0x10009ae0
                0x20000690                        . = ALIGN (0x4)
                0x20000690                        __tbss_end = .
 *(SORT_BY_ALIGNMENT(SORT_BY_NAME(.bss*)))
 .bss.default_alarm_pool_entries
                0x20000690      0x180 CMakeFiles/pico_gamepad_host.dir/G_/PowerA_Controller_Project/pico-sdk/src/common/pico_time/time.c.obj
 .bss.sd_table  0x20000810      0x100 CMakeFiles/pico_gamepad_host.dir/G_/PowerA_Controller_Project/pico-sdk/src/rp2_common/pico_double/double_init_rom_rp2040.c.obj
                0x20000810                sd_table
 .bss.sf_table  0x20000910      0x100 CMakeFiles/pico_gamepad_host.dir/G_/PowerA_Controller_Project/pico-sdk/src/rp2_common/pico_float/float_init_rom_rp2040.c.obj
                0x20000910                sf_table
 .bss._app_driver
                0x20000a10        0x4 CMakeFiles/pico_gamepad_host.dir/G_/PowerA_Controller_Project/pico-sdk/lib/tinyusb/src/host/usbh.c.obj
 .bss._ctrl_xfer
                0x20000a14       0x10 CMakeFiles/pico_gamepad_host.dir/G_/PowerA_Controller_Project/pico-sdk/lib/tinyusb/src/host/usbh.c.obj
 .bss._dev0     0x20000a24        0x4 CMakeFiles/pico_gamepad_host.dir/G_/PowerA_Controller_Project/pico-sdk/lib/tinyusb/src/host/usbh.c.obj
 .bss._usbh_devices
                0x20000a28       0x56 CMakeFiles/pico_gamepad_host.dir/G_/PowerA_Controller_Project/pico-sdk/lib/tinyusb/src/host/usbh.c.obj
 *fill*         0x20000a7e        0x2 
 .bss._usbh_epbuf
                0x20000a80      0x208 CMakeFiles/pico_gamepad_host.dir/G_/PowerA_Controller_Project/pico-sdk/lib/tinyusb/src/host/usbh.c.obj
 .bss._usbh_mutex
                0x20000c88        0x4 CMakeFiles/pico_gamepad_host.dir/G_/PowerA_Controller_Project/pico-sdk/lib/tinyusb/src/host/usbh.c.obj
 .bss._usbh_mutexdef
                0x20000c8c        0x8 CMakeFiles/pico_gamepad_host.dir/G_/PowerA_Controller_Project/pico-sdk/lib/tinyusb/src/host/usbh.c.obj
 .bss._usbh_q   0x20000c94        0x4 CMakeFiles/pico_gamepad_host.dir/G_/PowerA_Controller_Project/pico-sdk/lib/tinyusb/src/host/usbh.c.obj
 .bss._usbh_qdef_buf
                0x20000c98       0xc0 CMakeFiles/pico_gamepad_host.dir/G_/PowerA_Controller_Project/pico-sdk/lib/tinyusb/src/host/usbh.c.obj
                0x20000c98                _usbh_qdef_buf
 .bss._xinputh_dev
                0x20000d58      0x284 CMakeFiles/pico_gamepad_host.dir/lib/tusb_xinput/xinput_host.c.obj
 .bss.boot2_copyout
                0x20000fdc      0x100 CMakeFiles/pico_gamepad_host.dir/G_/PowerA_Controller_Project/pico-sdk/src/rp2_common/hardware_flash/flash.c.obj
 .bss.chars_available_callback
                0x200010dc        0x4 CMakeFiles/pico_gamepad_host.dir/G_/PowerA_Controller_Project/pico-sdk/src/rp2_common/pico_stdio_uart/stdio_uart.c.obj
 .bss.chars_available_param
                0x200010e0        0x4 CMakeFiles/pico_gamepad_host.dir/G_/PowerA_Controller_Project/pico-sdk/src/rp2_common/pico_stdio_uart/stdio_uart.c.obj
 .bss.claimed   0x200010e4        0x4 CMakeFiles/pico_gamepad_host.dir/G_/PowerA_Controller_Project/pico-sdk/src/rp2_common/hardware_sync/sync.c.obj
 .bss.claimed   0x200010e8        0x1 CMakeFiles/pico_gamepad_host.dir/G_/PowerA_Controller_Project/pico-sdk/src/rp2_common/hardware_timer/timer.c.obj
 *fill*         0x200010e9        0x3 
 .bss.configured_freq
                0x200010ec       0x28 CMakeFiles/pico_gamepad_host.dir/G_/PowerA_Controller_Project/pico-sdk/src/rp2_common/hardware_clocks/clocks.c.obj
 .bss.drivers   0x20001114        0x4 CMakeFiles/pico_gamepad_host.dir/G_/PowerA_Controller_Project/pico-sdk/src/rp2_common/pico_stdio/stdio.c.obj
 .bss.ep_pool   0x20001118      0x200 CMakeFiles/pico_gamepad_host.dir/G_/PowerA_Controller_Project/pico-sdk/lib/tinyusb/src/portable/raspberrypi/rp2040/hcd_rp2040.c.obj
 .bss.filter    0x20001318        0x4 CMakeFiles/pico_gamepad_host.dir/G_/PowerA_Controller_Project/pico-sdk/src/rp2_common/pico_stdio/stdio.c.obj
 .bss.last_led_toggle
                0x2000131c        0x4 CMakeFiles/pico_gamepad_host.dir/main.c.obj
 .bss.last_pad  0x20001320        0xc CMakeFiles/pico_gamepad_host.dir/main.c.obj
 .bss.last_print.1
                0x2000132c        0x4 CMakeFiles/pico_gamepad_host.dir/main.c.obj
 .bss.last_rumble_print.0
                0x20001330        0x4 CMakeFiles/pico_gamepad_host.dir/main.c.obj
 .bss.last_rumble_send
                0x20001334        0x4 CMakeFiles/pico_gamepad_host.dir/main.c.obj
 .bss.last_tx_time
                0x20001338        0x4 CMakeFiles/pico_gamepad_host.dir/main.c.obj
 .bss.lazy_vsnprintf
                0x2000133c        0x4 CMakeFiles/pico_gamepad_host.dir/G_/PowerA_Controller_Project/pico-sdk/src/rp2_common/pico_printf/printf.c.obj
 .bss.object.0  0x20001340       0x18 C:/Program Files (x86)/Arm GNU Toolchain arm-none-eabi/14.2 rel1/bin/../lib/gcc/arm-none-eabi/14.2.1/thumb/v6-m/nofp/crtbegin.o
 .bss.pools     0x20001358       0x10 CMakeFiles/pico_gamepad_host.dir/G_/PowerA_Controller_Project/pico-sdk/src/common/pico_time/time.c.obj
 .bss.retrieved_id
                0x20001368        0x8 CMakeFiles/pico_gamepad_host.dir/G_/PowerA_Controller_Project/pico-sdk/src/rp2_common/pico_unique_id/unique_id.c.obj
 .bss.sf_clz_func
                0x20001370        0x4 CMakeFiles/pico_gamepad_host.dir/G_/PowerA_Controller_Project/pico-sdk/src/rp2_common/pico_double/double_init_rom_rp2040.c.obj
                0x20001370                sf_clz_func
 .bss.sleep_notifier
                0x20001374        0x4 CMakeFiles/pico_gamepad_host.dir/G_/PowerA_Controller_Project/pico-sdk/src/common/pico_time/time.c.obj
 .bss.uart_char_to_line_feed
                0x20001378        0x4 CMakeFiles/pico_gamepad_host.dir/G_/PowerA_Controller_Project/pico-sdk/src/rp2_common/hardware_uart/uart.c.obj
                0x20001378                uart_char_to_line_feed
 .bss.uart_inst
                0x2000137c        0x4 CMakeFiles/pico_gamepad_host.dir/G_/PowerA_Controller_Project/pico-sdk/lib/tinyusb/hw/bsp/rp2040/family.c.obj
 .bss.uart_instance
                0x20001380        0x4 CMakeFiles/pico_gamepad_host.dir/G_/PowerA_Controller_Project/pico-sdk/src/rp2_common/pico_stdio_uart/stdio_uart.c.obj
 .bss._app_driver_count
                0x20001384        0x1 CMakeFiles/pico_gamepad_host.dir/G_/PowerA_Controller_Project/pico-sdk/lib/tinyusb/src/host/usbh.c.obj
 .bss.boot2_copyout_valid
                0x20001385        0x1 CMakeFiles/pico_gamepad_host.dir/G_/PowerA_Controller_Project/pico-sdk/src/rp2_common/hardware_flash/flash.c.obj
 .bss.controller_connected
                0x20001386        0x1 CMakeFiles/pico_gamepad_host.dir/main.c.obj
 .bss.ctrl_dev_addr
                0x20001387        0x1 CMakeFiles/pico_gamepad_host.dir/main.c.obj
 .bss.ctrl_instance
                0x20001388        0x1 CMakeFiles/pico_gamepad_host.dir/main.c.obj
 .bss.failed_count.0
                0x20001389        0x1 CMakeFiles/pico_gamepad_host.dir/G_/PowerA_Controller_Project/pico-sdk/lib/tinyusb/src/host/usbh.c.obj
 .bss.irq_handler_chain_free_slot_head
                0x2000138a        0x1 CMakeFiles/pico_gamepad_host.dir/G_/PowerA_Controller_Project/pico-sdk/src/rp2_common/hardware_irq/irq.c.obj
 .bss.last_sent_big
                0x2000138b        0x1 CMakeFiles/pico_gamepad_host.dir/main.c.obj
 .bss.last_sent_small
                0x2000138c        0x1 CMakeFiles/pico_gamepad_host.dir/main.c.obj
 .bss.led_state
                0x2000138d        0x1 CMakeFiles/pico_gamepad_host.dir/main.c.obj
 .bss.rumble_big
                0x2000138e        0x1 CMakeFiles/pico_gamepad_host.dir/main.c.obj
 .bss.rumble_small
                0x2000138f        0x1 CMakeFiles/pico_gamepad_host.dir/main.c.obj
 *(COMMON)
                0x20001390                        . = ALIGN (0x4)
                0x20001390                        __bss_end__ = .

.heap           0x20001390      0x800 load address 0x10009ae0
                0x20001390                        __end__ = .
                0x20001390                        end = __end__
 *(.heap*)
 .heap          0x20001390      0x800 CMakeFiles/pico_gamepad_host.dir/G_/PowerA_Controller_Project/pico-sdk/src/rp2_common/pico_crt0/crt0.S.obj
                0x20040000                        __HeapLimit = (ORIGIN (RAM) + LENGTH (RAM))

.scratch_x      0x20040000        0x0 load address 0x10009ae0
                0x20040000                        __scratch_x_start__ = .
 *(.scratch_x.*)
                0x20040000                        . = ALIGN (0x4)
                0x20040000                        __scratch_x_end__ = .
                0x10009ae0                        __scratch_x_source__ = LOADADDR (.scratch_x)

.scratch_y      0x20041000        0x0 load address 0x10009ae0
                0x20041000                        __scratch_y_start__ = .
 *(.scratch_y.*)
                0x20041000                        . = ALIGN (0x4)
                0x20041000                        __scratch_y_end__ = .
                0x10009ae0                        __scratch_y_source__ = LOADADDR (.scratch_y)

.stack1_dummy
 *(.stack1*)

.stack_dummy    0x20041000      0x800
 *(.stack*)
 .stack         0x20041000      0x800 CMakeFiles/pico_gamepad_host.dir/G_/PowerA_Controller_Project/pico-sdk/src/rp2_common/pico_crt0/crt0.S.obj

.rel.dyn        0x20041800        0x0
 .rel.iplt      0x20041800        0x0 C:/Program Files (x86)/Arm GNU Toolchain arm-none-eabi/14.2 rel1/bin/../lib/gcc/arm-none-eabi/14.2.1/thumb/v6-m/nofp/crtbegin.o

.flash_end      0x10009ae0        0x0
 *(.embedded_end_block*)
                0x10009ae0                        PROVIDE (__flash_binary_end = .)
                0x20040000                        __StackLimit = (ORIGIN (RAM) + LENGTH (RAM))
                0x20041000                        __StackOneTop = (ORIGIN (SCRATCH_X) + LENGTH (SCRATCH_X))
                0x20042000                        __StackTop = (ORIGIN (SCRATCH_Y) + LENGTH (SCRATCH_Y))
                0x20041000                        __StackOneBottom = (__StackOneTop - SIZEOF (.stack1_dummy))
                0x20041800                        __StackBottom = (__StackTop - SIZEOF (.stack_dummy))
                0x20042000                        PROVIDE (__stack = __StackTop)
                [!provide]                        PROVIDE (__heap_start = __end__)
                [!provide]                        PROVIDE (__heap_end = __HeapLimit)
                [!provide]                        PROVIDE (__tls_align = MAX (ALIGNOF (.tdata), ALIGNOF (.tbss)))
                [!provide]                        PROVIDE (__tls_size_align = (((__tls_size + __tls_align) - 0x1) & ~ ((__tls_align - 0x1))))
                [!provide]                        PROVIDE (__arm32_tls_tcb_offset = MAX (0x8, __tls_align))
                [!provide]                        PROVIDE (_end = __end__)
                [!provide]                        PROVIDE (__llvm_libc_heap_limit = __HeapLimit)
                0x00000001                        ASSERT ((__StackLimit >= __HeapLimit), region RAM overflowed)
                0x00000001                        ASSERT (((__binary_info_header_end - __logical_binary_start) <= 0x100), Binary info must be in first 256 bytes of the binary)
LOAD CMakeFiles/pico_gamepad_host.dir/main.c.obj
LOAD CMakeFiles/pico_gamepad_host.dir/G_/PowerA_Controller_Project/pico-sdk/src/rp2_common/pico_stdlib/stdlib.c.obj
LOAD CMakeFiles/pico_gamepad_host.dir/G_/PowerA_Controller_Project/pico-sdk/src/rp2_common/hardware_gpio/gpio.c.obj
LOAD CMakeFiles/pico_gamepad_host.dir/G_/PowerA_Controller_Project/pico-sdk/src/rp2040/pico_platform/platform.c.obj
LOAD CMakeFiles/pico_gamepad_host.dir/G_/PowerA_Controller_Project/pico-sdk/src/rp2_common/pico_platform_common/common.c.obj
LOAD CMakeFiles/pico_gamepad_host.dir/G_/PowerA_Controller_Project/pico-sdk/src/rp2_common/pico_platform_panic/panic.c.obj
LOAD CMakeFiles/pico_gamepad_host.dir/G_/PowerA_Controller_Project/pico-sdk/src/common/hardware_claim/claim.c.obj
LOAD CMakeFiles/pico_gamepad_host.dir/G_/PowerA_Controller_Project/pico-sdk/src/rp2_common/hardware_sync/sync.c.obj
LOAD CMakeFiles/pico_gamepad_host.dir/G_/PowerA_Controller_Project/pico-sdk/src/rp2_common/hardware_sync_spin_lock/sync_spin_lock.c.obj
LOAD CMakeFiles/pico_gamepad_host.dir/G_/PowerA_Controller_Project/pico-sdk/src/rp2_common/hardware_irq/irq.c.obj
LOAD CMakeFiles/pico_gamepad_host.dir/G_/PowerA_Controller_Project/pico-sdk/src/rp2_common/hardware_irq/irq_handler_chain.S.obj
LOAD CMakeFiles/pico_gamepad_host.dir/G_/PowerA_Controller_Project/pico-sdk/src/common/pico_sync/sem.c.obj
LOAD CMakeFiles/pico_gamepad_host.dir/G_/PowerA_Controller_Project/pico-sdk/src/common/pico_sync/lock_core.c.obj
LOAD CMakeFiles/pico_gamepad_host.dir/G_/PowerA_Controller_Project/pico-sdk/src/common/pico_sync/mutex.c.obj
LOAD CMakeFiles/pico_gamepad_host.dir/G_/PowerA_Controller_Project/pico-sdk/src/common/pico_sync/critical_section.c.obj
LOAD CMakeFiles/pico_gamepad_host.dir/G_/PowerA_Controller_Project/pico-sdk/src/common/pico_time/time.c.obj
LOAD CMakeFiles/pico_gamepad_host.dir/G_/PowerA_Controller_Project/pico-sdk/src/common/pico_time/timeout_helper.c.obj
LOAD CMakeFiles/pico_gamepad_host.dir/G_/PowerA_Controller_Project/pico-sdk/src/rp2_common/hardware_timer/timer.c.obj
LOAD CMakeFiles/pico_gamepad_host.dir/G_/PowerA_Controller_Project/pico-sdk/src/common/pico_util/datetime.c.obj
LOAD CMakeFiles/pico_gamepad_host.dir/G_/PowerA_Controller_Project/pico-sdk/src/common/pico_util/pheap.c.obj
LOAD CMakeFiles/pico_gamepad_host.dir/G_/PowerA_Controller_Project/pico-sdk/src/common/pico_util/queue.c.obj
LOAD CMakeFiles/pico_gamepad_host.dir/G_/PowerA_Controller_Project/pico-sdk/src/rp2_common/hardware_uart/uart.c.obj
LOAD CMakeFiles/pico_gamepad_host.dir/G_/PowerA_Controller_Project/pico-sdk/src/rp2_common/hardware_clocks/clocks.c.obj
LOAD CMakeFiles/pico_gamepad_host.dir/G_/PowerA_Controller_Project/pico-sdk/src/rp2_common/hardware_pll/pll.c.obj
LOAD CMakeFiles/pico_gamepad_host.dir/G_/PowerA_Controller_Project/pico-sdk/src/rp2_common/hardware_vreg/vreg.c.obj
LOAD CMakeFiles/pico_gamepad_host.dir/G_/PowerA_Controller_Project/pico-sdk/src/rp2_common/hardware_watchdog/watchdog.c.obj
LOAD CMakeFiles/pico_gamepad_host.dir/G_/PowerA_Controller_Project/pico-sdk/src/rp2_common/hardware_ticks/ticks.c.obj
LOAD CMakeFiles/pico_gamepad_host.dir/G_/PowerA_Controller_Project/pico-sdk/src/rp2_common/pico_bootrom/bootrom.c.obj
LOAD CMakeFiles/pico_gamepad_host.dir/G_/PowerA_Controller_Project/pico-sdk/src/rp2_common/pico_bootrom/bootrom_lock.c.obj
LOAD CMakeFiles/pico_gamepad_host.dir/G_/PowerA_Controller_Project/pico-sdk/src/rp2_common/hardware_boot_lock/boot_lock.c.obj
LOAD CMakeFiles/pico_gamepad_host.dir/G_/PowerA_Controller_Project/pico-sdk/src/rp2_common/pico_flash/flash.c.obj
LOAD CMakeFiles/pico_gamepad_host.dir/G_/PowerA_Controller_Project/pico-sdk/src/rp2_common/hardware_xosc/xosc.c.obj
LOAD CMakeFiles/pico_gamepad_host.dir/G_/PowerA_Controller_Project/pico-sdk/src/rp2_common/hardware_divider/divider.S.obj
LOAD CMakeFiles/pico_gamepad_host.dir/G_/PowerA_Controller_Project/pico-sdk/src/rp2_common/pico_runtime/runtime.c.obj
LOAD CMakeFiles/pico_gamepad_host.dir/G_/PowerA_Controller_Project/pico-sdk/src/rp2_common/pico_runtime_init/runtime_init.c.obj
LOAD CMakeFiles/pico_gamepad_host.dir/G_/PowerA_Controller_Project/pico-sdk/src/rp2_common/pico_runtime_init/runtime_init_clocks.c.obj
LOAD CMakeFiles/pico_gamepad_host.dir/G_/PowerA_Controller_Project/pico-sdk/src/rp2_common/pico_runtime_init/runtime_init_stack_guard.c.obj
LOAD CMakeFiles/pico_gamepad_host.dir/G_/PowerA_Controller_Project/pico-sdk/src/rp2_common/pico_bit_ops/bit_ops_aeabi.S.obj
LOAD CMakeFiles/pico_gamepad_host.dir/G_/PowerA_Controller_Project/pico-sdk/src/rp2_common/pico_divider/divider_hardware.S.obj
LOAD CMakeFiles/pico_gamepad_host.dir/G_/PowerA_Controller_Project/pico-sdk/src/rp2_common/pico_double/double_aeabi_rp2040.S.obj
LOAD CMakeFiles/pico_gamepad_host.dir/G_/PowerA_Controller_Project/pico-sdk/src/rp2_common/pico_double/double_init_rom_rp2040.c.obj
LOAD CMakeFiles/pico_gamepad_host.dir/G_/PowerA_Controller_Project/pico-sdk/src/rp2_common/pico_double/double_math.c.obj
LOAD CMakeFiles/pico_gamepad_host.dir/G_/PowerA_Controller_Project/pico-sdk/src/rp2_common/pico_double/double_v1_rom_shim_rp2040.S.obj
LOAD CMakeFiles/pico_gamepad_host.dir/G_/PowerA_Controller_Project/pico-sdk/src/rp2_common/pico_int64_ops/pico_int64_ops_aeabi.S.obj
LOAD CMakeFiles/pico_gamepad_host.dir/G_/PowerA_Controller_Project/pico-sdk/src/rp2_common/pico_float/float_aeabi_rp2040.S.obj
LOAD CMakeFiles/pico_gamepad_host.dir/G_/PowerA_Controller_Project/pico-sdk/src/rp2_common/pico_float/float_init_rom_rp2040.c.obj
LOAD CMakeFiles/pico_gamepad_host.dir/G_/PowerA_Controller_Project/pico-sdk/src/rp2_common/pico_float/float_math.c.obj
LOAD CMakeFiles/pico_gamepad_host.dir/G_/PowerA_Controller_Project/pico-sdk/src/rp2_common/pico_float/float_v1_rom_shim_rp2040.S.obj
LOAD CMakeFiles/pico_gamepad_host.dir/G_/PowerA_Controller_Project/pico-sdk/src/rp2_common/pico_malloc/malloc.c.obj
LOAD CMakeFiles/pico_gamepad_host.dir/G_/PowerA_Controller_Project/pico-sdk/src/rp2_common/pico_mem_ops/mem_ops_aeabi.S.obj
LOAD CMakeFiles/pico_gamepad_host.dir/G_/PowerA_Controller_Project/pico-sdk/src/rp2_common/pico_atomic/atomic.c.obj
LOAD CMakeFiles/pico_gamepad_host.dir/G_/PowerA_Controller_Project/pico-sdk/src/rp2_common/pico_cxx_options/new_delete.cpp.obj
LOAD CMakeFiles/pico_gamepad_host.dir/G_/PowerA_Controller_Project/pico-sdk/src/rp2_common/pico_standard_binary_info/standard_binary_info.c.obj
LOAD CMakeFiles/pico_gamepad_host.dir/G_/PowerA_Controller_Project/pico-sdk/src/rp2_common/pico_printf/printf.c.obj
LOAD CMakeFiles/pico_gamepad_host.dir/G_/PowerA_Controller_Project/pico-sdk/src/rp2_common/pico_crt0/crt0.S.obj
LOAD CMakeFiles/pico_gamepad_host.dir/G_/PowerA_Controller_Project/pico-sdk/src/rp2_common/pico_clib_interface/newlib_interface.c.obj
LOAD CMakeFiles/pico_gamepad_host.dir/G_/PowerA_Controller_Project/pico-sdk/src/rp2_common/pico_stdio/stdio.c.obj
LOAD CMakeFiles/pico_gamepad_host.dir/G_/PowerA_Controller_Project/pico-sdk/src/rp2_common/pico_stdio_uart/stdio_uart.c.obj
LOAD CMakeFiles/pico_gamepad_host.dir/G_/PowerA_Controller_Project/pico-sdk/src/rp2_common/hardware_spi/spi.c.obj
LOAD CMakeFiles/pico_gamepad_host.dir/G_/PowerA_Controller_Project/pico-sdk/lib/tinyusb/src/portable/raspberrypi/rp2040/hcd_rp2040.c.obj
LOAD CMakeFiles/pico_gamepad_host.dir/G_/PowerA_Controller_Project/pico-sdk/lib/tinyusb/src/portable/raspberrypi/rp2040/rp2040_usb.c.obj
LOAD CMakeFiles/pico_gamepad_host.dir/G_/PowerA_Controller_Project/pico-sdk/lib/tinyusb/src/host/usbh.c.obj
LOAD CMakeFiles/pico_gamepad_host.dir/G_/PowerA_Controller_Project/pico-sdk/lib/tinyusb/src/host/hub.c.obj
LOAD CMakeFiles/pico_gamepad_host.dir/G_/PowerA_Controller_Project/pico-sdk/lib/tinyusb/src/class/cdc/cdc_host.c.obj
LOAD CMakeFiles/pico_gamepad_host.dir/G_/PowerA_Controller_Project/pico-sdk/lib/tinyusb/src/class/hid/hid_host.c.obj
LOAD CMakeFiles/pico_gamepad_host.dir/G_/PowerA_Controller_Project/pico-sdk/lib/tinyusb/src/class/msc/msc_host.c.obj
LOAD CMakeFiles/pico_gamepad_host.dir/G_/PowerA_Controller_Project/pico-sdk/lib/tinyusb/src/class/vendor/vendor_host.c.obj
LOAD CMakeFiles/pico_gamepad_host.dir/G_/PowerA_Controller_Project/pico-sdk/lib/tinyusb/src/tusb.c.obj
LOAD CMakeFiles/pico_gamepad_host.dir/G_/PowerA_Controller_Project/pico-sdk/lib/tinyusb/src/common/tusb_fifo.c.obj
LOAD CMakeFiles/pico_gamepad_host.dir/G_/PowerA_Controller_Project/pico-sdk/lib/tinyusb/hw/bsp/rp2040/family.c.obj
LOAD CMakeFiles/pico_gamepad_host.dir/G_/PowerA_Controller_Project/pico-sdk/src/rp2_common/pico_unique_id/unique_id.c.obj
LOAD CMakeFiles/pico_gamepad_host.dir/G_/PowerA_Controller_Project/pico-sdk/src/rp2_common/hardware_flash/flash.c.obj
LOAD CMakeFiles/pico_gamepad_host.dir/G_/PowerA_Controller_Project/pico-sdk/src/rp2_common/hardware_xip_cache/xip_cache.c.obj
LOAD CMakeFiles/pico_gamepad_host.dir/lib/tusb_xinput/xinput_host.c.obj
LOAD pico-sdk/src/rp2040/boot_stage2/CMakeFiles/bs2_default_library.dir/./bs2_default_padded_checksummed.S.obj
LOAD C:/Program Files (x86)/Arm GNU Toolchain arm-none-eabi/14.2 rel1/bin/../lib/gcc/arm-none-eabi/14.2.1/thumb/v6-m/nofp\libstdc++.a
LOAD C:/Program Files (x86)/Arm GNU Toolchain arm-none-eabi/14.2 rel1/bin/../lib/gcc/arm-none-eabi/14.2.1/thumb/v6-m/nofp\libm.a
START GROUP
LOAD C:/Program Files (x86)/Arm GNU Toolchain arm-none-eabi/14.2 rel1/bin/../lib/gcc/arm-none-eabi/14.2.1/thumb/v6-m/nofp\libgcc.a
LOAD C:/Program Files (x86)/Arm GNU Toolchain arm-none-eabi/14.2 rel1/bin/../lib/gcc/arm-none-eabi/14.2.1/thumb/v6-m/nofp\libg.a
LOAD C:/Program Files (x86)/Arm GNU Toolchain arm-none-eabi/14.2 rel1/bin/../lib/gcc/arm-none-eabi/14.2.1/thumb/v6-m/nofp\libc.a
END GROUP
START GROUP
LOAD C:/Program Files (x86)/Arm GNU Toolchain arm-none-eabi/14.2 rel1/bin/../lib/gcc/arm-none-eabi/14.2.1/thumb/v6-m/nofp\libgcc.a
LOAD C:/Program Files (x86)/Arm GNU Toolchain arm-none-eabi/14.2 rel1/bin/../lib/gcc/arm-none-eabi/14.2.1/thumb/v6-m/nofp\libc.a
LOAD C:/Program Files (x86)/Arm GNU Toolchain arm-none-eabi/14.2 rel1/bin/../lib/gcc/arm-none-eabi/14.2.1/thumb/v6-m/nofp\libnosys.a
END GROUP
LOAD C:/Program Files (x86)/Arm GNU Toolchain arm-none-eabi/14.2 rel1/bin/../lib/gcc/arm-none-eabi/14.2.1/thumb/v6-m/nofp/crtend.o
LOAD C:/Program Files (x86)/Arm GNU Toolchain arm-none-eabi/14.2 rel1/bin/../lib/gcc/arm-none-eabi/14.2.1/thumb/v6-m/nofp/crtn.o
OUTPUT(G:\PowerA Controller Project\PowerA_Xbox_One_Modd_New\PowerA_Xbox_One_Mod\build\pico_gamepad_host.elf elf32-littlearm)
LOAD linker stubs

.ARM.attributes
                0x00000000       0x28
 .ARM.attributes
                0x00000000       0x1e C:/Program Files (x86)/Arm GNU Toolchain arm-none-eabi/14.2 rel1/bin/../lib/gcc/arm-none-eabi/14.2.1/thumb/v6-m/nofp/crti.o
 .ARM.attributes
                0x0000001e       0x2c C:/Program Files (x86)/Arm GNU Toolchain arm-none-eabi/14.2 rel1/bin/../lib/gcc/arm-none-eabi/14.2.1/thumb/v6-m/nofp/crtbegin.o
 .ARM.attributes
                0x0000004a       0x2c CMakeFiles/pico_gamepad_host.dir/main.c.obj
 .ARM.attributes
                0x00000076       0x2c CMakeFiles/pico_gamepad_host.dir/G_/PowerA_Controller_Project/pico-sdk/src/rp2_common/hardware_gpio/gpio.c.obj
 .ARM.attributes
                0x000000a2       0x2c CMakeFiles/pico_gamepad_host.dir/G_/PowerA_Controller_Project/pico-sdk/src/rp2_common/pico_platform_panic/panic.c.obj
 .ARM.attributes