Archive member included to satisfy reference by file (symbol)

C:/PROGRA~2/ARMGNU~1/14EFD8~1.2RE/bin/../lib/gcc/arm-none-eabi/14.2.1/thumb/v6-m/nofp\libgcc.a(_dvmd_tls.o)
                              CMakeFiles/pico_gamepad_host.dir/G_/PowerA_Controller_Project/pico-sdk/src/rp2_common/pico_divider/divider_hardware.S.obj (__aeabi_idiv0)
C:/PROGRA~2/ARMGNU~1/14EFD8~1.2RE/bin/../lib/gcc/arm-none-eabi/14.2.1/thumb/v6-m/nofp\libg.a(libc_a-calloc.o)
                              CMakeFiles/pico_gamepad_host.dir/G_/PowerA_Controller_Project/pico-sdk/src/rp2_common/pico_malloc/malloc.c.obj (calloc)
C:/PROGRA~2/ARMGNU~1/14EFD8~1.2RE/bin/../lib/gcc/arm-none-eabi/14.2.1/thumb/v6-m/nofp\libg.a(libc_a-callocr.o)
                              C:/PROGRA~2/ARMGNU~1/14EFD8~1.2RE/bin/../lib/gcc/arm-none-eabi/14.2.1/thumb/v6-m/nofp\libg.a(libc_a-calloc.o) (_calloc_r)
C:/PROGRA~2/ARMGNU~1/14EFD8~1.2RE/bin/../lib/gcc/arm-none-eabi/14.2.1/thumb/v6-m/nofp\libg.a(libc_a-malloc.o)
                              CMakeFiles/pico_gamepad_host.dir/G_/PowerA_Controller_Project/pico-sdk/src/rp2_common/pico_malloc/malloc.c.obj (malloc)
C:/PROGRA~2/ARMGNU~1/14EFD8~1.2RE/bin/../lib/gcc/arm-none-eabi/14.2.1/thumb/v6-m/nofp\libg.a(libc_a-mallocr.o)
                              C:/PROGRA~2/ARMGNU~1/14EFD8~1.2RE/bin/../lib/gcc/arm-none-eabi/14.2.1/thumb/v6-m/nofp\libg.a(libc_a-callocr.o) (_malloc_r)
C:/PROGRA~2/ARMGNU~1/14EFD8~1.2RE/bin/../lib/gcc/arm-none-eabi/14.2.1/thumb/v6-m/nofp\libg.a(libc_a-mlock.o)
                              C:/PROGRA~2/ARMGNU~1/14EFD8~1.2RE/bin/../lib/gcc/arm-none-eabi/14.2.1/thumb/v6-m/nofp\libg.a(libc_a-mallocr.o) (__malloc_lock)
C:/PROGRA~2/ARMGNU~1/14EFD8~1.2RE/bin/../lib/gcc/arm-none-eabi/14.2.1/thumb/v6-m/nofp\libg.a(libc_a-realloc.o)
                              CMakeFiles/pico_gamepad_host.dir/G_/PowerA_Controller_Project/pico-sdk/src/rp2_common/pico_malloc/malloc.c.obj (realloc)
C:/PROGRA~2/ARMGNU~1/14EFD8~1.2RE/bin/../lib/gcc/arm-none-eabi/14.2.1/thumb/v6-m/nofp\libg.a(libc_a-reallocr.o)
                              C:/PROGRA~2/ARMGNU~1/14EFD8~1.2RE/bin/../lib/gcc/arm-none-eabi/14.2.1/thumb/v6-m/nofp\libg.a(libc_a-realloc.o) (_realloc_r)
C:/PROGRA~2/ARMGNU~1/14EFD8~1.2RE/bin/../lib/gcc/arm-none-eabi/14.2.1/thumb/v6-m/nofp\libg.a(libc_a-memcmp.o)
                              CMakeFiles/pico_gamepad_host.dir/G_/PowerA_Controller_Project/pico-sdk/src/rp2_common/pico_atomic/atomic.c.obj (memcmp)
C:/PROGRA~2/ARMGNU~1/14EFD8~1.2RE/bin/../lib/gcc/arm-none-eabi/14.2.1/thumb/v6-m/nofp\libg.a(libc_a-memmove.o)
                              C:/PROGRA~2/ARMGNU~1/14EFD8~1.2RE/bin/../lib/gcc/arm-none-eabi/14.2.1/thumb/v6-m/nofp\libg.a(libc_a-reallocr.o) (memmove)
C:/PROGRA~2/ARMGNU~1/14EFD8~1.2RE/bin/../lib/gcc/arm-none-eabi/14.2.1/thumb/v6-m/nofp\libg.a(libc_a-lcltime_r.o)
                              CMakeFiles/pico_gamepad_host.dir/G_/PowerA_Controller_Project/pico-sdk/src/common/pico_util/datetime.c.obj (localtime_r)
C:/PROGRA~2/ARMGNU~1/14EFD8~1.2RE/bin/../lib/gcc/arm-none-eabi/14.2.1/thumb/v6-m/nofp\libg.a(libc_a-mktime.o)
                              CMakeFiles/pico_gamepad_host.dir/G_/PowerA_Controller_Project/pico-sdk/src/common/pico_util/datetime.c.obj (mktime)
C:/PROGRA~2/ARMGNU~1/14EFD8~1.2RE/bin/../lib/gcc/arm-none-eabi/14.2.1/thumb/v6-m/nofp\libg.a(libc_a-month_lengths.o)
                              C:/PROGRA~2/ARMGNU~1/14EFD8~1.2RE/bin/../lib/gcc/arm-none-eabi/14.2.1/thumb/v6-m/nofp\libg.a(libc_a-lcltime_r.o) (__month_lengths)
C:/PROGRA~2/ARMGNU~1/14EFD8~1.2RE/bin/../lib/gcc/arm-none-eabi/14.2.1/thumb/v6-m/nofp\libg.a(libc_a-tzcalc_limits.o)
                              C:/PROGRA~2/ARMGNU~1/14EFD8~1.2RE/bin/../lib/gcc/arm-none-eabi/14.2.1/thumb/v6-m/nofp\libg.a(libc_a-lcltime_r.o) (__tzcalc_limits)
C:/PROGRA~2/ARMGNU~1/14EFD8~1.2RE/bin/../lib/gcc/arm-none-eabi/14.2.1/thumb/v6-m/nofp\libg.a(libc_a-tzlock.o)
                              C:/PROGRA~2/ARMGNU~1/14EFD8~1.2RE/bin/../lib/gcc/arm-none-eabi/14.2.1/thumb/v6-m/nofp\libg.a(libc_a-lcltime_r.o) (__tz_lock)
C:/PROGRA~2/ARMGNU~1/14EFD8~1.2RE/bin/../lib/gcc/arm-none-eabi/14.2.1/thumb/v6-m/nofp\libg.a(libc_a-tzset.o)
                              C:/PROGRA~2/ARMGNU~1/14EFD8~1.2RE/bin/../lib/gcc/arm-none-eabi/14.2.1/thumb/v6-m/nofp\libg.a(libc_a-lcltime_r.o) (_tzset_unlocked)
C:/PROGRA~2/ARMGNU~1/14EFD8~1.2RE/bin/../lib/gcc/arm-none-eabi/14.2.1/thumb/v6-m/nofp\libg.a(libc_a-tzset_r.o)
                              C:/PROGRA~2/ARMGNU~1/14EFD8~1.2RE/bin/../lib/gcc/arm-none-eabi/14.2.1/thumb/v6-m/nofp\libg.a(libc_a-tzset.o) (_tzset_unlocked_r)
C:/PROGRA~2/ARMGNU~1/14EFD8~1.2RE/bin/../lib/gcc/arm-none-eabi/14.2.1/thumb/v6-m/nofp\libg.a(libc_a-tzvars.o)
                              C:/PROGRA~2/ARMGNU~1/14EFD8~1.2RE/bin/../lib/gcc/arm-none-eabi/14.2.1/thumb/v6-m/nofp\libg.a(libc_a-tzset_r.o) (_timezone)
C:/PROGRA~2/ARMGNU~1/14EFD8~1.2RE/bin/../lib/gcc/arm-none-eabi/14.2.1/thumb/v6-m/nofp\libg.a(libc_a-impure.o)
[...]
Memory Configuration

Name             Origin             Length             Attributes
FLASH            0x10000000         0x00200000         xr
RAM              0x20000000         0x00040000         xrw
SCRATCH_X        0x20040000         0x00001000         xrw
SCRATCH_Y        0x20041000         0x00001000         xrw
*default*        0x00000000         0xffffffff

Linker script and memory map

LOAD C:/PROGRA~2/ARMGNU~1/14EFD8~1.2RE/bin/../lib/gcc/arm-none-eabi/14.2.1/thumb/v6-m/nofp/crti.o
LOAD C:/PROGRA~2/ARMGNU~1/14EFD8~1.2RE/bin/../lib/gcc/arm-none-eabi/14.2.1/thumb/v6-m/nofp/crtbegin.o
LOAD C:/PROGRA~2/ARMGNU~1/14EFD8~1.2RE/bin/../lib/gcc/arm-none-eabi/14.2.1/thumb/v6-m/nofp/crt0.o

.flash_begin    0x10000000        0x0
                0x10000000                        __flash_binary_start = .

.boot2          0x10000000      0x100
                0x10000000                        __boot2_start__ = .
 *(.boot2)
 .boot2         0x10000000      0x100 pico-sdk/src/rp2040/boot_stage2/CMakeFiles/bs2_default_library.dir/./bs2_default_padded_checksummed.S.obj
                0x10000100                        __boot2_end__ = .
                0x00000001                        ASSERT (((__boot2_end__ - __boot2_start__) == 0x100), ERROR: Pico second stage bootloader must be 256 bytes in size)

.text           0x10000100     0x893c
                0x10000100                        __logical_binary_start = .
 *(.vectors)
 .vectors       0x10000100       0xd4 CMakeFiles/pico_gamepad_host.dir/G_/PowerA_Controller_Project/pico-sdk/src/rp2_common/pico_crt0/crt0.S.obj
                0x10000100                __VECTOR_TABLE
                0x10000100                __vectors
                0x100001c0                isr_irq13
                0x100001c0                isr_irq27
                0x100001c0                isr_irq31
                0x100001c0                isr_irq12
                0x100001c0                isr_irq5
                0x100001c0                isr_irq11
                0x100001c0                isr_irq3
                0x100001c0                isr_irq23
                0x100001c0                __unhandled_user_irq
                0x100001c0                isr_irq26
                0x100001c0                isr_irq28
                0x100001c0                isr_irq19
                0x100001c0                isr_irq0
                0x100001c0                isr_irq6
                0x100001c0                isr_irq29
                0x100001c0                isr_irq16
                0x100001c0                isr_irq22
                0x100001c0                isr_irq18
                0x100001c0                isr_irq17
                0x100001c0                isr_irq14
                0x100001c0                __vectors_end
                0x100001c0                __default_isrs_start
                0x100001c0                isr_irq2
                0x100001c0                isr_irq10
                0x100001c0                isr_irq8
                0x100001c0                isr_irq24
                0x100001c0                isr_irq1
                0x100001c0                isr_irq7
                0x100001c0                isr_irq21
                0x100001c0                isr_irq20
                0x100001c0                isr_irq15
                0x100001c0                isr_irq25
                0x100001c0                isr_irq4
                0x100001c0                isr_irq30
                0x100001c0                isr_irq9
                0x100001c6                unhandled_user_irq_num_in_r0
                0x100001c8                isr_invalid
                0x100001ca                isr_nmi
                0x100001cc                isr_hardfault
                0x100001ce                isr_svcall
                0x100001d0                isr_pendsv
                0x100001d2                isr_systick
                0x100001d4                __default_isrs_end
 *(.binary_info_header)
 .binary_info_header
                0x100001d4       0x14 CMakeFiles/pico_gamepad_host.dir/G_/PowerA_Controller_Project/pico-sdk/src/rp2_common/pico_crt0/crt0.S.obj
                0x100001e8                        __binary_info_header_end = .
 *(.embedded_block)
                0x100001e8                        __embedded_block_end = .
 *(.reset)
 .reset         0x100001e8       0x9c CMakeFiles/pico_gamepad_host.dir/G_/PowerA_Controller_Project/pico-sdk/src/rp2_common/pico_crt0/crt0.S.obj
                0x100001e8                _entry_point
 *(.init)
 .init          0x10000284        0x4 C:/PROGRA~2/ARMGNU~1/14EFD8~1.2RE/bin/../lib/gcc/arm-none-eabi/14.2.1/thumb/v6-m/nofp/crti.o
                0x10000284                _init
 *(EXCLUDE_FILE(*libm.a: *libc.a:*lib_a-mem*.o *libgcc.a:) .text*)
 .text.register_tm_clones
                0x10000288       0x28 C:/PROGRA~2/ARMGNU~1/14EFD8~1.2RE/bin/../lib/gcc/arm-none-eabi/14.2.1/thumb/v6-m/nofp/crtbegin.o
 .text.frame_dummy
                0x100002b0       0x24 C:/PROGRA~2/ARMGNU~1/14EFD8~1.2RE/bin/../lib/gcc/arm-none-eabi/14.2.1/thumb/v6-m/nofp/crtbegin.o
 .text.nrf_write_register
                0x100002d4       0x44 CMakeFiles/pico_gamepad_host.dir/main.c.obj
 .text.build_and_send_payload.constprop.0
                0x10000318      0x310 CMakeFiles/pico_gamepad_host.dir/main.c.obj
 .text.usbh_app_driver_get_cb
                0x10000628        0xc CMakeFiles/pico_gamepad_host.dir/main.c.obj
                0x10000628                usbh_app_driver_get_cb
 .text.tuh_xinput_mount_cb
                0x10000634       0xc8 CMakeFiles/pico_gamepad_host.dir/main.c.obj
                0x10000634                tuh_xinput_mount_cb
 .text.tuh_xinput_umount_cb
                0x100006fc       0x24 CMakeFiles/pico_gamepad_host.dir/main.c.obj
                0x100006fc                tuh_xinput_umount_cb
 .text.tuh_xinput_report_received_cb
                0x10000720      0x2b4 CMakeFiles/pico_gamepad_host.dir/main.c.obj
                0x10000720                tuh_xinput_report_received_cb
 .text.startup.main
                0x100009d4      0x208 CMakeFiles/pico_gamepad_host.dir/main.c.obj
                0x100009d4                main
 .text.gpio_set_function
                0x10000bdc       0x34 CMakeFiles/pico_gamepad_host.dir/G_/PowerA_Controller_Project/pico-sdk/src/rp2_common/hardware_gpio/gpio.c.obj
                0x10000bdc                gpio_set_function
 .text.gpio_init
                0x10000c10       0x40 CMakeFiles/pico_gamepad_host.dir/G_/PowerA_Controller_Project/pico-sdk/src/rp2_common/hardware_gpio/gpio.c.obj
                0x10000c10                gpio_init
 .text.panic    0x10000c50       0x30 CMakeFiles/pico_gamepad_host.dir/G_/PowerA_Controller_Project/pico-sdk/src/rp2_common/pico_platform_panic/panic.c.obj
                0x10000c50                panic
 .text.hw_claim_or_assert
                0x10000c80       0x44 CMakeFiles/pico_gamepad_host.dir/G_/PowerA_Controller_Project/pico-sdk/src/common/hardware_claim/claim.c.obj
                0x10000c80                hw_claim_or_assert
 .text.hw_claim_unused_from_range
                0x10000cc4       0x88 CMakeFiles/pico_gamepad_host.dir/G_/PowerA_Controller_Project/pico-sdk/src/common/hardware_claim/claim.c.obj
                0x10000cc4                hw_claim_unused_from_range
 .text.next_striped_spin_lock_num
                0x10000d4c       0x18 CMakeFiles/pico_gamepad_host.dir/G_/PowerA_Controller_Project/pico-sdk/src/rp2_common/hardware_sync/sync.c.obj
                0x10000d4c                next_striped_spin_lock_num
 .text.spin_lock_claim_unused
                0x10000d64       0x24 CMakeFiles/pico_gamepad_host.dir/G_/PowerA_Controller_Project/pico-sdk/src/rp2_common/hardware_sync/sync.c.obj
                0x10000d64                spin_lock_claim_unused
 .text.spin_locks_reset
                0x10000d88       0x1c CMakeFiles/pico_gamepad_host.dir/G_/PowerA_Controller_Project/pico-sdk/src/rp2_common/hardware_sync_spin_lock/sync_spin_lock.c.obj
                0x10000d88                spin_locks_reset
 .text.runtime_init_per_core_irq_priorities
                0x10000da4       0x24 CMakeFiles/pico_gamepad_host.dir/G_/PowerA_Controller_Project/pico-sdk/src/rp2_common/hardware_irq/irq.c.obj
                0x10000da4                runtime_init_per_core_irq_priorities
 .text.irq_set_enabled
                0x10000dc8       0x24 CMakeFiles/pico_gamepad_host.dir/G_/PowerA_Controller_Project/pico-sdk/src/rp2_common/hardware_irq/irq.c.obj
                0x10000dc8                irq_set_enabled
 .text.irq_set_exclusive_handler
                0x10000dec       0x54 CMakeFiles/pico_gamepad_host.dir/G_/PowerA_Controller_Project/pico-sdk/src/rp2_common/hardware_irq/irq.c.obj
                0x10000dec                irq_set_exclusive_handler
 .text.irq_add_shared_handler
                0x10000e40      0x1f4 CMakeFiles/pico_gamepad_host.dir/G_/PowerA_Controller_Project/pico-sdk/src/rp2_common/hardware_irq/irq.c.obj
                0x10000e40                irq_add_shared_handler
 .text.irq_remove_handler
                0x10001034      0x1d4 CMakeFiles/pico_gamepad_host.dir/G_/PowerA_Controller_Project/pico-sdk/src/rp2_common/hardware_irq/irq.c.obj
                0x10001034                irq_remove_handler
 .text.irq_add_tail_to_free_list
                0x10001208       0xb4 CMakeFiles/pico_gamepad_host.dir/G_/PowerA_Controller_Project/pico-sdk/src/rp2_common/hardware_irq/irq.c.obj
                0x10001208                irq_add_tail_to_free_list
 .text.lock_init
                0x100012bc       0x10 CMakeFiles/pico_gamepad_host.dir/G_/PowerA_Controller_Project/pico-sdk/src/common/pico_sync/lock_core.c.obj
                0x100012bc                lock_init
 .text.runtime_init_mutex
                0x100012cc       0x50 CMakeFiles/pico_gamepad_host.dir/G_/PowerA_Controller_Project/pico-sdk/src/common/pico_sync/mutex.c.obj
                0x100012cc                runtime_init_mutex
 .text.mutex_init
                0x1000131c       0x1c CMakeFiles/pico_gamepad_host.dir/G_/PowerA_Controller_Project/pico-sdk/src/common/pico_sync/mutex.c.obj
                0x1000131c                mutex_init
 .text.critical_section_init
                0x10001338       0x1c CMakeFiles/pico_gamepad_host.dir/G_/PowerA_Controller_Project/pico-sdk/src/common/pico_sync/critical_section.c.obj
                0x10001338                critical_section_init
 .text.sleep_until_callback
                0x10001354       0x30 CMakeFiles/pico_gamepad_host.dir/G_/PowerA_Controller_Project/pico-sdk/src/common/pico_time/time.c.obj
 .text.alarm_pool_irq_handler
                0x10001384      0x300 CMakeFiles/pico_gamepad_host.dir/G_/PowerA_Controller_Project/pico-sdk/src/common/pico_time/time.c.obj
 .text.runtime_init_default_alarm_pool
                0x10001684       0xdc CMakeFiles/pico_gamepad_host.dir/G_/PowerA_Controller_Project/pico-sdk/src/common/pico_time/time.c.obj
                0x10001684                runtime_init_default_alarm_pool
 .text.alarm_pool_add_alarm_at_force_in_context
                0x10001760       0xb0 CMakeFiles/pico_gamepad_host.dir/G_/PowerA_Controller_Project/pico-sdk/src/common/pico_time/time.c.obj
                0x10001760                alarm_pool_add_alarm_at_force_in_context
 .text.alarm_pool_cancel_alarm
                0x10001810       0x74 CMakeFiles/pico_gamepad_host.dir/G_/PowerA_Controller_Project/pico-sdk/src/common/pico_time/time.c.obj
                0x10001810                alarm_pool_cancel_alarm
 .text.sleep_ms
                0x10001884       0xfc CMakeFiles/pico_gamepad_host.dir/G_/PowerA_Controller_Project/pico-sdk/src/common/pico_time/time.c.obj
                0x10001884                sleep_ms
 .text.best_effort_wfe_or_timeout
                0x10001980      0x10c CMakeFiles/pico_gamepad_host.dir/G_/PowerA_Controller_Project/pico-sdk/src/common/pico_time/time.c.obj
                0x10001980                best_effort_wfe_or_timeout
 .text.timer_hardware_alarm_claim
                0x10001a8c       0x14 CMakeFiles/pico_gamepad_host.dir/G_/PowerA_Controller_Project/pico-sdk/src/rp2_common/hardware_timer/timer.c.obj
                0x10001a8c                timer_hardware_alarm_claim
 .text.timer_time_us_64
                0x10001aa0       0x10 CMakeFiles/pico_gamepad_host.dir/G_/PowerA_Controller_Project/pico-sdk/src/rp2_common/hardware_timer/timer.c.obj
                0x10001aa0                timer_time_us_64
 .text.time_us_64
                0x10001ab0       0x14 CMakeFiles/pico_gamepad_host.dir/G_/PowerA_Controller_Project/pico-sdk/src/rp2_common/hardware_timer/timer.c.obj
                0x10001ab0                time_us_64
 .text.busy_wait_us
                0x10001ac4       0x68 CMakeFiles/pico_gamepad_host.dir/G_/PowerA_Controller_Project/pico-sdk/src/rp2_common/hardware_timer/timer.c.obj
                0x10001ac4                busy_wait_us
 .text.busy_wait_until
                0x10001b2c       0x20 CMakeFiles/pico_gamepad_host.dir/G_/PowerA_Controller_Project/pico-sdk/src/rp2_common/hardware_timer/timer.c.obj
                0x10001b2c                busy_wait_until
 .text.uart_init
                0x10001b4c      0x120 CMakeFiles/pico_gamepad_host.dir/G_/PowerA_Controller_Project/pico-sdk/src/rp2_common/hardware_uart/uart.c.obj
                0x10001b4c                uart_init
 .text.clock_configure_int_divider
                0x10001c6c       0xf4 CMakeFiles/pico_gamepad_host.dir/G_/PowerA_Controller_Project/pico-sdk/src/rp2_common/hardware_clocks/clocks.c.obj
                0x10001c6c                clock_configure_int_divider
 .text.clock_configure_undivided
                0x10001d60       0xe8 CMakeFiles/pico_gamepad_host.dir/G_/PowerA_Controller_Project/pico-sdk/src/rp2_common/hardware_clocks/clocks.c.obj
                0x10001d60                clock_configure_undivided
 .text.clock_get_hz
                0x10001e48        0xc CMakeFiles/pico_gamepad_host.dir/G_/PowerA_Controller_Project/pico-sdk/src/rp2_common/hardware_clocks/clocks.c.obj
                0x10001e48                clock_get_hz
 .text.pll_init
                0x10001e54       0xa4 CMakeFiles/pico_gamepad_host.dir/G_/PowerA_Controller_Project/pico-sdk/src/rp2_common/hardware_pll/pll.c.obj
                0x10001e54                pll_init
 .text.tick_start
                0x10001ef8       0x10 CMakeFiles/pico_gamepad_host.dir/G_/PowerA_Controller_Project/pico-sdk/src/rp2_common/hardware_ticks/ticks.c.obj
                0x10001ef8                tick_start
 .text.rom_func_lookup
                0x10001f08       0x10 CMakeFiles/pico_gamepad_host.dir/G_/PowerA_Controller_Project/pico-sdk/src/rp2_common/pico_bootrom/bootrom.c.obj
                0x10001f08                rom_func_lookup
 .text.rom_data_lookup
                0x10001f18       0x10 CMakeFiles/pico_gamepad_host.dir/G_/PowerA_Controller_Project/pico-sdk/src/rp2_common/pico_bootrom/bootrom.c.obj
                0x10001f18                rom_data_lookup
 .text.rom_funcs_lookup
                0x10001f28       0x44 CMakeFiles/pico_gamepad_host.dir/G_/PowerA_Controller_Project/pico-sdk/src/rp2_common/pico_bootrom/bootrom.c.obj
                0x10001f28                rom_funcs_lookup
 .text.xosc_init
                0x10001f6c       0x28 CMakeFiles/pico_gamepad_host.dir/G_/PowerA_Controller_Project/pico-sdk/src/rp2_common/hardware_xosc/xosc.c.obj
                0x10001f6c                xosc_init
 .text.first_per_core_initializer
                0x10001f94        0x4 CMakeFiles/pico_gamepad_host.dir/G_/PowerA_Controller_Project/pico-sdk/src/rp2_common/pico_runtime/runtime.c.obj
 .text.hard_assertion_failure
                0x10001f98        0xc CMakeFiles/pico_gamepad_host.dir/G_/PowerA_Controller_Project/pico-sdk/src/rp2_common/pico_runtime/runtime.c.obj
                0x10001f98                hard_assertion_failure
 .text.runtime_run_initializers
                0x10001fa4       0x28 CMakeFiles/pico_gamepad_host.dir/G_/PowerA_Controller_Project/pico-sdk/src/rp2_common/pico_runtime/runtime.c.obj
                0x10001fa4                runtime_run_initializers
 .text.runtime_init_early_resets
                0x10001fcc       0x2c CMakeFiles/pico_gamepad_host.dir/G_/PowerA_Controller_Project/pico-sdk/src/rp2_common/pico_runtime_init/runtime_init.c.obj
                0x10001fcc                runtime_init_early_resets
 .text.runtime_init_usb_power_down
                0x10001ff8       0x1c CMakeFiles/pico_gamepad_host.dir/G_/PowerA_Controller_Project/pico-sdk/src/rp2_common/pico_runtime_init/runtime_init.c.obj
                0x10001ff8                runtime_init_usb_power_down
 .text.runtime_init_post_clock_resets
                0x10002014       0x20 CMakeFiles/pico_gamepad_host.dir/G_/PowerA_Controller_Project/pico-sdk/src/rp2_common/pico_runtime_init/runtime_init.c.obj
                0x10002014                runtime_init_post_clock_resets
 .text.runtime_init_rp2040_gpio_ie_disable
                0x10002034       0x14 CMakeFiles/pico_gamepad_host.dir/G_/PowerA_Controller_Project/pico-sdk/src/rp2_common/pico_runtime_init/runtime_init.c.obj
                0x10002034                runtime_init_rp2040_gpio_ie_disable
 .text.runtime_init_spin_locks_reset
                0x10002048        0x8 CMakeFiles/pico_gamepad_host.dir/G_/PowerA_Controller_Project/pico-sdk/src/rp2_common/pico_runtime_init/runtime_init.c.obj
                0x10002048                runtime_init_spin_locks_reset
 .text.runtime_init_install_ram_vector_table
                0x10002050       0xb4 CMakeFiles/pico_gamepad_host.dir/G_/PowerA_Controller_Project/pico-sdk/src/rp2_common/pico_runtime_init/runtime_init.c.obj
                0x10002050                runtime_init_install_ram_vector_table
 .text.runtime_init_clocks
                0x10002104       0xd8 CMakeFiles/pico_gamepad_host.dir/G_/PowerA_Controller_Project/pico-sdk/src/rp2_common/pico_runtime_init/runtime_init_clocks.c.obj
                0x10002104                runtime_init_clocks
 .text          0x100021dc       0x10 CMakeFiles/pico_gamepad_host.dir/G_/PowerA_Controller_Project/pico-sdk/src/rp2_common/pico_bit_ops/bit_ops_aeabi.S.obj
 .text.__wrap___aeabi_idiv
                0x100021ec       0x50 CMakeFiles/pico_gamepad_host.dir/G_/PowerA_Controller_Project/pico-sdk/src/rp2_common/pico_divider/divider_hardware.S.obj
                0x100021ec                __wrap___aeabi_idivmod
                0x100021ec                divmod_s32s32
                0x100021ec                div_s32s32
                0x100021ec                __wrap___aeabi_idiv
                0x100021f4                divmod_s32s32_unsafe
                0x10002220                divmod_s32s32_savestate
 .text.__wrap___aeabi_uidiv
                0x1000223c       0x4c CMakeFiles/pico_gamepad_host.dir/G_/PowerA_Controller_Project/pico-sdk/src/rp2_common/pico_divider/divider_hardware.S.obj
                0x1000223c                __wrap___aeabi_uidiv
                0x1000223c                __wrap___aeabi_uidivmod
                0x1000223c                div_u32u32
                0x1000223c                divmod_u32u32
                0x10002244                divmod_u32u32_unsafe
                0x1000226c                divmod_u32u32_savestate
 .text.__wrap___aeabi_ldiv
                0x10002288      0x424 CMakeFiles/pico_gamepad_host.dir/G_/PowerA_Controller_Project/pico-sdk/src/rp2_common/pico_divider/divider_hardware.S.obj
                0x10002288                div_s64s64
                0x10002288                divmod_s64s64
                0x10002288                __wrap___aeabi_ldivmod
                0x100022b8                divmod_u64u64
                0x100022b8                div_u64u64
                0x100022b8                __wrap___aeabi_uldivmod
                0x100022c8                divmod_u64u64_savestate
                0x100022e8                divmod_s64s64_unsafe
                0x10002370                divmod_u64u64_unsafe
 .text.__wrap___aeabi_darithmetic
                0x100026ac       0x80 CMakeFiles/pico_gamepad_host.dir/G_/PowerA_Controller_Project/pico-sdk/src/rp2_common/pico_double/double_aeabi_rp2040.S.obj
                0x100026ac                __wrap___aeabi_drsub
                0x100026b2                __wrap___aeabi_dsub
                0x100026c4                __wrap___aeabi_dadd
                0x100026d6                __wrap___aeabi_ddiv
                0x10002712                __wrap___aeabi_dmul
 .text.__wrap___aeabi_cdcmple
                0x1000272c       0x6c CMakeFiles/pico_gamepad_host.dir/G_/PowerA_Controller_Project/pico-sdk/src/rp2_common/pico_double/double_aeabi_rp2040.S.obj
                0x1000272c                __wrap___aeabi_cdrcmple
                0x1000273c                __wrap___aeabi_cdcmpeq
                0x1000273c                __wrap___aeabi_cdcmple
 .text.__wrap___aeabi_dcmplt
                0x10002798        0xc CMakeFiles/pico_gamepad_host.dir/G_/PowerA_Controller_Project/pico-sdk/src/rp2_common/pico_double/double_aeabi_rp2040.S.obj
                0x10002798                __wrap___aeabi_dcmplt
 .text.__wrap___aeabi_dcmple
                0x100027a4       0x10 CMakeFiles/pico_gamepad_host.dir/G_/PowerA_Controller_Project/pico-sdk/src/rp2_common/pico_double/double_aeabi_rp2040.S.obj
                0x100027a4                __wrap___aeabi_dcmple
 .text.__wrap___aeabi_dcmpge
                0x100027b4       0x10 CMakeFiles/pico_gamepad_host.dir/G_/PowerA_Controller_Project/pico-sdk/src/rp2_common/pico_double/double_aeabi_rp2040.S.obj
                0x100027b4                __wrap___aeabi_dcmpge
 .text.__wrap___aeabi_dcmpgt
                0x100027c4        0xa CMakeFiles/pico_gamepad_host.dir/G_/PowerA_Controller_Project/pico-sdk/src/rp2_common/pico_double/double_aeabi_rp2040.S.obj
                0x100027c4                __wrap___aeabi_dcmpgt
 .text.__wrap___aeabi_dcmpun
                0x100027ce       0x18 CMakeFiles/pico_gamepad_host.dir/G_/PowerA_Controller_Project/pico-sdk/src/rp2_common/pico_double/double_aeabi_rp2040.S.obj
                0x100027ce                __wrap___aeabi_dcmpun
 *fill*         0x100027e6        0x2 
 .text.__wrap___aeabi_i2d
                0x100027e8       0x38 CMakeFiles/pico_gamepad_host.dir/G_/PowerA_Controller_Project/pico-sdk/src/rp2_common/pico_double/double_aeabi_rp2040.S.obj
                0x100027e8                uint2double
                0x100027e8                __wrap___aeabi_ui2d
                0x100027f0                int2double
                0x100027f0                __wrap___aeabi_i2d
 .text.__wrap___aeabi_d2iz
                0x10002820       0x48 CMakeFiles/pico_gamepad_host.dir/G_/PowerA_Controller_Project/pico-sdk/src/rp2_common/pico_double/double_aeabi_rp2040.S.obj
                0x10002820                double2int_z
                0x10002820                __wrap___aeabi_d2iz
 .text.__wrap___aeabi_d2uiz
                0x10002868       0x18 CMakeFiles/pico_gamepad_host.dir/G_/PowerA_Controller_Project/pico-sdk/src/rp2_common/pico_double/double_aeabi_rp2040.S.obj
                0x10002868                double2uint
                0x10002868                __wrap___aeabi_d2uiz
                0x10002868                double2uint_z
 .text.__aeabi_double_init
                0x10002880       0xa4 CMakeFiles/pico_gamepad_host.dir/G_/PowerA_Controller_Project/pico-sdk/src/rp2_common/pico_double/double_init_rom_rp2040.c.obj
                0x10002880                __aeabi_double_init
 .text.double_table_shim_on_use_helper
                0x10002924       0x2c CMakeFiles/pico_gamepad_host.dir/G_/PowerA_Controller_Project/pico-sdk/src/rp2_common/pico_double/double_v1_rom_shim_rp2040.S.obj
                0x10002924                double_table_shim_on_use_helper
 .text.__wrap___aeabi_dsub
                0x10002950       0x10 CMakeFiles/pico_gamepad_host.dir/G_/PowerA_Controller_Project/pico-sdk/src/rp2_common/pico_double/double_v1_rom_shim_rp2040.S.obj
                0x10002950                drsub_shim
                0x10002956                dsub_shim
 .text.dadd_shim
                0x10002960      0x15c CMakeFiles/pico_gamepad_host.dir/G_/PowerA_Controller_Project/pico-sdk/src/rp2_common/pico_double/double_v1_rom_shim_rp2040.S.obj
                0x10002960                dadd_shim
 .text.dmul_shim
                0x10002abc      0x15c CMakeFiles/pico_gamepad_host.dir/G_/PowerA_Controller_Project/pico-sdk/src/rp2_common/pico_double/double_v1_rom_shim_rp2040.S.obj
                0x10002abc                dmul_shim
 .text.ddiv_shim
                0x10002c18      0x1b0 CMakeFiles/pico_gamepad_host.dir/G_/PowerA_Controller_Project/pico-sdk/src/rp2_common/pico_double/double_v1_rom_shim_rp2040.S.obj
                0x10002c18                ddiv_shim
 .text.double2uint_shim
                0x10002dc8        0xe CMakeFiles/pico_gamepad_host.dir/G_/PowerA_Controller_Project/pico-sdk/src/rp2_common/pico_double/double_v1_rom_shim_rp2040.S.obj
                0x10002dc8                double2uint_shim
                0x10002dca                double2ufix_shim
 *fill*         0x10002dd6        0x2 
 .text.double2uint64_shim
                0x10002dd8       0x70 CMakeFiles/pico_gamepad_host.dir/G_/PowerA_Controller_Project/pico-sdk/src/rp2_common/pico_double/double_v1_rom_shim_rp2040.S.obj
                0x10002dd8                double2uint64_shim
                0x10002dda                double2ufix64_shim
                0x10002dfa                d2fix_a
 .text.dunpacks
                0x10002e48       0x3c CMakeFiles/pico_gamepad_host.dir/G_/PowerA_Controller_Project/pico-sdk/src/rp2_common/pico_double/double_v1_rom_shim_rp2040.S.obj
                0x10002e48                dunpacks
 .text.__aeabi_lmul
                0x10002e84       0x32 CMakeFiles/pico_gamepad_host.dir/G_/PowerA_Controller_Project/pico-sdk/src/rp2_common/pico_int64_ops/pico_int64_ops_aeabi.S.obj
                0x10002e84                __wrap___aeabi_lmul
 *fill*         0x10002eb6        0x2 
 .text.__aeabi_float_init
                0x10002eb8       0x64 CMakeFiles/pico_gamepad_host.dir/G_/PowerA_Controller_Project/pico-sdk/src/rp2_common/pico_float/float_init_rom_rp2040.c.obj
                0x10002eb8                __aeabi_float_init
 .text.float_table_shim_on_use_helper
                0x10002f1c       0x2c CMakeFiles/pico_gamepad_host.dir/G_/PowerA_Controller_Project/pico-sdk/src/rp2_common/pico_float/float_v1_rom_shim_rp2040.S.obj
                0x10002f1c                float_table_shim_on_use_helper
 .text          0x10002f48       0x10 CMakeFiles/pico_gamepad_host.dir/G_/PowerA_Controller_Project/pico-sdk/src/rp2_common/pico_mem_ops/mem_ops_aeabi.S.obj
                0x10002f48                __aeabi_mem_init
 .text.memset   0x10002f58        0xc CMakeFiles/pico_gamepad_host.dir/G_/PowerA_Controller_Project/pico-sdk/src/rp2_common/pico_mem_ops/mem_ops_aeabi.S.obj
                0x10002f58                __wrap_memset
 .text.memcpy   0x10002f64        0xc CMakeFiles/pico_gamepad_host.dir/G_/PowerA_Controller_Project/pico-sdk/src/rp2_common/pico_mem_ops/mem_ops_aeabi.S.obj
                0x10002f64                __wrap_memcpy
                0x10002f64                __wrap___aeabi_memcpy
 .text._out_null
                0x10002f70        0x4 CMakeFiles/pico_gamepad_host.dir/G_/PowerA_Controller_Project/pico-sdk/src/rp2_common/pico_printf/printf.c.obj
 .text._out_rev
                0x10002f74       0xac CMakeFiles/pico_gamepad_host.dir/G_/PowerA_Controller_Project/pico-sdk/src/rp2_common/pico_printf/printf.c.obj
 .text._ntoa_format
                0x10003020      0x1cc CMakeFiles/pico_gamepad_host.dir/G_/PowerA_Controller_Project/pico-sdk/src/rp2_common/pico_printf/printf.c.obj
 .text._out_char
                0x100031ec       0x10 CMakeFiles/pico_gamepad_host.dir/G_/PowerA_Controller_Project/pico-sdk/src/rp2_common/pico_printf/printf.c.obj
 .text._out_fct
                0x100031fc       0x10 CMakeFiles/pico_gamepad_host.dir/G_/PowerA_Controller_Project/pico-sdk/src/rp2_common/pico_printf/printf.c.obj
 .text._ftoa    0x1000320c      0x4a8 CMakeFiles/pico_gamepad_host.dir/G_/PowerA_Controller_Project/pico-sdk/src/rp2_common/pico_printf/printf.c.obj
 .text._etoa    0x100036b4      0x57c CMakeFiles/pico_gamepad_host.dir/G_/PowerA_Controller_Project/pico-sdk/src/rp2_common/pico_printf/printf.c.obj
 .text._vsnprintf
                0x10003c30      0xbe0 CMakeFiles/pico_gamepad_host.dir/G_/PowerA_Controller_Project/pico-sdk/src/rp2_common/pico_printf/printf.c.obj
 .text.vfctprintf
                0x10004810       0x24 CMakeFiles/pico_gamepad_host.dir/G_/PowerA_Controller_Project/pico-sdk/src/rp2_common/pico_printf/printf.c.obj
                0x10004810                vfctprintf
 .text.weak_raw_vprintf
                0x10004834       0x30 CMakeFiles/pico_gamepad_host.dir/G_/PowerA_Controller_Project/pico-sdk/src/rp2_common/pico_printf/printf.c.obj
                0x10004834                weak_raw_vprintf
 .text._exit    0x10004864        0x4 CMakeFiles/pico_gamepad_host.dir/G_/PowerA_Controller_Project/pico-sdk/src/rp2_common/pico_clib_interface/newlib_interface.c.obj
                0x10004864                _exit
 .text.exit     0x10004868        0x8 CMakeFiles/pico_gamepad_host.dir/G_/PowerA_Controller_Project/pico-sdk/src/rp2_common/pico_clib_interface/newlib_interface.c.obj
                0x10004868                exit
 .text.runtime_init
                0x10004870       0x2c CMakeFiles/pico_gamepad_host.dir/G_/PowerA_Controller_Project/pico-sdk/src/rp2_common/pico_clib_interface/newlib_interface.c.obj
                0x10004870                runtime_init
 .text.stdio_out_chars_no_crlf
                0x1000489c       0x10 CMakeFiles/pico_gamepad_host.dir/G_/PowerA_Controller_Project/pico-sdk/src/rp2_common/pico_stdio/stdio.c.obj
 .text.stdio_out_chars_crlf
                0x100048ac       0xb0 CMakeFiles/pico_gamepad_host.dir/G_/PowerA_Controller_Project/pico-sdk/src/rp2_common/pico_stdio/stdio.c.obj
 .text.stdio_buffered_printer
                0x1000495c       0x64 CMakeFiles/pico_gamepad_host.dir/G_/PowerA_Controller_Project/pico-sdk/src/rp2_common/pico_stdio/stdio.c.obj
 .text.stdio_put_string
                0x100049c0       0xfc CMakeFiles/pico_gamepad_host.dir/G_/PowerA_Controller_Project/pico-sdk/src/rp2_common/pico_stdio/stdio.c.obj
                0x100049c0                stdio_put_string
 .text.stdio_set_driver_enabled
                0x10004abc       0x30 CMakeFiles/pico_gamepad_host.dir/G_/PowerA_Controller_Project/pico-sdk/src/rp2_common/pico_stdio/stdio.c.obj
                0x10004abc                stdio_set_driver_enabled
 .text.stdio_init_all
                0x10004aec        0xc CMakeFiles/pico_gamepad_host.dir/G_/PowerA_Controller_Project/pico-sdk/src/rp2_common/pico_stdio/stdio.c.obj
                0x10004aec                stdio_init_all
 .text.__wrap_putchar
                0x10004af8       0x94 CMakeFiles/pico_gamepad_host.dir/G_/PowerA_Controller_Project/pico-sdk/src/rp2_common/pico_stdio/stdio.c.obj
                0x10004af8                __wrap_putchar
                0x10004af8                stdio_putchar
 .text.__wrap_puts
                0x10004b8c       0x3c CMakeFiles/pico_gamepad_host.dir/G_/PowerA_Controller_Project/pico-sdk/src/rp2_common/pico_stdio/stdio.c.obj
                0x10004b8c                stdio_puts
                0x10004b8c                __wrap_puts
 .text.__wrap_vprintf
                0x10004bc8       0xcc CMakeFiles/pico_gamepad_host.dir/G_/PowerA_Controller_Project/pico-sdk/src/rp2_common/pico_stdio/stdio.c.obj
                0x10004bc8                stdio_vprintf
                0x10004bc8                __wrap_vprintf
 .text.__wrap_printf
                0x10004c94       0x18 CMakeFiles/pico_gamepad_host.dir/G_/PowerA_Controller_Project/pico-sdk/src/rp2_common/pico_stdio/stdio.c.obj
                0x10004c94                __wrap_printf
                0x10004c94                stdio_printf
 .text.stdio_uart_out_chars
                0x10004cac       0x4c CMakeFiles/pico_gamepad_host.dir/G_/PowerA_Controller_Project/pico-sdk/src/rp2_common/pico_stdio_uart/stdio_uart.c.obj
 .text.stdio_uart_in_chars
                0x10004cf8       0x90 CMakeFiles/pico_gamepad_host.dir/G_/PowerA_Controller_Project/pico-sdk/src/rp2_common/pico_stdio_uart/stdio_uart.c.obj
                0x10004cf8                stdio_uart_in_chars
 .text.on_uart_rx
                0x10004d88       0x28 CMakeFiles/pico_gamepad_host.dir/G_/PowerA_Controller_Project/pico-sdk/src/rp2_common/pico_stdio_uart/stdio_uart.c.obj
 .text.stdio_uart_out_flush
                0x10004db0       0x14 CMakeFiles/pico_gamepad_host.dir/G_/PowerA_Controller_Project/pico-sdk/src/rp2_common/pico_stdio_uart/stdio_uart.c.obj
 .text.stdio_uart_set_chars_available_callback
                0x10004dc4       0x84 CMakeFiles/pico_gamepad_host.dir/G_/PowerA_Controller_Project/pico-sdk/src/rp2_common/pico_stdio_uart/stdio_uart.c.obj
 .text.stdio_uart_init
                0x10004e48       0x50 CMakeFiles/pico_gamepad_host.dir/G_/PowerA_Controller_Project/pico-sdk/src/rp2_common/pico_stdio_uart/stdio_uart.c.obj
                0x10004e48                stdio_uart_init
 .text.stdio_uart_init_full
                0x10004e98       0x3c CMakeFiles/pico_gamepad_host.dir/G_/PowerA_Controller_Project/pico-sdk/src/rp2_common/pico_stdio_uart/stdio_uart.c.obj
                0x10004e98                stdio_uart_init_full
 .text.spi_init
                0x10004ed4      0x13c CMakeFiles/pico_gamepad_host.dir/G_/PowerA_Controller_Project/pico-sdk/src/rp2_common/hardware_spi/spi.c.obj
                0x10004ed4                spi_init
 .text.hcd_rp2040_irq
                0x10005010      0x370 CMakeFiles/pico_gamepad_host.dir/G_/PowerA_Controller_Project/pico-sdk/lib/tinyusb/src/portable/raspberrypi/rp2040/hcd_rp2040.c.obj
 .text.hcd_init
                0x10005380       0x54 CMakeFiles/pico_gamepad_host.dir/G_/PowerA_Controller_Project/pico-sdk/lib/tinyusb/src/portable/raspberrypi/rp2040/hcd_rp2040.c.obj
                0x10005380                hcd_init
 .text.hcd_port_reset
                0x100053d4        0x4 CMakeFiles/pico_gamepad_host.dir/G_/PowerA_Controller_Project/pico-sdk/lib/tinyusb/src/portable/raspberrypi/rp2040/hcd_rp2040.c.obj
                0x100053d4                hcd_port_reset
 .text.hcd_port_reset_end
                0x100053d8        0x4 CMakeFiles/pico_gamepad_host.dir/G_/PowerA_Controller_Project/pico-sdk/lib/tinyusb/src/portable/raspberrypi/rp2040/hcd_rp2040.c.obj
                0x100053d8                hcd_port_reset_end
 .text.hcd_port_connect_status
                0x100053dc       0x18 CMakeFiles/pico_gamepad_host.dir/G_/PowerA_Controller_Project/pico-sdk/lib/tinyusb/src/portable/raspberrypi/rp2040/hcd_rp2040.c.obj
                0x100053dc                hcd_port_connect_status
 .text.hcd_port_speed_get
                0x100053f4       0x24 CMakeFiles/pico_gamepad_host.dir/G_/PowerA_Controller_Project/pico-sdk/lib/tinyusb/src/portable/raspberrypi/rp2040/hcd_rp2040.c.obj
                0x100053f4                hcd_port_speed_get
 .text.hcd_device_close
                0x10005418      0x470 CMakeFiles/pico_gamepad_host.dir/G_/PowerA_Controller_Project/pico-sdk/lib/tinyusb/src/portable/raspberrypi/rp2040/hcd_rp2040.c.obj
                0x10005418                hcd_device_close
 .text.hcd_int_enable
                0x10005888        0xc CMakeFiles/pico_gamepad_host.dir/G_/PowerA_Controller_Project/pico-sdk/lib/tinyusb/src/portable/raspberrypi/rp2040/hcd_rp2040.c.obj
                0x10005888                hcd_int_enable
 .text.hcd_edpt_open
                0x10005894      0x234 CMakeFiles/pico_gamepad_host.dir/G_/PowerA_Controller_Project/pico-sdk/lib/tinyusb/src/portable/raspberrypi/rp2040/hcd_rp2040.c.obj
                0x10005894                hcd_edpt_open
 .text.hcd_edpt_xfer
                0x10005ac8      0x358 CMakeFiles/pico_gamepad_host.dir/G_/PowerA_Controller_Project/pico-sdk/lib/tinyusb/src/portable/raspberrypi/rp2040/hcd_rp2040.c.obj
                0x10005ac8                hcd_edpt_xfer
 .text.hcd_edpt_abort_xfer
                0x10005e20        0x4 CMakeFiles/pico_gamepad_host.dir/G_/PowerA_Controller_Project/pico-sdk/lib/tinyusb/src/portable/raspberrypi/rp2040/hcd_rp2040.c.obj
                0x10005e20                hcd_edpt_abort_xfer
 .text.hcd_setup_send
                0x10005e24       0xbc CMakeFiles/pico_gamepad_host.dir/G_/PowerA_Controller_Project/pico-sdk/lib/tinyusb/src/portable/raspberrypi/rp2040/hcd_rp2040.c.obj
                0x10005e24                hcd_setup_send
 .text.rp2040_usb_init
                0x10005ee0       0x40 CMakeFiles/pico_gamepad_host.dir/G_/PowerA_Controller_Project/pico-sdk/lib/tinyusb/src/portable/raspberrypi/rp2040/rp2040_usb.c.obj
                0x10005ee0                rp2040_usb_init
 .text.hw_endpoint_reset_transfer
                0x10005f20        0xc CMakeFiles/pico_gamepad_host.dir/G_/PowerA_Controller_Project/pico-sdk/lib/tinyusb/src/portable/raspberrypi/rp2040/rp2040_usb.c.obj
                0x10005f20                hw_endpoint_reset_transfer
 .text.hw_endpoint_start_next_buffer
                0x10005f2c      0x1f4 CMakeFiles/pico_gamepad_host.dir/G_/PowerA_Controller_Project/pico-sdk/lib/tinyusb/src/portable/raspberrypi/rp2040/rp2040_usb.c.obj
                0x10005f2c                hw_endpoint_start_next_buffer
 .text.hw_endpoint_xfer_start
                0x10006120       0x14 CMakeFiles/pico_gamepad_host.dir/G_/PowerA_Controller_Project/pico-sdk/lib/tinyusb/src/portable/raspberrypi/rp2040/rp2040_usb.c.obj
                0x10006120                hw_endpoint_xfer_start
 .text.hw_endpoint_xfer_continue
                0x10006134      0x174 CMakeFiles/pico_gamepad_host.dir/G_/PowerA_Controller_Project/pico-sdk/lib/tinyusb/src/portable/raspberrypi/rp2040/rp2040_usb.c.obj
                0x10006134                hw_endpoint_xfer_continue
 .text._control_blocking_complete_cb
                0x100062a8        0x8 CMakeFiles/pico_gamepad_host.dir/G_/PowerA_Controller_Project/pico-sdk/lib/tinyusb/src/host/usbh.c.obj
 .text.process_removing_device
                0x100062b0       0xe0 CMakeFiles/pico_gamepad_host.dir/G_/PowerA_Controller_Project/pico-sdk/lib/tinyusb/src/host/usbh.c.obj
 .text.usbh_control_xfer_cb.isra.0
                0x10006390      0x218 CMakeFiles/pico_gamepad_host.dir/G_/PowerA_Controller_Project/pico-sdk/lib/tinyusb/src/host/usbh.c.obj
 .text.tuh_event_hook_cb
                0x100065a8        0x4 CMakeFiles/pico_gamepad_host.dir/G_/PowerA_Controller_Project/pico-sdk/lib/tinyusb/src/host/usbh.c.obj
                0x100065a8                tuh_event_hook_cb
 .text.tuh_vid_pid_get
                0x100065ac       0x30 CMakeFiles/pico_gamepad_host.dir/G_/PowerA_Controller_Project/pico-sdk/lib/tinyusb/src/host/usbh.c.obj
                0x100065ac                tuh_vid_pid_get
 .text.tuh_speed_get
                0x100065dc       0x1c CMakeFiles/pico_gamepad_host.dir/G_/PowerA_Controller_Project/pico-sdk/lib/tinyusb/src/host/usbh.c.obj
                0x100065dc                tuh_speed_get
 .text.tuh_rhport_init
                0x100065f8      0x118 CMakeFiles/pico_gamepad_host.dir/G_/PowerA_Controller_Project/pico-sdk/lib/tinyusb/src/host/usbh.c.obj
                0x100065f8                tuh_rhport_init
 .text.tuh_control_xfer
                0x10006710      0x134 CMakeFiles/pico_gamepad_host.dir/G_/PowerA_Controller_Project/pico-sdk/lib/tinyusb/src/host/usbh.c.obj
                0x10006710                tuh_control_xfer
 .text.enum_new_device.part.0
                0x10006844       0x8c CMakeFiles/pico_gamepad_host.dir/G_/PowerA_Controller_Project/pico-sdk/lib/tinyusb/src/host/usbh.c.obj
 .text.tuh_task_ext.part.0
                0x100068d0      0x240 CMakeFiles/pico_gamepad_host.dir/G_/PowerA_Controller_Project/pico-sdk/lib/tinyusb/src/host/usbh.c.obj
 .text.tuh_task_ext
                0x10006b10       0x18 CMakeFiles/pico_gamepad_host.dir/G_/PowerA_Controller_Project/pico-sdk/lib/tinyusb/src/host/usbh.c.obj
                0x10006b10                tuh_task_ext
 .text.process_enumeration
                0x10006b28      0x49c CMakeFiles/pico_gamepad_host.dir/G_/PowerA_Controller_Project/pico-sdk/lib/tinyusb/src/host/usbh.c.obj
 .text.usbh_edpt_claim
                0x10006fc4       0x3c CMakeFiles/pico_gamepad_host.dir/G_/PowerA_Controller_Project/pico-sdk/lib/tinyusb/src/host/usbh.c.obj
                0x10006fc4                usbh_edpt_claim
 .text.usbh_edpt_release
                0x10007000       0x3c CMakeFiles/pico_gamepad_host.dir/G_/PowerA_Controller_Project/pico-sdk/lib/tinyusb/src/host/usbh.c.obj
                0x10007000                usbh_edpt_release
 .text.usbh_edpt_xfer_with_callback
                0x1000703c       0x54 CMakeFiles/pico_gamepad_host.dir/G_/PowerA_Controller_Project/pico-sdk/lib/tinyusb/src/host/usbh.c.obj
                0x1000703c                usbh_edpt_xfer_with_callback
 .text.tuh_edpt_open
                0x10007090       0x44 CMakeFiles/pico_gamepad_host.dir/G_/PowerA_Controller_Project/pico-sdk/lib/tinyusb/src/host/usbh.c.obj
                0x10007090                tuh_edpt_open
 .text.usbh_edpt_busy
                0x100070d4       0x24 CMakeFiles/pico_gamepad_host.dir/G_/PowerA_Controller_Project/pico-sdk/lib/tinyusb/src/host/usbh.c.obj
                0x100070d4                usbh_edpt_busy
 .text.usbh_driver_set_config_complete
                0x100070f8      0x12c CMakeFiles/pico_gamepad_host.dir/G_/PowerA_Controller_Project/pico-sdk/lib/tinyusb/src/host/usbh.c.obj
                0x100070f8                usbh_driver_set_config_complete
 .text.tusb_time_delay_ms_api
                0x10007224        0x8 CMakeFiles/pico_gamepad_host.dir/G_/PowerA_Controller_Project/pico-sdk/lib/tinyusb/src/tusb.c.obj
                0x10007224                tusb_time_delay_ms_api
 .text.tu_edpt_claim
                0x1000722c       0x50 CMakeFiles/pico_gamepad_host.dir/G_/PowerA_Controller_Project/pico-sdk/lib/tinyusb/src/tusb.c.obj
                0x1000722c                tu_edpt_claim
 .text.tu_edpt_release
                0x1000727c       0x38 CMakeFiles/pico_gamepad_host.dir/G_/PowerA_Controller_Project/pico-sdk/lib/tinyusb/src/tusb.c.obj
                0x1000727c                tu_edpt_release
 .text.tu_edpt_validate
                0x100072b4       0x7c CMakeFiles/pico_gamepad_host.dir/G_/PowerA_Controller_Project/pico-sdk/lib/tinyusb/src/tusb.c.obj
                0x100072b4                tu_edpt_validate
 .text.tu_edpt_bind_driver
                0x10007330       0x34 CMakeFiles/pico_gamepad_host.dir/G_/PowerA_Controller_Project/pico-sdk/lib/tinyusb/src/tusb.c.obj
                0x10007330                tu_edpt_bind_driver
 .text.tu_desc_get_interface_total_len
                0x10007364       0x50 CMakeFiles/pico_gamepad_host.dir/G_/PowerA_Controller_Project/pico-sdk/lib/tinyusb/src/tusb.c.obj
                0x10007364                tu_desc_get_interface_total_len
 .text.tu_fifo_empty
                0x100073b4       0x10 CMakeFiles/pico_gamepad_host.dir/G_/PowerA_Controller_Project/pico-sdk/lib/tinyusb/src/common/tusb_fifo.c.obj
                0x100073b4                tu_fifo_empty
 .text.tu_fifo_read
                0x100073c4       0x9c CMakeFiles/pico_gamepad_host.dir/G_/PowerA_Controller_Project/pico-sdk/lib/tinyusb/src/common/tusb_fifo.c.obj
                0x100073c4                tu_fifo_read
 .text.tu_fifo_write
                0x10007460       0xa4 CMakeFiles/pico_gamepad_host.dir/G_/PowerA_Controller_Project/pico-sdk/lib/tinyusb/src/common/tusb_fifo.c.obj
                0x10007460                tu_fifo_write
 .text.tu_fifo_clear
                0x10007504       0x40 CMakeFiles/pico_gamepad_host.dir/G_/PowerA_Controller_Project/pico-sdk/lib/tinyusb/src/common/tusb_fifo.c.obj
                0x10007504                tu_fifo_clear
 .text.board_init
                0x10007544       0x30 CMakeFiles/pico_gamepad_host.dir/G_/PowerA_Controller_Project/pico-sdk/lib/tinyusb/hw/bsp/rp2040/family.c.obj
                0x10007544                board_init
 .text.startup._retrieve_unique_id_on_boot
                0x10007574       0x10 CMakeFiles/pico_gamepad_host.dir/G_/PowerA_Controller_Project/pico-sdk/src/rp2_common/pico_unique_id/unique_id.c.obj
 .text.flash_get_unique_id
                0x10007584       0x3c CMakeFiles/pico_gamepad_host.dir/G_/PowerA_Controller_Project/pico-sdk/src/rp2_common/hardware_flash/flash.c.obj
                0x10007584                flash_get_unique_id
 .text.xinputh_deinit
                0x100075c0        0x4 CMakeFiles/pico_gamepad_host.dir/lib/tusb_xinput/xinput_host.c.obj
                0x100075c0                xinputh_deinit
 .text.xinputh_init
                0x100075c4       0x18 CMakeFiles/pico_gamepad_host.dir/lib/tusb_xinput/xinput_host.c.obj
                0x100075c4                xinputh_init
 .text.xinputh_open
                0x100075dc      0x12c CMakeFiles/pico_gamepad_host.dir/lib/tusb_xinput/xinput_host.c.obj
                0x100075dc                xinputh_open
 .text.xinputh_close
                0x10007708       0x6c CMakeFiles/pico_gamepad_host.dir/lib/tusb_xinput/xinput_host.c.obj
                0x10007708                xinputh_close
 .text.tuh_xinput_receive_report
                0x10007774       0x68 CMakeFiles/pico_gamepad_host.dir/lib/tusb_xinput/xinput_host.c.obj
                0x10007774                tuh_xinput_receive_report
 .text.tuh_xinput_send_report
                0x100077dc       0x88 CMakeFiles/pico_gamepad_host.dir/lib/tusb_xinput/xinput_host.c.obj
                0x100077dc                tuh_xinput_send_report
 .text.xboxone_init
                0x10007864      0x124 CMakeFiles/pico_gamepad_host.dir/lib/tusb_xinput/xinput_host.c.obj
 .text.xinputh_xfer_cb
                0x10007988      0xb78 CMakeFiles/pico_gamepad_host.dir/lib/tusb_xinput/xinput_host.c.obj
                0x10007988                xinputh_xfer_cb
 .text.xinputh_set_config
                0x10008500      0x184 CMakeFiles/pico_gamepad_host.dir/lib/tusb_xinput/xinput_host.c.obj
                0x10008500                xinputh_set_config
 .text.tuh_xinput_set_led
                0x10008684      0x118 CMakeFiles/pico_gamepad_host.dir/lib/tusb_xinput/xinput_host.c.obj
                0x10008684                tuh_xinput_set_led
 .text.tuh_xinput_set_rumble
                0x1000879c      0x16c CMakeFiles/pico_gamepad_host.dir/lib/tusb_xinput/xinput_host.c.obj
                0x1000879c                tuh_xinput_set_rumble
 .text.strlen   0x10008908       0x5c C:/PROGRA~2/ARMGNU~1/14EFD8~1.2RE/bin/../lib/gcc/arm-none-eabi/14.2.1/thumb/v6-m/nofp\libg.a(libc_a-strlen-stub.o)
                0x10008908                strlen
 *(.fini)
 .fini          0x10008964        0x4 C:/PROGRA~2/ARMGNU~1/14EFD8~1.2RE/bin/../lib/gcc/arm-none-eabi/14.2.1/thumb/v6-m/nofp/crti.o
                0x10008964                _fini
 .fini.__stub   0x10008968       0x90 linker stubs
 *crtbegin.o(.ctors)
 *crtbegin?.o(.ctors)
 *(EXCLUDE_FILE(*crtend.o *crtend?.o) .ctors)
 *(SORT_BY_NAME(.ctors.*))
 *(.ctors)
 *crtbegin.o(.dtors)
 *crtbegin?.o(.dtors)
 *(EXCLUDE_FILE(*crtend.o *crtend?.o) .dtors)
 *(SORT_BY_NAME(.dtors.*))
 *(.dtors)
                0x100089f8                        . = ALIGN (0x4)
                0x100089f8                        PROVIDE (__preinit_array_start = .)
 *(SORT_BY_NAME(.preinit_array.*))
 .preinit_array.00100
                0x100089f8        0x4 CMakeFiles/pico_gamepad_host.dir/G_/PowerA_Controller_Project/pico-sdk/src/rp2_common/pico_runtime_init/runtime_init.c.obj
                0x100089f8                __pre_init_runtime_init_early_resets
 .preinit_array.00101
                0x100089fc        0x4 CMakeFiles/pico_gamepad_host.dir/G_/PowerA_Controller_Project/pico-sdk/src/rp2_common/pico_runtime_init/runtime_init.c.obj
                0x100089fc                __pre_init_runtime_init_usb_power_down
 .preinit_array.00275
                0x10008a00        0x4 CMakeFiles/pico_gamepad_host.dir/G_/PowerA_Controller_Project/pico-sdk/src/rp2_common/pico_bit_ops/bit_ops_aeabi.S.obj
 .preinit_array.00300
                0x10008a04        0x4 CMakeFiles/pico_gamepad_host.dir/G_/PowerA_Controller_Project/pico-sdk/src/rp2_common/pico_mem_ops/mem_ops_aeabi.S.obj
 .preinit_array.00350
                0x10008a08        0x4 CMakeFiles/pico_gamepad_host.dir/G_/PowerA_Controller_Project/pico-sdk/src/rp2_common/pico_double/double_aeabi_rp2040.S.obj
 .preinit_array.00350
                0x10008a0c        0x4 CMakeFiles/pico_gamepad_host.dir/G_/PowerA_Controller_Project/pico-sdk/src/rp2_common/pico_float/float_aeabi_rp2040.S.obj
 .preinit_array.00500
                0x10008a10        0x4 CMakeFiles/pico_gamepad_host.dir/G_/PowerA_Controller_Project/pico-sdk/src/rp2_common/pico_runtime_init/runtime_init.c.obj
                0x10008a10                __pre_init_runtime_init_clocks
 .preinit_array.00600
                0x10008a14        0x4 CMakeFiles/pico_gamepad_host.dir/G_/PowerA_Controller_Project/pico-sdk/src/rp2_common/pico_runtime_init/runtime_init.c.obj
                0x10008a14                __pre_init_runtime_init_post_clock_resets
 .preinit_array.00700
                0x10008a18        0x4 CMakeFiles/pico_gamepad_host.dir/G_/PowerA_Controller_Project/pico-sdk/src/rp2_common/pico_runtime_init/runtime_init.c.obj
                0x10008a18                __pre_init_runtime_init_rp2040_gpio_ie_disable
 .preinit_array.01000
                0x10008a1c        0x4 CMakeFiles/pico_gamepad_host.dir/G_/PowerA_Controller_Project/pico-sdk/src/rp2_common/pico_runtime_init/runtime_init.c.obj
                0x10008a1c                __pre_init_runtime_init_spin_locks_reset
 .preinit_array.01100
                0x10008a20        0x4 CMakeFiles/pico_gamepad_host.dir/G_/PowerA_Controller_Project/pico-sdk/src/common/pico_sync/mutex.c.obj
                0x10008a20                __pre_init_runtime_init_mutex
 .preinit_array.10080
                0x10008a24        0x4 CMakeFiles/pico_gamepad_host.dir/G_/PowerA_Controller_Project/pico-sdk/src/rp2_common/pico_runtime_init/runtime_init.c.obj
                0x10008a24                __pre_init_runtime_init_install_ram_vector_table
 .preinit_array.11000
                0x10008a28        0x4 CMakeFiles/pico_gamepad_host.dir/G_/PowerA_Controller_Project/pico-sdk/src/common/pico_time/time.c.obj
                0x10008a28                __pre_init_runtime_init_default_alarm_pool
 .preinit_array.YYYYY
                0x10008a2c        0x4 CMakeFiles/pico_gamepad_host.dir/G_/PowerA_Controller_Project/pico-sdk/src/rp2_common/pico_runtime/runtime.c.obj
                0x10008a2c                __pre_init_first_per_core_initializer
 .preinit_array.ZZZZZ.01200
                0x10008a30        0x4 CMakeFiles/pico_gamepad_host.dir/G_/PowerA_Controller_Project/pico-sdk/src/rp2_common/hardware_irq/irq.c.obj
                0x10008a30                __pre_init_runtime_init_per_core_irq_priorities
 *(.preinit_array)
                0x10008a34                        PROVIDE (__preinit_array_end = .)
                0x10008a34                        . = ALIGN (0x4)
                0x10008a34                        PROVIDE (__init_array_start = .)
 *(SORT_BY_NAME(.init_array.*))
 .init_array.01000
                0x10008a34        0x4 CMakeFiles/pico_gamepad_host.dir/G_/PowerA_Controller_Project/pico-sdk/src/rp2_common/pico_unique_id/unique_id.c.obj
 *(.init_array)
 .init_array    0x10008a38        0x4 C:/PROGRA~2/ARMGNU~1/14EFD8~1.2RE/bin/../lib/gcc/arm-none-eabi/14.2.1/thumb/v6-m/nofp/crtbegin.o
                0x10008a3c                        PROVIDE (__init_array_end = .)
                0x10008a3c                        . = ALIGN (0x4)
                [!provide]                        PROVIDE (__fini_array_start = .)
 *(SORT_BY_NAME(.fini_array.*))
 *(.fini_array)
                [!provide]                        PROVIDE (__fini_array_end = .)
 *(.eh_frame*)
 .eh_frame      0x10008a3c        0x0 C:/PROGRA~2/ARMGNU~1/14EFD8~1.2RE/bin/../lib/gcc/arm-none-eabi/14.2.1/thumb/v6-m/nofp/crtbegin.o
                0x10008a3c                        . = ALIGN (0x4)

.glue_7         0x10008a3c        0x0
 .glue_7        0x10008a3c        0x0 linker stubs

.glue_7t        0x10008a3c        0x0
 .glue_7t       0x10008a3c        0x0 linker stubs

.vfp11_veneer   0x10008a3c        0x0
 .vfp11_veneer  0x10008a3c        0x0 linker stubs

.v4_bx          0x10008a3c        0x0
 .v4_bx         0x10008a3c        0x0 linker stubs

.iplt           0x10008a3c        0x0
 .iplt          0x10008a3c        0x0 C:/PROGRA~2/ARMGNU~1/14EFD8~1.2RE/bin/../lib/gcc/arm-none-eabi/14.2.1/thumb/v6-m/nofp/crtbegin.o

.rodata         0x10008a40      0x6a8
 *(EXCLUDE_FILE(*libm.a: *libc.a:*lib_a-mem*.o *libgcc.a:) .rodata*)
 .rodata.tuh_xinput_mount_cb.str1.4
                0x10008a40      0x38b CMakeFiles/pico_gamepad_host.dir/main.c.obj
                                 0xa6 (size before relaxing)
 .rodata.tuh_xinput_umount_cb.str1.4
                0x10008dcb       0x11 CMakeFiles/pico_gamepad_host.dir/main.c.obj
 .rodata.tuh_xinput_report_received_cb.str1.4
                0x10008dcb       0x73 CMakeFiles/pico_gamepad_host.dir/main.c.obj
 .rodata.main.str1.4
                0x10008dcb       0x96 CMakeFiles/pico_gamepad_host.dir/main.c.obj
 .rodata.str1.4
                0x10008dcb       0x38 CMakeFiles/pico_gamepad_host.dir/main.c.obj
 *fill*         0x10008dcb        0x1 
 .rodata.CSWTCH.39
                0x10008dcc       0x10 CMakeFiles/pico_gamepad_host.dir/main.c.obj
 .rodata.gip_led_on.1
                0x10008ddc        0x7 CMakeFiles/pico_gamepad_host.dir/main.c.obj
 .rodata.panic.str1.4
                0x10008de3       0x12 CMakeFiles/pico_gamepad_host.dir/G_/PowerA_Controller_Project/pico-sdk/src/rp2_common/pico_platform_panic/panic.c.obj
 .rodata.spin_lock_claim_unused.str1.4
                0x10008de3       0x1b CMakeFiles/pico_gamepad_host.dir/G_/PowerA_Controller_Project/pico-sdk/src/rp2_common/hardware_sync/sync.c.obj
 .rodata.timer_hardware_alarm_claim.str1.4
                0x10008de3       0x22 CMakeFiles/pico_gamepad_host.dir/G_/PowerA_Controller_Project/pico-sdk/src/rp2_common/hardware_timer/timer.c.obj
 .rodata.hard_assertion_failure.str1.4
                0x10008de3        0xc CMakeFiles/pico_gamepad_host.dir/G_/PowerA_Controller_Project/pico-sdk/src/rp2_common/pico_runtime/runtime.c.obj
 .rodata.str1.4
                0x10008de3       0x48 CMakeFiles/pico_gamepad_host.dir/G_/PowerA_Controller_Project/pico-sdk/src/rp2_common/pico_standard_binary_info/standard_binary_info.c.obj
 *fill*         0x10008de3        0x1 
 .rodata.__bi_84
                0x10008de4        0xc CMakeFiles/pico_gamepad_host.dir/G_/PowerA_Controller_Project/pico-sdk/src/rp2_common/pico_standard_binary_info/standard_binary_info.c.obj
 .rodata.__bi_78
                0x10008df0        0xc CMakeFiles/pico_gamepad_host.dir/G_/PowerA_Controller_Project/pico-sdk/src/rp2_common/pico_standard_binary_info/standard_binary_info.c.obj
 .rodata.__bi_54
                0x10008dfc        0xc CMakeFiles/pico_gamepad_host.dir/G_/PowerA_Controller_Project/pico-sdk/src/rp2_common/pico_standard_binary_info/standard_binary_info.c.obj
 .rodata.__bi_48
                0x10008e08        0xc CMakeFiles/pico_gamepad_host.dir/G_/PowerA_Controller_Project/pico-sdk/src/rp2_common/pico_standard_binary_info/standard_binary_info.c.obj
 .rodata.__bi_42
                0x10008e14        0xc CMakeFiles/pico_gamepad_host.dir/G_/PowerA_Controller_Project/pico-sdk/src/rp2_common/pico_standard_binary_info/standard_binary_info.c.obj
 .rodata.__bi_34
                0x10008e20        0xc CMakeFiles/pico_gamepad_host.dir/G_/PowerA_Controller_Project/pico-sdk/src/rp2_common/pico_standard_binary_info/standard_binary_info.c.obj
 .rodata.__bi_26
                0x10008e2c        0xc CMakeFiles/pico_gamepad_host.dir/G_/PowerA_Controller_Project/pico-sdk/src/rp2_common/pico_standard_binary_info/standard_binary_info.c.obj
 .rodata._ftoa.str1.4
                0x10008e38       0x15 CMakeFiles/pico_gamepad_host.dir/G_/PowerA_Controller_Project/pico-sdk/src/rp2_common/pico_printf/printf.c.obj
 .rodata._vsnprintf
                0x10008e38      0x19c CMakeFiles/pico_gamepad_host.dir/G_/PowerA_Controller_Project/pico-sdk/src/rp2_common/pico_printf/printf.c.obj
 *fill*         0x10008fd4        0x4 
 .rodata.pow10.0
                0x10008fd8       0x50 CMakeFiles/pico_gamepad_host.dir/G_/PowerA_Controller_Project/pico-sdk/src/rp2_common/pico_printf/printf.c.obj
 .rodata.crlf_str.0
                0x10009028        0x2 CMakeFiles/pico_gamepad_host.dir/G_/PowerA_Controller_Project/pico-sdk/src/rp2_common/pico_stdio/stdio.c.obj
 .rodata.str1.4
                0x1000902a       0x2c CMakeFiles/pico_gamepad_host.dir/G_/PowerA_Controller_Project/pico-sdk/src/rp2_common/pico_stdio_uart/stdio_uart.c.obj
 *fill*         0x1000902a        0x2 
 .rodata.__bi_45.4
                0x1000902c        0xc CMakeFiles/pico_gamepad_host.dir/G_/PowerA_Controller_Project/pico-sdk/src/rp2_common/pico_stdio_uart/stdio_uart.c.obj
 .rodata.__bi_49.5
                0x10009038        0x8 CMakeFiles/pico_gamepad_host.dir/G_/PowerA_Controller_Project/pico-sdk/src/rp2_common/pico_stdio_uart/stdio_uart.c.obj
 .rodata.__bi_50.6
                0x10009040        0x8 CMakeFiles/pico_gamepad_host.dir/G_/PowerA_Controller_Project/pico-sdk/src/rp2_common/pico_stdio_uart/stdio_uart.c.obj
 .rodata.hcd_rp2040_irq.str1.4
                0x10009048       0x40 CMakeFiles/pico_gamepad_host.dir/G_/PowerA_Controller_Project/pico-sdk/lib/tinyusb/src/portable/raspberrypi/rp2040/hcd_rp2040.c.obj
 .rodata.hcd_port_speed_get.str1.4
                0x10009048        0xf CMakeFiles/pico_gamepad_host.dir/G_/PowerA_Controller_Project/pico-sdk/lib/tinyusb/src/portable/raspberrypi/rp2040/hcd_rp2040.c.obj
 .rodata._hw_endpoint_buffer_control_update32.str1.4
                0x10009048       0x1e CMakeFiles/pico_gamepad_host.dir/G_/PowerA_Controller_Project/pico-sdk/lib/tinyusb/src/portable/raspberrypi/rp2040/rp2040_usb.c.obj
 .rodata.hw_endpoint_xfer_continue.str1.4
                0x10009048       0x28 CMakeFiles/pico_gamepad_host.dir/G_/PowerA_Controller_Project/pico-sdk/lib/tinyusb/src/portable/raspberrypi/rp2040/rp2040_usb.c.obj
 .rodata.process_enumeration
                0x10009048       0x28 CMakeFiles/pico_gamepad_host.dir/G_/PowerA_Controller_Project/pico-sdk/lib/tinyusb/src/host/usbh.c.obj
 .rodata.str1.4
                0x10009070        0x4 CMakeFiles/pico_gamepad_host.dir/G_/PowerA_Controller_Project/pico-sdk/lib/tinyusb/hw/bsp/rp2040/family.c.obj
 .rodata.__bi_153.0
                0x10009070        0xc CMakeFiles/pico_gamepad_host.dir/G_/PowerA_Controller_Project/pico-sdk/lib/tinyusb/hw/bsp/rp2040/family.c.obj
 .rodata.__bi_163.1
                0x1000907c        0x8 CMakeFiles/pico_gamepad_host.dir/G_/PowerA_Controller_Project/pico-sdk/lib/tinyusb/hw/bsp/rp2040/family.c.obj
 .rodata.tuh_xinput_set_led.str1.4
                0x10009084        0x3 CMakeFiles/pico_gamepad_host.dir/lib/tusb_xinput/xinput_host.c.obj
 .rodata.usbh_xinput_driver
                0x10009084       0x1c CMakeFiles/pico_gamepad_host.dir/lib/tusb_xinput/xinput_host.c.obj
                0x10009084                usbh_xinput_driver
 .rodata.xbox360w_inquire_present
                0x100090a0        0x4 CMakeFiles/pico_gamepad_host.dir/lib/tusb_xinput/xinput_host.c.obj
 .rodata.xboxone_pdp_auth
                0x100090a4        0x6 CMakeFiles/pico_gamepad_host.dir/lib/tusb_xinput/xinput_host.c.obj
 *fill*         0x100090aa        0x2 
 .rodata.xboxone_pdp_led_on
                0x100090ac        0x7 CMakeFiles/pico_gamepad_host.dir/lib/tusb_xinput/xinput_host.c.obj
 *fill*         0x100090b3        0x1 
 .rodata.extra_input_packet_init
                0x100090b4        0x6 CMakeFiles/pico_gamepad_host.dir/lib/tusb_xinput/xinput_host.c.obj
 *fill*         0x100090ba        0x2 
 .rodata.xboxone_s_init
                0x100090bc       0x13 CMakeFiles/pico_gamepad_host.dir/lib/tusb_xinput/xinput_host.c.obj
 *fill*         0x100090cf        0x1 
 .rodata.xboxone_power_on
                0x100090d0        0x5 CMakeFiles/pico_gamepad_host.dir/lib/tusb_xinput/xinput_host.c.obj
 *fill*         0x100090d5        0x3 
 .rodata        0x100090d8        0xd CMakeFiles/pico_gamepad_host.dir/lib/tusb_xinput/xinput_host.c.obj
                0x100090e8                        . = ALIGN (0x4)
 *fill*         0x100090e5        0x3 
 *(SORT_BY_ALIGNMENT(SORT_BY_NAME(.flashdata*)))
                0x100090e8                        . = ALIGN (0x4)

.ARM.extab
 *(.ARM.extab* .gnu.linkonce.armextab.*)
                0x100090e8                        __exidx_start = .

.ARM.exidx
 *(.ARM.exidx* .gnu.linkonce.armexidx.*)
                0x100090e8                        __exidx_end = .
                0x100090e8                        . = ALIGN (0x4)
                0x100090e8                        __binary_info_start = .

.binary_info    0x100090e8       0x30
 *(.binary_info.keep.*)
 .binary_info.keep.__bi_ptr84
                0x100090e8        0x4 CMakeFiles/pico_gamepad_host.dir/G_/PowerA_Controller_Project/pico-sdk/src/rp2_common/pico_standard_binary_info/standard_binary_info.c.obj
 .binary_info.keep.__bi_ptr78
                0x100090ec        0x4 CMakeFiles/pico_gamepad_host.dir/G_/PowerA_Controller_Project/pico-sdk/src/rp2_common/pico_standard_binary_info/standard_binary_info.c.obj
 .binary_info.keep.__bi_ptr54
                0x100090f0        0x4 CMakeFiles/pico_gamepad_host.dir/G_/PowerA_Controller_Project/pico-sdk/src/rp2_common/pico_standard_binary_info/standard_binary_info.c.obj
 .binary_info.keep.__bi_ptr48
                0x100090f4        0x4 CMakeFiles/pico_gamepad_host.dir/G_/PowerA_Controller_Project/pico-sdk/src/rp2_common/pico_standard_binary_info/standard_binary_info.c.obj
 .binary_info.keep.__bi_ptr42
                0x100090f8        0x4 CMakeFiles/pico_gamepad_host.dir/G_/PowerA_Controller_Project/pico-sdk/src/rp2_common/pico_standard_binary_info/standard_binary_info.c.obj
 .binary_info.keep.__bi_ptr34
                0x100090fc        0x4 CMakeFiles/pico_gamepad_host.dir/G_/PowerA_Controller_Project/pico-sdk/src/rp2_common/pico_standard_binary_info/standard_binary_info.c.obj
 .binary_info.keep.__bi_ptr26
                0x10009100        0x4 CMakeFiles/pico_gamepad_host.dir/G_/PowerA_Controller_Project/pico-sdk/src/rp2_common/pico_standard_binary_info/standard_binary_info.c.obj
 .binary_info.keep.__bi_ptr163
                0x10009104        0x4 CMakeFiles/pico_gamepad_host.dir/G_/PowerA_Controller_Project/pico-sdk/lib/tinyusb/hw/bsp/rp2040/family.c.obj
 .binary_info.keep.__bi_ptr153
                0x10009108        0x4 CMakeFiles/pico_gamepad_host.dir/G_/PowerA_Controller_Project/pico-sdk/lib/tinyusb/hw/bsp/rp2040/family.c.obj
 *(.binary_info.*)
 .binary_info.__bi_ptr50
                0x1000910c        0x4 CMakeFiles/pico_gamepad_host.dir/G_/PowerA_Controller_Project/pico-sdk/src/rp2_common/pico_stdio_uart/stdio_uart.c.obj
 .binary_info.__bi_ptr49
                0x10009110        0x4 CMakeFiles/pico_gamepad_host.dir/G_/PowerA_Controller_Project/pico-sdk/src/rp2_common/pico_stdio_uart/stdio_uart.c.obj
 .binary_info.__bi_ptr45
                0x10009114        0x4 CMakeFiles/pico_gamepad_host.dir/G_/PowerA_Controller_Project/pico-sdk/src/rp2_common/pico_stdio_uart/stdio_uart.c.obj
                0x10009118                        __binary_info_end = .
                0x10009118                        . = ALIGN (0x4)

.ram_vector_table
                0x20000000       0xc0
 *(.ram_vector_table)
 .ram_vector_table
                0x20000000       0xc0 CMakeFiles/pico_gamepad_host.dir/G_/PowerA_Controller_Project/pico-sdk/src/rp2_common/pico_runtime_init/runtime_init.c.obj
                0x20000000                ram_vector_table

.uninitialized_data
                0x200000c0        0x0
                0x200000c0                        . = ALIGN (0x4)
 *(.uninitialized_data*)

.data           0x200000c0      0x5d0 load address 0x10009118
                0x200000c0                        __data_start__ = .
 *(vtable)
 *(.time_critical*)
 .time_critical.mutex_try_enter_block_until
                0x200000c0       0x98 CMakeFiles/pico_gamepad_host.dir/G_/PowerA_Controller_Project/pico-sdk/src/common/pico_sync/mutex.c.obj
                0x200000c0                mutex_try_enter_block_until
 .time_critical.mutex_enter_timeout_ms
                0x20000158       0x8c CMakeFiles/pico_gamepad_host.dir/G_/PowerA_Controller_Project/pico-sdk/src/common/pico_sync/mutex.c.obj
                0x20000158                mutex_enter_timeout_ms
 .time_critical.mutex_exit
                0x200001e4       0x28 CMakeFiles/pico_gamepad_host.dir/G_/PowerA_Controller_Project/pico-sdk/src/common/pico_sync/mutex.c.obj
                0x200001e4                mutex_exit
 .time_critical.spi_write_read_blocking
                0x2000020c       0xb0 CMakeFiles/pico_gamepad_host.dir/G_/PowerA_Controller_Project/pico-sdk/src/rp2_common/hardware_spi/spi.c.obj
                0x2000020c                spi_write_read_blocking
 .time_critical.spi_write_blocking
                0x200002bc       0x4c CMakeFiles/pico_gamepad_host.dir/G_/PowerA_Controller_Project/pico-sdk/src/rp2_common/hardware_spi/spi.c.obj
                0x200002bc                spi_write_blocking
 .time_critical.tinyusb
                0x20000308       0x78 CMakeFiles/pico_gamepad_host.dir/G_/PowerA_Controller_Project/pico-sdk/lib/tinyusb/src/host/usbh.c.obj
                0x20000308                hcd_event_handler
 .time_critical.flash_init_boot2_copyout
                0x20000380       0x30 CMakeFiles/pico_gamepad_host.dir/G_/PowerA_Controller_Project/pico-sdk/src/rp2_common/hardware_flash/flash.c.obj
 .time_critical.flash_enable_xip_via_boot2
                0x200003b0        0xc CMakeFiles/pico_gamepad_host.dir/G_/PowerA_Controller_Project/pico-sdk/src/rp2_common/hardware_flash/flash.c.obj
 .time_critical.flash_save_hardware_state
                0x200003bc       0x20 CMakeFiles/pico_gamepad_host.dir/G_/PowerA_Controller_Project/pico-sdk/src/rp2_common/hardware_flash/flash.c.obj
 .time_critical.flash_restore_hardware_state
                0x200003dc       0x20 CMakeFiles/pico_gamepad_host.dir/G_/PowerA_Controller_Project/pico-sdk/src/rp2_common/hardware_flash/flash.c.obj
 .time_critical.flash_cs_force
                0x200003fc       0x38 CMakeFiles/pico_gamepad_host.dir/G_/PowerA_Controller_Project/pico-sdk/src/rp2_common/hardware_flash/flash.c.obj
 .time_critical.flash_do_cmd
                0x20000434      0x13c CMakeFiles/pico_gamepad_host.dir/G_/PowerA_Controller_Project/pico-sdk/src/rp2_common/hardware_flash/flash.c.obj
                0x20000434                flash_do_cmd
 *(.text*)
 .text          0x20000570        0x4 C:/PROGRA~2/ARMGNU~1/14EFD8~1.2RE/bin/../lib/gcc/arm-none-eabi/14.2.1/thumb/v6-m/nofp\libgcc.a(_dvmd_tls.o)
                0x20000570                __aeabi_idiv0
                0x20000570                __aeabi_ldiv0
 *fill*         0x20000574        0x4 
 .text.__stub   0x20000578       0x50 linker stubs
                0x200005c8                        . = ALIGN (0x4)
 *(.rodata*)
                0x200005c8                        . = ALIGN (0x4)
 *(.data*)
 .data.striped_spin_lock_num
                0x200005c8        0x1 CMakeFiles/pico_gamepad_host.dir/G_/PowerA_Controller_Project/pico-sdk/src/rp2_common/hardware_sync/sync.c.obj
 *fill*         0x200005c9        0x3 
 .data          0x200005cc       0x48 CMakeFiles/pico_gamepad_host.dir/G_/PowerA_Controller_Project/pico-sdk/src/rp2_common/hardware_irq/irq_handler_chain.S.obj
                0x200005cc                irq_handler_chain_slots
                0x200005fc                irq_handler_chain_first_slot
                0x20000606                irq_handler_chain_remove_tail
 .data.default_alarm_pool
                0x20000614       0x18 CMakeFiles/pico_gamepad_host.dir/G_/PowerA_Controller_Project/pico-sdk/src/common/pico_time/time.c.obj
 *fill*         0x2000062c        0x4 
 .data.aeabi_bits_funcs
                0x20000630       0x10 CMakeFiles/pico_gamepad_host.dir/G_/PowerA_Controller_Project/pico-sdk/src/rp2_common/pico_bit_ops/bit_ops_aeabi.S.obj
                0x20000630                aeabi_bits_funcs
                0x20000640                aeabi_bits_funcs_end
 .data.aeabi_mem_funcs
                0x20000640       0x10 CMakeFiles/pico_gamepad_host.dir/G_/PowerA_Controller_Project/pico-sdk/src/rp2_common/pico_mem_ops/mem_ops_aeabi.S.obj
                0x20000640                aeabi_mem_funcs
                0x20000650                aeabi_mem_funcs_end
 .data.stdio_uart
                0x20000650       0x18 CMakeFiles/pico_gamepad_host.dir/G_/PowerA_Controller_Project/pico-sdk/src/rp2_common/pico_stdio_uart/stdio_uart.c.obj
                0x20000650                stdio_uart
 .data._usbh_qdef
                0x20000668       0x1c CMakeFiles/pico_gamepad_host.dir/G_/PowerA_Controller_Project/pico-sdk/lib/tinyusb/src/host/usbh.c.obj
                0x20000668                _usbh_qdef
 .data._usbh_controller
                0x20000684        0x1 CMakeFiles/pico_gamepad_host.dir/G_/PowerA_Controller_Project/pico-sdk/lib/tinyusb/src/host/usbh.c.obj
                0x20000688                        . = ALIGN (0x4)
 *fill*         0x20000685        0x3 
 *(.after_data.*)
                0x20000688                        . = ALIGN (0x4)
                0x20000688                        PROVIDE (__mutex_array_start = .)
 *(SORT_BY_NAME(.mutex_array.*))
 *(.mutex_array)
 .mutex_array   0x20000688        0x8 CMakeFiles/pico_gamepad_host.dir/G_/PowerA_Controller_Project/pico-sdk/src/rp2_common/pico_stdio/stdio.c.obj
                0x20000690                        PROVIDE (__mutex_array_end = .)
                0x20000690                        . = ALIGN (0x4)
 *(.jcr)
                0x20000690                        . = ALIGN (0x4)

.tm_clone_table
                0x20000690        0x0 load address 0x100096e8
 .tm_clone_table
                0x20000690        0x0 C:/PROGRA~2/ARMGNU~1/14EFD8~1.2RE/bin/../lib/gcc/arm-none-eabi/14.2.1/thumb/v6-m/nofp/crtbegin.o
 .tm_clone_table
                0x20000690        0x0 C:/PROGRA~2/ARMGNU~1/14EFD8~1.2RE/bin/../lib/gcc/arm-none-eabi/14.2.1/thumb/v6-m/nofp/crtend.o

.igot.plt       0x20000690        0x0 load address 0x100096e8
 .igot.plt      0x20000690        0x0 C:/PROGRA~2/ARMGNU~1/14EFD8~1.2RE/bin/../lib/gcc/arm-none-eabi/14.2.1/thumb/v6-m/nofp/crtbegin.o

.tdata          0x20000690        0x0 load address 0x100096e8
                0x20000690                        . = ALIGN (0x4)
 *(.tdata .tdata.* .gnu.linkonce.td.*)
                0x20000690                        __tdata_end = .
                0x20000690                        PROVIDE (__data_end__ = .)
                0x10009118                        __etext = LOADADDR (.data)

.tbss           0x20000690        0x0 load address 0x100096e8
                0x20000690                        . = ALIGN (0x4)
                0x20000690                        __bss_start__ = .
                0x20000690                        __tls_base = .
 *(.tbss .tbss.* .gnu.linkonce.tb.*)
 *(.tcommon)
                0x20000690                        __tls_end = .

.bss            0x20000690      0xcf4 load address 0x100096e8
                0x20000690                        . = ALIGN (0x4)
                0x20000690                        __tbss_end = .
 *(SORT_BY_ALIGNMENT(SORT_BY_NAME(.bss*)))
 .bss.default_alarm_pool_entries
                0x20000690      0x180 CMakeFiles/pico_gamepad_host.dir/G_/PowerA_Controller_Project/pico-sdk/src/common/pico_time/time.c.obj
 .bss.sd_table  0x20000810      0x100 CMakeFiles/pico_gamepad_host.dir/G_/PowerA_Controller_Project/pico-sdk/src/rp2_common/pico_double/double_init_rom_rp2040.c.obj
                0x20000810                sd_table
 .bss.sf_table  0x20000910      0x100 CMakeFiles/pico_gamepad_host.dir/G_/PowerA_Controller_Project/pico-sdk/src/rp2_common/pico_float/float_init_rom_rp2040.c.obj
                0x20000910                sf_table
 .bss._app_driver
                0x20000a10        0x4 CMakeFiles/pico_gamepad_host.dir/G_/PowerA_Controller_Project/pico-sdk/lib/tinyusb/src/host/usbh.c.obj
 .bss._ctrl_xfer
                0x20000a14       0x10 CMakeFiles/pico_gamepad_host.dir/G_/PowerA_Controller_Project/pico-sdk/lib/tinyusb/src/host/usbh.c.obj
 .bss._dev0     0x20000a24        0x4 CMakeFiles/pico_gamepad_host.dir/G_/PowerA_Controller_Project/pico-sdk/lib/tinyusb/src/host/usbh.c.obj
 .bss._usbh_devices
                0x20000a28       0x56 CMakeFiles/pico_gamepad_host.dir/G_/PowerA_Controller_Project/pico-sdk/lib/tinyusb/src/host/usbh.c.obj
 *fill*         0x20000a7e        0x2 
 .bss._usbh_epbuf
                0x20000a80      0x208 CMakeFiles/pico_gamepad_host.dir/G_/PowerA_Controller_Project/pico-sdk/lib/tinyusb/src/host/usbh.c.obj
 .bss._usbh_mutex
                0x20000c88        0x4 CMakeFiles/pico_gamepad_host.dir/G_/PowerA_Controller_Project/pico-sdk/lib/tinyusb/src/host/usbh.c.obj
 .bss._usbh_mutexdef
                0x20000c8c        0x8 CMakeFiles/pico_gamepad_host.dir/G_/PowerA_Controller_Project/pico-sdk/lib/tinyusb/src/host/usbh.c.obj
 .bss._usbh_q   0x20000c94        0x4 CMakeFiles/pico_gamepad_host.dir/G_/PowerA_Controller_Project/pico-sdk/lib/tinyusb/src/host/usbh.c.obj
 .bss._usbh_qdef_buf
                0x20000c98       0xc0 CMakeFiles/pico_gamepad_host.dir/G_/PowerA_Controller_Project/pico-sdk/lib/tinyusb/src/host/usbh.c.obj
                0x20000c98                _usbh_qdef_buf
 .bss._xinputh_dev
                0x20000d58      0x284 CMakeFiles/pico_gamepad_host.dir/lib/tusb_xinput/xinput_host.c.obj
 .bss.boot2_copyout
                0x20000fdc      0x100 CMakeFiles/pico_gamepad_host.dir/G_/PowerA_Controller_Project/pico-sdk/src/rp2_common/hardware_flash/flash.c.obj
 .bss.chars_available_callback
                0x200010dc        0x4 CMakeFiles/pico_gamepad_host.dir/G_/PowerA_Controller_Project/pico-sdk/src/rp2_common/pico_stdio_uart/stdio_uart.c.obj
 .bss.chars_available_param
                0x200010e0        0x4 CMakeFiles/pico_gamepad_host.dir/G_/PowerA_Controller_Project/pico-sdk/src/rp2_common/pico_stdio_uart/stdio_uart.c.obj
 .bss.claimed   0x200010e4        0x4 CMakeFiles/pico_gamepad_host.dir/G_/PowerA_Controller_Project/pico-sdk/src/rp2_common/hardware_sync/sync.c.obj
 .bss.claimed   0x200010e8        0x1 CMakeFiles/pico_gamepad_host.dir/G_/PowerA_Controller_Project/pico-sdk/src/rp2_common/hardware_timer/timer.c.obj
 *fill*         0x200010e9        0x3 
 .bss.configured_freq
                0x200010ec       0x28 CMakeFiles/pico_gamepad_host.dir/G_/PowerA_Controller_Project/pico-sdk/src/rp2_common/hardware_clocks/clocks.c.obj
 .bss.drivers   0x20001114        0x4 CMakeFiles/pico_gamepad_host.dir/G_/PowerA_Controller_Project/pico-sdk/src/rp2_common/pico_stdio/stdio.c.obj
 .bss.ep_pool   0x20001118      0x200 CMakeFiles/pico_gamepad_host.dir/G_/PowerA_Controller_Project/pico-sdk/lib/tinyusb/src/portable/raspberrypi/rp2040/hcd_rp2040.c.obj
 .bss.filter    0x20001318        0x4 CMakeFiles/pico_gamepad_host.dir/G_/PowerA_Controller_Project/pico-sdk/src/rp2_common/pico_stdio/stdio.c.obj
 .bss.last_led_toggle
                0x2000131c        0x4 CMakeFiles/pico_gamepad_host.dir/main.c.obj
 .bss.last_pad  0x20001320        0xc CMakeFiles/pico_gamepad_host.dir/main.c.obj
 .bss.last_print.0
                0x2000132c        0x4 CMakeFiles/pico_gamepad_host.dir/main.c.obj
 .bss.last_tx_time
                0x20001330        0x4 CMakeFiles/pico_gamepad_host.dir/main.c.obj
 .bss.lazy_vsnprintf
                0x20001334        0x4 CMakeFiles/pico_gamepad_host.dir/G_/PowerA_Controller_Project/pico-sdk/src/rp2_common/pico_printf/printf.c.obj
 .bss.object.0  0x20001338       0x18 C:/PROGRA~2/ARMGNU~1/14EFD8~1.2RE/bin/../lib/gcc/arm-none-eabi/14.2.1/thumb/v6-m/nofp/crtbegin.o
 .bss.pools     0x20001350       0x10 CMakeFiles/pico_gamepad_host.dir/G_/PowerA_Controller_Project/pico-sdk/src/common/pico_time/time.c.obj
 .bss.retrieved_id
                0x20001360        0x8 CMakeFiles/pico_gamepad_host.dir/G_/PowerA_Controller_Project/pico-sdk/src/rp2_common/pico_unique_id/unique_id.c.obj
 .bss.sf_clz_func
                0x20001368        0x4 CMakeFiles/pico_gamepad_host.dir/G_/PowerA_Controller_Project/pico-sdk/src/rp2_common/pico_double/double_init_rom_rp2040.c.obj
                0x20001368                sf_clz_func
 .bss.sleep_notifier
                0x2000136c        0x4 CMakeFiles/pico_gamepad_host.dir/G_/PowerA_Controller_Project/pico-sdk/src/common/pico_time/time.c.obj
 .bss.uart_char_to_line_feed
                0x20001370        0x4 CMakeFiles/pico_gamepad_host.dir/G_/PowerA_Controller_Project/pico-sdk/src/rp2_common/hardware_uart/uart.c.obj
                0x20001370                uart_char_to_line_feed
 .bss.uart_inst
                0x20001374        0x4 CMakeFiles/pico_gamepad_host.dir/G_/PowerA_Controller_Project/pico-sdk/lib/tinyusb/hw/bsp/rp2040/family.c.obj
 .bss.uart_instance
                0x20001378        0x4 CMakeFiles/pico_gamepad_host.dir/G_/PowerA_Controller_Project/pico-sdk/src/rp2_common/pico_stdio_uart/stdio_uart.c.obj
 .bss._app_driver_count
                0x2000137c        0x1 CMakeFiles/pico_gamepad_host.dir/G_/PowerA_Controller_Project/pico-sdk/lib/tinyusb/src/host/usbh.c.obj
 .bss.boot2_copyout_valid
                0x2000137d        0x1 CMakeFiles/pico_gamepad_host.dir/G_/PowerA_Controller_Project/pico-sdk/src/rp2_common/hardware_flash/flash.c.obj
 .bss.controller_connected
                0x2000137e        0x1 CMakeFiles/pico_gamepad_host.dir/main.c.obj
 .bss.failed_count.0
                0x2000137f        0x1 CMakeFiles/pico_gamepad_host.dir/G_/PowerA_Controller_Project/pico-sdk/lib/tinyusb/src/host/usbh.c.obj
 .bss.irq_handler_chain_free_slot_head
                0x20001380        0x1 CMakeFiles/pico_gamepad_host.dir/G_/PowerA_Controller_Project/pico-sdk/src/rp2_common/hardware_irq/irq.c.obj
 .bss.led_state
                0x20001381        0x1 CMakeFiles/pico_gamepad_host.dir/main.c.obj
 *(COMMON)
                0x20001384                        . = ALIGN (0x4)
 *fill*         0x20001382        0x2 
                0x20001384                        __bss_end__ = .

.heap           0x20001384      0x800 load address 0x100096e8
                0x20001384                        __end__ = .
                0x20001384                        end = __end__
 *(.heap*)
 .heap          0x20001384      0x800 CMakeFiles/pico_gamepad_host.dir/G_/PowerA_Controller_Project/pico-sdk/src/rp2_common/pico_crt0/crt0.S.obj
                0x20040000                        __HeapLimit = (ORIGIN (RAM) + LENGTH (RAM))

.scratch_x      0x20040000        0x0 load address 0x100096e8
                0x20040000                        __scratch_x_start__ = .
 *(.scratch_x.*)
                0x20040000                        . = ALIGN (0x4)
                0x20040000                        __scratch_x_end__ = .
                0x100096e8                        __scratch_x_source__ = LOADADDR (.scratch_x)

.scratch_y      0x20041000        0x0 load address 0x100096e8
                0x20041000                        __scratch_y_start__ = .
 *(.scratch_y.*)
                0x20041000                        . = ALIGN (0x4)
                0x20041000                        __scratch_y_end__ = .
                0x100096e8                        __scratch_y_source__ = LOADADDR (.scratch_y)

.stack1_dummy
 *(.stack1*)

.stack_dummy    0x20041000      0x800
 *(.stack*)
 .stack         0x20041000      0x800 CMakeFiles/pico_gamepad_host.dir/G_/PowerA_Controller_Project/pico-sdk/src/rp2_common/pico_crt0/crt0.S.obj

.rel.dyn        0x20041800        0x0
 .rel.iplt      0x20041800        0x0 C:/PROGRA~2/ARMGNU~1/14EFD8~1.2RE/bin/../lib/gcc/arm-none-eabi/14.2.1/thumb/v6-m/nofp/crtbegin.o

.flash_end      0x100096e8        0x0
 *(.embedded_end_block*)
                0x100096e8                        PROVIDE (__flash_binary_end = .)
                0x20040000                        __StackLimit = (ORIGIN (RAM) + LENGTH (RAM))
                0x20041000                        __StackOneTop = (ORIGIN (SCRATCH_X) + LENGTH (SCRATCH_X))
                0x20042000                        __StackTop = (ORIGIN (SCRATCH_Y) + LENGTH (SCRATCH_Y))
                0x20041000                        __StackOneBottom = (__StackOneTop - SIZEOF (.stack1_dummy))
                0x20041800                        __StackBottom = (__StackTop - SIZEOF (.stack_dummy))
                0x20042000                        PROVIDE (__stack = __StackTop)
                [!provide]                        PROVIDE (__heap_start = __end__)
                [!provide]                        PROVIDE (__heap_end = __HeapLimit)
                [!provide]                        PROVIDE (__tls_align = MAX (ALIGNOF (.tdata), ALIGNOF (.tbss)))
                [!provide]                        PROVIDE (__tls_size_align = (((__tls_size + __tls_align) - 0x1) & ~ ((__tls_align - 0x1))))
                [!provide]                        PROVIDE (__arm32_tls_tcb_offset = MAX (0x8, __tls_align))
                [!provide]                        PROVIDE (_end = __end__)
                [!provide]                        PROVIDE (__llvm_libc_heap_limit = __HeapLimit)
                0x00000001                        ASSERT ((__StackLimit >= __HeapLimit), region RAM overflowed)
                0x00000001                        ASSERT (((__binary_info_header_end - __logical_binary_start) <= 0x100), Binary info must be in first 256 bytes of the binary)
LOAD CMakeFiles/pico_gamepad_host.dir/main.c.obj
LOAD CMakeFiles/pico_gamepad_host.dir/G_/PowerA_Controller_Project/pico-sdk/src/rp2_common/pico_stdlib/stdlib.c.obj
LOAD CMakeFiles/pico_gamepad_host.dir/G_/PowerA_Controller_Project/pico-sdk/src/rp2_common/hardware_gpio/gpio.c.obj
LOAD CMakeFiles/pico_gamepad_host.dir/G_/PowerA_Controller_Project/pico-sdk/src/rp2040/pico_platform/platform.c.obj
LOAD CMakeFiles/pico_gamepad_host.dir/G_/PowerA_Controller_Project/pico-sdk/src/rp2_common/pico_platform_common/common.c.obj
LOAD CMakeFiles/pico_gamepad_host.dir/G_/PowerA_Controller_Project/pico-sdk/src/rp2_common/pico_platform_panic/panic.c.obj
LOAD CMakeFiles/pico_gamepad_host.dir/G_/PowerA_Controller_Project/pico-sdk/src/common/hardware_claim/claim.c.obj
LOAD CMakeFiles/pico_gamepad_host.dir/G_/PowerA_Controller_Project/pico-sdk/src/rp2_common/hardware_sync/sync.c.obj
LOAD CMakeFiles/pico_gamepad_host.dir/G_/PowerA_Controller_Project/pico-sdk/src/rp2_common/hardware_sync_spin_lock/sync_spin_lock.c.obj
LOAD CMakeFiles/pico_gamepad_host.dir/G_/PowerA_Controller_Project/pico-sdk/src/rp2_common/hardware_irq/irq.c.obj
LOAD CMakeFiles/pico_gamepad_host.dir/G_/PowerA_Controller_Project/pico-sdk/src/rp2_common/hardware_irq/irq_handler_chain.S.obj
LOAD CMakeFiles/pico_gamepad_host.dir/G_/PowerA_Controller_Project/pico-sdk/src/common/pico_sync/sem.c.obj
LOAD CMakeFiles/pico_gamepad_host.dir/G_/PowerA_Controller_Project/pico-sdk/src/common/pico_sync/lock_core.c.obj
LOAD CMakeFiles/pico_gamepad_host.dir/G_/PowerA_Controller_Project/pico-sdk/src/common/pico_sync/mutex.c.obj
LOAD CMakeFiles/pico_gamepad_host.dir/G_/PowerA_Controller_Project/pico-sdk/src/common/pico_sync/critical_section.c.obj
LOAD CMakeFiles/pico_gamepad_host.dir/G_/PowerA_Controller_Project/pico-sdk/src/common/pico_time/time.c.obj
LOAD CMakeFiles/pico_gamepad_host.dir/G_/PowerA_Controller_Project/pico-sdk/src/common/pico_time/timeout_helper.c.obj
LOAD CMakeFiles/pico_gamepad_host.dir/G_/PowerA_Controller_Project/pico-sdk/src/rp2_common/hardware_timer/timer.c.obj
LOAD CMakeFiles/pico_gamepad_host.dir/G_/PowerA_Controller_Project/pico-sdk/src/common/pico_util/datetime.c.obj
LOAD CMakeFiles/pico_gamepad_host.dir/G_/PowerA_Controller_Project/pico-sdk/src/common/pico_util/pheap.c.obj
LOAD CMakeFiles/pico_gamepad_host.dir/G_/PowerA_Controller_Project/pico-sdk/src/common/pico_util/queue.c.obj
LOAD CMakeFiles/pico_gamepad_host.dir/G_/PowerA_Controller_Project/pico-sdk/src/rp2_common/hardware_uart/uart.c.obj
LOAD CMakeFiles/pico_gamepad_host.dir/G_/PowerA_Controller_Project/pico-sdk/src/rp2_common/hardware_clocks/clocks.c.obj
LOAD CMakeFiles/pico_gamepad_host.dir/G_/PowerA_Controller_Project/pico-sdk/src/rp2_common/hardware_pll/pll.c.obj
LOAD CMakeFiles/pico_gamepad_host.dir/G_/PowerA_Controller_Project/pico-sdk/src/rp2_common/hardware_vreg/vreg.c.obj
LOAD CMakeFiles/pico_gamepad_host.dir/G_/PowerA_Controller_Project/pico-sdk/src/rp2_common/hardware_watchdog/watchdog.c.obj
LOAD CMakeFiles/pico_gamepad_host.dir/G_/PowerA_Controller_Project/pico-sdk/src/rp2_common/hardware_ticks/ticks.c.obj
LOAD CMakeFiles/pico_gamepad_host.dir/G_/PowerA_Controller_Project/pico-sdk/src/rp2_common/pico_bootrom/bootrom.c.obj
LOAD CMakeFiles/pico_gamepad_host.dir/G_/PowerA_Controller_Project/pico-sdk/src/rp2_common/pico_bootrom/bootrom_lock.c.obj
LOAD CMakeFiles/pico_gamepad_host.dir/G_/PowerA_Controller_Project/pico-sdk/src/rp2_common/hardware_boot_lock/boot_lock.c.obj
LOAD CMakeFiles/pico_gamepad_host.dir/G_/PowerA_Controller_Project/pico-sdk/src/rp2_common/pico_flash/flash.c.obj
LOAD CMakeFiles/pico_gamepad_host.dir/G_/PowerA_Controller_Project/pico-sdk/src/rp2_common/hardware_xosc/xosc.c.obj
LOAD CMakeFiles/pico_gamepad_host.dir/G_/PowerA_Controller_Project/pico-sdk/src/rp2_common/hardware_divider/divider.S.obj
LOAD CMakeFiles/pico_gamepad_host.dir/G_/PowerA_Controller_Project/pico-sdk/src/rp2_common/pico_runtime/runtime.c.obj
LOAD CMakeFiles/pico_gamepad_host.dir/G_/PowerA_Controller_Project/pico-sdk/src/rp2_common/pico_runtime_init/runtime_init.c.obj
LOAD CMakeFiles/pico_gamepad_host.dir/G_/PowerA_Controller_Project/pico-sdk/src/rp2_common/pico_runtime_init/runtime_init_clocks.c.obj
LOAD CMakeFiles/pico_gamepad_host.dir/G_/PowerA_Controller_Project/pico-sdk/src/rp2_common/pico_runtime_init/runtime_init_stack_guard.c.obj
LOAD CMakeFiles/pico_gamepad_host.dir/G_/PowerA_Controller_Project/pico-sdk/src/rp2_common/pico_bit_ops/bit_ops_aeabi.S.obj
LOAD CMakeFiles/pico_gamepad_host.dir/G_/PowerA_Controller_Project/pico-sdk/src/rp2_common/pico_divider/divider_hardware.S.obj
LOAD CMakeFiles/pico_gamepad_host.dir/G_/PowerA_Controller_Project/pico-sdk/src/rp2_common/pico_double/double_aeabi_rp2040.S.obj
LOAD CMakeFiles/pico_gamepad_host.dir/G_/PowerA_Controller_Project/pico-sdk/src/rp2_common/pico_double/double_init_rom_rp2040.c.obj
LOAD CMakeFiles/pico_gamepad_host.dir/G_/PowerA_Controller_Project/pico-sdk/src/rp2_common/pico_double/double_math.c.obj
LOAD CMakeFiles/pico_gamepad_host.dir/G_/PowerA_Controller_Project/pico-sdk/src/rp2_common/pico_double/double_v1_rom_shim_rp2040.S.obj
LOAD CMakeFiles/pico_gamepad_host.dir/G_/PowerA_Controller_Project/pico-sdk/src/rp2_common/pico_int64_ops/pico_int64_ops_aeabi.S.obj
LOAD CMakeFiles/pico_gamepad_host.dir/G_/PowerA_Controller_Project/pico-sdk/src/rp2_common/pico_float/float_aeabi_rp2040.S.obj
LOAD CMakeFiles/pico_gamepad_host.dir/G_/PowerA_Controller_Project/pico-sdk/src/rp2_common/pico_float/float_init_rom_rp2040.c.obj
LOAD CMakeFiles/pico_gamepad_host.dir/G_/PowerA_Controller_Project/pico-sdk/src/rp2_common/pico_float/float_math.c.obj
LOAD CMakeFiles/pico_gamepad_host.dir/G_/PowerA_Controller_Project/pico-sdk/src/rp2_common/pico_float/float_v1_rom_shim_rp2040.S.obj
LOAD CMakeFiles/pico_gamepad_host.dir/G_/PowerA_Controller_Project/pico-sdk/src/rp2_common/pico_malloc/malloc.c.obj
LOAD CMakeFiles/pico_gamepad_host.dir/G_/PowerA_Controller_Project/pico-sdk/src/rp2_common/pico_mem_ops/mem_ops_aeabi.S.obj
LOAD CMakeFiles/pico_gamepad_host.dir/G_/PowerA_Controller_Project/pico-sdk/src/rp2_common/pico_atomic/atomic.c.obj
LOAD CMakeFiles/pico_gamepad_host.dir/G_/PowerA_Controller_Project/pico-sdk/src/rp2_common/pico_cxx_options/new_delete.cpp.obj
LOAD CMakeFiles/pico_gamepad_host.dir/G_/PowerA_Controller_Project/pico-sdk/src/rp2_common/pico_standard_binary_info/standard_binary_info.c.obj
LOAD CMakeFiles/pico_gamepad_host.dir/G_/PowerA_Controller_Project/pico-sdk/src/rp2_common/pico_printf/printf.c.obj
LOAD CMakeFiles/pico_gamepad_host.dir/G_/PowerA_Controller_Project/pico-sdk/src/rp2_common/pico_crt0/crt0.S.obj
LOAD CMakeFiles/pico_gamepad_host.dir/G_/PowerA_Controller_Project/pico-sdk/src/rp2_common/pico_clib_interface/newlib_interface.c.obj
LOAD CMakeFiles/pico_gamepad_host.dir/G_/PowerA_Controller_Project/pico-sdk/src/rp2_common/pico_stdio/stdio.c.obj
LOAD CMakeFiles/pico_gamepad_host.dir/G_/PowerA_Controller_Project/pico-sdk/src/rp2_common/pico_stdio_uart/stdio_uart.c.obj
LOAD CMakeFiles/pico_gamepad_host.dir/G_/PowerA_Controller_Project/pico-sdk/src/rp2_common/hardware_spi/spi.c.obj
LOAD CMakeFiles/pico_gamepad_host.dir/G_/PowerA_Controller_Project/pico-sdk/lib/tinyusb/src/portable/raspberrypi/rp2040/hcd_rp2040.c.obj
LOAD CMakeFiles/pico_gamepad_host.dir/G_/PowerA_Controller_Project/pico-sdk/lib/tinyusb/src/portable/raspberrypi/rp2040/rp2040_usb.c.obj
LOAD CMakeFiles/pico_gamepad_host.dir/G_/PowerA_Controller_Project/pico-sdk/lib/tinyusb/src/host/usbh.c.obj
LOAD CMakeFiles/pico_gamepad_host.dir/G_/PowerA_Controller_Project/pico-sdk/lib/tinyusb/src/host/hub.c.obj
LOAD CMakeFiles/pico_gamepad_host.dir/G_/PowerA_Controller_Project/pico-sdk/lib/tinyusb/src/class/cdc/cdc_host.c.obj
LOAD CMakeFiles/pico_gamepad_host.dir/G_/PowerA_Controller_Project/pico-sdk/lib/tinyusb/src/class/hid/hid_host.c.obj
LOAD CMakeFiles/pico_gamepad_host.dir/G_/PowerA_Controller_Project/pico-sdk/lib/tinyusb/src/class/msc/msc_host.c.obj
LOAD CMakeFiles/pico_gamepad_host.dir/G_/PowerA_Controller_Project/pico-sdk/lib/tinyusb/src/class/vendor/vendor_host.c.obj
LOAD CMakeFiles/pico_gamepad_host.dir/G_/PowerA_Controller_Project/pico-sdk/lib/tinyusb/src/tusb.c.obj
LOAD CMakeFiles/pico_gamepad_host.dir/G_/PowerA_Controller_Project/pico-sdk/lib/tinyusb/src/common/tusb_fifo.c.obj
LOAD CMakeFiles/pico_gamepad_host.dir/G_/PowerA_Controller_Project/pico-sdk/lib/tinyusb/hw/bsp/rp2040/family.c.obj
LOAD CMakeFiles/pico_gamepad_host.dir/G_/PowerA_Controller_Project/pico-sdk/src/rp2_common/pico_unique_id/unique_id.c.obj
LOAD CMakeFiles/pico_gamepad_host.dir/G_/PowerA_Controller_Project/pico-sdk/src/rp2_common/hardware_flash/flash.c.obj
LOAD CMakeFiles/pico_gamepad_host.dir/G_/PowerA_Controller_Project/pico-sdk/src/rp2_common/hardware_xip_cache/xip_cache.c.obj
LOAD CMakeFiles/pico_gamepad_host.dir/lib/tusb_xinput/xinput_host.c.obj
LOAD pico-sdk/src/rp2040/boot_stage2/CMakeFiles/bs2_default_library.dir/./bs2_default_padded_checksummed.S.obj
LOAD C:/PROGRA~2/ARMGNU~1/14EFD8~1.2RE/bin/../lib/gcc/arm-none-eabi/14.2.1/thumb/v6-m/nofp\libstdc++.a
LOAD C:/PROGRA~2/ARMGNU~1/14EFD8~1.2RE/bin/../lib/gcc/arm-none-eabi/14.2.1/thumb/v6-m/nofp\libm.a
START GROUP
LOAD C:/PROGRA~2/ARMGNU~1/14EFD8~1.2RE/bin/../lib/gcc/arm-none-eabi/14.2.1/thumb/v6-m/nofp\libgcc.a
LOAD C:/PROGRA~2/ARMGNU~1/14EFD8~1.2RE/bin/../lib/gcc/arm-none-eabi/14.2.1/thumb/v6-m/nofp\libg.a
LOAD C:/PROGRA~2/ARMGNU~1/14EFD8~1.2RE/bin/../lib/gcc/arm-none-eabi/14.2.1/thumb/v6-m/nofp\libc.a
END GROUP
START GROUP
LOAD C:/PROGRA~2/ARMGNU~1/14EFD8~1.2RE/bin/../lib/gcc/arm-none-eabi/14.2.1/thumb/v6-m/nofp\libgcc.a
LOAD C:/PROGRA~2/ARMGNU~1/14EFD8~1.2RE/bin/../lib/gcc/arm-none-eabi/14.2.1/thumb/v6-m/nofp\libc.a
LOAD C:/PROGRA~2/ARMGNU~1/14EFD8~1.2RE/bin/../lib/gcc/arm-none-eabi/14.2.1/thumb/v6-m/nofp\libnosys.a
END GROUP
LOAD C:/PROGRA~2/ARMGNU~1/14EFD8~1.2RE/bin/../lib/gcc/arm-none-eabi/14.2.1/thumb/v6-m/nofp/crtend.o
LOAD C:/PROGRA~2/ARMGNU~1/14EFD8~1.2RE/bin/../lib/gcc/arm-none-eabi/14.2.1/thumb/v6-m/nofp/crtn.o
OUTPUT(pico_gamepad_host.elf elf32-littlearm)
LOAD linker stubs

.ARM.attributes
                0x00000000       0x28
 .ARM.attributes
                0x00000000       0x1e C:/PROGRA~2/ARMGNU~1/14EFD8~1.2RE/bin/../lib/gcc/arm-none-eabi/14.2.1/thumb/v6-m/nofp/crti.o
 .ARM.attributes
                0x0000001e       0x2c C:/PROGRA~2/ARMGNU~1/14EFD8~1.2RE/bin/../lib/gcc/arm-none-eabi/14.2.1/thumb/v6-m/nofp/crtbegin.o
 .ARM.attributes
                0x0000004a       0x2c CMakeFiles/pico_gamepad_host.dir/main.c.obj
 .ARM.attributes
                0x00000076       0x2c CMakeFiles/pico_gamepad_host.dir/G_/PowerA_Controller_Project/pico-sdk/src/rp2_common/hardware_gpio/gpio.c.obj
 .ARM.attributes
                0x000000a2       0x2c CMakeFiles/pico_gamepad_host.dir/G_/PowerA_Controller_Project/pico-sdk/src/rp2_common/pico_platform_panic/panic.c.obj
 .ARM.attributes
                0x000000ce       0x2c CMakeFiles/pico_gamepad_host.dir/G_/PowerA_Controller_Project/pico-sdk/src/common/hardware_claim/claim.c.obj
 .ARM.attributes
                0x000000fa       0x2c CMakeFiles/pico_gamepad_host.dir/G_/PowerA_Controller_Project/pico-sdk/src/rp2_common/hardware_sync/sync.c.obj
 .ARM.attributes
                0x00000126       0x2c CMakeFiles/pico_gamepad_host.dir/G_/PowerA_Controller_Project/pico-sdk/src/rp2_common/hardware_sync_spin_lock/sync_spin_lock.c.obj
 .ARM.attributes
                0x00000152       0x2c CMakeFiles/pico_gamepad_host.dir/G_/PowerA_Controller_Project/pico-sdk/src/rp2_common/hardware_irq/irq.c.obj
 .ARM.attributes
                0x0000017e       0x22 CMakeFiles/pico_gamepad_host.dir/G_/PowerA_Controller_Project/pico-sdk/src/rp2_common/hardware_irq/irq_handler_chain.S.obj
 .ARM.attributes
                0x000001a0       0x2c CMakeFiles/pico_gamepad_host.dir/G_/PowerA_Controller_Project/pico-sdk/src/common/pico_sync/lock_core.c.obj
 .ARM.attributes
                0x000001cc       0x2c CMakeFiles/pico_gamepad_host.dir/G_/PowerA_Controller_Project/pico-sdk/src/common/pico_sync/mutex.c.obj
 .ARM.attributes
                0x000001f8       0x2c CMakeFiles/pico_gamepad_host.dir/G_/PowerA_Controller_Project/pico-sdk/src/common/pico_sync/critical_section.c.obj
 .ARM.attributes
                0x00000224       0x2c CMakeFiles/pico_gamepad_host.dir/G_/PowerA_Controller_Project/pico-sdk/src/common/pico_time/time.c.obj
 .ARM.attributes
                0x00000250       0x2c CMakeFiles/pico_gamepad_host.dir/G_/PowerA_Controller_Project/pico-sdk/src/rp2_common/hardware_timer/timer.c.obj
 .ARM.attributes
                0x0000027c       0x2c CMakeFiles/pico_gamepad_host.dir/G_/PowerA_Controller_Project/pico-sdk/src/rp2_common/hardware_uart/uart.c.obj
 .ARM.attributes
                0x000002a8       0x2c CMakeFiles/pico_gamepad_host.dir/G_/PowerA_Controller_Project/pico-sdk/src/rp2_common/hardware_clocks/clocks.c.obj
 .ARM.attributes